mads 2.1.1
  1133 					opt l+
    98 = 0000				?EXTDETECT = 0
    99 = 0000				?VBXDETECT = 0
   100
   101 2075				RCASM 'res/gr_dl.asm' GLOBALS.DL_2 0 0 0 0 0 0 0 0
Macro: RESOURCE.RCASM [Source: resource.asm]
     2 2075				org RESORIGIN
     4 = 001A			len = .sizeof(_GLOBALS.DL_2)
     6 				mcpy	ift main.GLOBALS.DL_2+len >= $bc20
    11 2075 20 41 20			jsr sys.off
    13 2078 A9 96 85 88 A9 20 +  MWA #DATA EDX
    13 2080 A9 00 85 8C A9 11 +  MWA #MAIN.GLOBALS.DL_2 ECX
    13 2088 A9 1A 85 84 A9 00 +  MWA #LEN EAX
    13 2090 20 00 20		 JSR RESOURCE.MEMCPY
    15 2093 4C 65 20			jmp sys.on
    16 2096			data
Source: const.inc
     1 = 1000			PM_ADR              = $1000;                      // players & missiles memory (2K) start address
     2 = 1300			M0_ADR              = PM_ADR + $300;              // missile 0 start memory address
     3 = 1400			P0_ADR              = PM_ADR + $400;              // player 0 start memory address
     4 = 1500			P1_ADR              = PM_ADR + $500;              // player 1 start memory address
     5 = 1000			GFX_SHIP_ADR        = $1000;                      // ship gfx memory start address, ship size = 20 bytes, 16 bytes for gfx and 4 bytes fo top/bottom empty rows
     6 = 000C			GFX_SHIP_SEG        = 12;                         // ship gfx 10 byte segment, 10B for P0 & 10B for P1
     8 = 0E0E			SHIP_COL            = $0e0e;
     9 = 0030			SHIP_LEFT_LIMIT     = 48;
    10 = 00C0			SHIP_RIGHT_LIMIT    = SHIP_LEFT_LIMIT + (16 * 9);
    11 = 0020			SHIP_TOP_LIMIT      = 32;
    12 = 00A0			SHIP_BOTTOM_LIMIT   = 10 * 16;
    14 = 0008			JOY_LEFT            = %1000;
    15 = 0004			JOY_RIGHT           = %0100;
    16 = 0002			JOY_UP              = %0010;
    17 = 0001			JOY_DOWN            = %0001;
    19 = 1100			DL_2                = $1100;                      // display list memory start address for ANTIC mode 2
    20 = E000			GAME_LMS            = $e000;                      // Load Memory Scan address
     3 1100			dl2
     4 1100 F0 70 F0		    .byte $f0,$70,$f0
     5 1103 42 00 E0		    .byte $42,a(GAME_LMS)
     6 1106 02 02 02 02 02 02 + :17 .byte 2
     7 1117 41 00 11		    .byte $41,a(dl2)
    23 					.print '$R RCASM   ',main.GLOBALS.DL_2,'..',main.GLOBALS.DL_2+len-1," 'res/gr_dl.asm'"
    23 				$R RCASM   $1100..$1119 'res/gr_dl.asm'
    25 02E2-02E3> 75 20			ini mcpy
Source: main.a65
   102 20B0				RCDATA 'res/gfx_ship.bin' GLOBALS.GFX_SHIP_ADR 0 0 0 0 0 0 0 0
Macro: RESOURCE.RCDATA [Source: resource.asm]
     2 = 0018			len = .filesize('res/gfx_ship.bin')
    28 20B0				org main.GLOBALS.GFX_SHIP_ADR
    30 1000-1017> 00 00 70 7B + 	ins 'res/gfx_ship.bin'
    32 					.print '$R RCDATA  ',main.GLOBALS.GFX_SHIP_ADR,'..',*-1," 'res/gfx_ship.bin'"
    32 				$R RCDATA  $1000..$1017 'res/gfx_ship.bin'
Source: main.a65
   103 				.endl
   104
   105 				; ------------------------------------------------------------
   106
   107 1018				org CODEORIGIN
   108
   109 2000				STATICDATA
Macro: STATICDATA [Source: main.a65]
Source: main.a65
   110
   111 				; ------------------------------------------------------------
   112
   113 2000			RTLIB
   114 2000				icl 'rtl6502_a8.asm'
Source: rtl6502_a8.asm
   166 					opt l+
   115
   116 				.print 'ZPAGE: ',fxptr,'..',zpend-1
   116 				ZPAGE: $0080..$00D7
   117
   118 				.print 'RTLIB: ',RTLIB,'..',*-1
   118 				RTLIB: $2000..$20C7
   119
   120 				; ------------------------------------------------------------
   121
   122 20C8			START
   123 20C8 BA				tsx
   124 20C9 8E E5 23			stx MAIN.@halt+1
   125
   126 					.ifdef fmulinit
   127 					fmulinit
   128 					eif
   129
   130 = 000E			VLEN	= VARDATASIZE-VARINITSIZE
   131 = 2406			VADR	= DATAORIGIN+VARINITSIZE
   132
   133 					ift VADR > $BFFF
   134 					ert 'Invalid memory address range ',VADR
   135 					eli (VLEN>0) && (VLEN<=256)
   136 20CC A2 F2			ldx #256-VLEN
   137 20CE A9 00			lda #$00
   138 20D0 9D 14 23 E8 D0 FA		sta:rne VADR+VLEN-256,x+
   139 					eli VLEN>0
   140 					@fill #VADR #VLEN #$00
   141 					eif
   142
   143 20D6 A9 14 85 82 A9 24 + 	mwa #PROGRAMSTACK psptr
   144
   145 					.ifdef MAIN.@DEFINES.ROMOFF
   146 					icl 'atari\romoff.asm'
   147 					.endif
   148
   149 20DE A2 0F			ldx #$0F					; DOS II+/D ParamStr
   150 20E0 BD 40 03 9D EA 23 + 	mva:rpl $340,x MAIN.IOCB@COPY,x-
   151
   152 20E9 E8				inx						; X = 0
   153 20EA 86 90			stx bp						; BP = 0
   154
   155 20EC 8E 08 D2			stx audctl					; reset POKEY
   156 20EF A9 03			lda #3
   157 20F1 8D 0F D2			sta skctl
   158
   159 20F4 CA				dex						; X = 255
   160
   161 20F5				UNITINITIALIZATION
Macro: UNITINITIALIZATION [Source: main.a65]
    11 20F5 20 A2 21			jsr MAIN.SYS.@UnitInit
    15 20F8 20 AE 21			jsr MAIN.GR.@UnitInit
    19 20FB 20 53 22			jsr MAIN.SPRITES.@UnitInit
    23 20FE 20 DB 22			jsr MAIN.JOY.@UnitInit
   162
   163 2101			.local	MAIN						; PROCEDURE
   164
   165 2101 4C DE 23			jmp l_0007
   166
   167 				; ------------------------------------------------------------
   168
   169 2104			.local	SYSTEM						; UNIT
   170
   171 2104			.local	FILLBYTE_0042					; PROCEDURE | ASSEMBLER | OVERLOAD | REGISTER
   172
   173 				; ------------------------------------------------------------
   174
   175 				; Generate Assignment for BYTE / CHAR / SHORTINT / BOOLEAN
   176 				; as Pointer
   177 2104 B5 98			lda :STACKORIGIN,x
   178 2106 85 84			sta VALUE
   179 2108 CA				dex
   180
   181 				; ------------------------------------------------------------
   182
   183 				; Generate Assignment for WORD / SMALLINT / SHORTREAL / POINTER
   184 				; as Pointer
   185 2109 B5 98			lda :STACKORIGIN,x
   186 210B 85 8C			sta COUNT
   187 210D B5 A8			lda :STACKORIGIN+STACKWIDTH,x
   188 210F 85 8D			sta COUNT+1
   189 2111 CA				dex
   190
   191 				; ------------------------------------------------------------
   192
   193 				; Generate Assignment for WORD / SMALLINT / SHORTREAL / POINTER
   194 				; as Pointer
   195 2112 B5 98			lda :STACKORIGIN,x
   196 2114 85 88			sta A
   197 2116 B5 A8			lda :STACKORIGIN+STACKWIDTH,x
   198 2118 85 89			sta A+1
   199 211A CA				dex
   200
   201 				; ---------------------  ASM Block 029  ---------------------
   202
   203 211B 20 80 20			jsr @fill
   204
   205
   206 				; ------------------------------------------------------------
   207
   208 = 0088			A	= edx
   209 = 008C			COUNT	= ecx
   210 = 0084			VALUE	= eax
   211 211E			@exit
   212 					.ifdef @new
   213 					lda <@VarData
   214 					sta :ztmp
   215 					lda >@VarData
   216 					ldy #@VarDataSize-1
   217 					jmp @FreeMem
   218 					els
   219 211E 60				rts						; ret
   220 					eif
   221 				.endl
   222
   223 211F			.local	MOVE_004C					; PROCEDURE | ASSEMBLER | OVERLOAD | REGISTER
   224
   225 				; ------------------------------------------------------------
   226
   227 				; Generate Assignment for WORD / SMALLINT / SHORTREAL / POINTER
   228 				; as Pointer
   229 211F B5 98			lda :STACKORIGIN,x
   230 2121 85 84			sta COUNT
   231 2123 B5 A8			lda :STACKORIGIN+STACKWIDTH,x
   232 2125 85 85			sta COUNT+1
   233 2127 CA				dex
   234
   235 				; ------------------------------------------------------------
   236
   237 				; Generate Assignment for WORD / SMALLINT / SHORTREAL / POINTER
   238 				; as Pointer
   239 2128 B5 98			lda :STACKORIGIN,x
   240 212A 85 8C			sta DEST
   241 212C B5 A8			lda :STACKORIGIN+STACKWIDTH,x
   242 212E 85 8D			sta DEST+1
   243 2130 CA				dex
   244
   245 				; ------------------------------------------------------------
   246
   247 				; Generate Assignment for WORD / SMALLINT / SHORTREAL / POINTER
   248 				; as Pointer
   249 2131 B5 98			lda :STACKORIGIN,x
   250 2133 85 88			sta SOURCE
   251 2135 B5 A8			lda :STACKORIGIN+STACKWIDTH,x
   252 2137 85 89			sta SOURCE+1
   253 2139 CA				dex
   254
   255 				; ---------------------  ASM Block 031  ---------------------
   256
   257 213A 20 2B 20			jsr @move
   258
   259
   260 				; ------------------------------------------------------------
   261
   262 = 0088			SOURCE	= edx
   263 = 008C			DEST	= ecx
   264 = 0084			COUNT	= eax
   265 213D			@exit
   266 					.ifdef @new
   267 					lda <@VarData
   268 					sta :ztmp
   269 					lda >@VarData
   270 					ldy #@VarDataSize-1
   271 					jmp @FreeMem
   272 					els
   273 213D 60				rts						; ret
   274 					eif
   275 				.endl
   276
   277 213E			.local	PAUSE_006A					; PROCEDURE | ASSEMBLER | OVERLOAD
   278
   279 				; ---------------------  ASM Block 039  ---------------------
   280
   281 213E A5 14 C5 14 F0 FC		lda:cmp:req :rtclok+2
   282
   283 2144			@exit
   284 					.ifdef @new
   285 					lda <@VarData
   286 					sta :ztmp
   287 					lda >@VarData
   288 					ldy #@VarDataSize-1
   289 					jmp @FreeMem
   290 					els
   291 2144 60				rts						; ret
   292 					eif
   293 				.endl
   294
   295 				; ------------------------------------------------------------
   296
   297 = 0101			__PORTB_BANKS	= $0101
   298 = 0648			M_PI_2	= $0648
   299 = 0192			D_PI_2	= $0192
   300 = 0004			D_PI_180	= $04
   301 = 0000			MGTIA	= $00
   302 = 0080			MVBXE	= $80
   303 = 0000			VBXE_XDLADR	= $00
   304 = 0100			VBXE_BCBADR	= $0100
   305 = 1000			VBXE_MAPADR	= $1000
   306 = 5000			VBXE_OVRADR	= $5000
   307 = B000			VBXE_WINDOW	= $B000
   308 = 0000			IDLI	= $00
   309 = 0001			IVBL	= $01
   310 = 00FE			CH_DELCHR	= $FE
   311 = 009B			CH_ENTER	= $9B
   312 = 001B			CH_ESC	= $1B
   313 = 001C			CH_CURS_UP	= $1C
   314 = 001D			CH_CURS_DOWN	= $1D
   315 = 001E			CH_CURS_LEFT	= $1E
   316 = 001F			CH_CURS_RIGHT	= $1F
   317 = 007F			CH_TAB	= $7F
   318 = 009B			CH_EOL	= $9B
   319 = 007D			CH_CLR	= $7D
   320 = 00FD			CH_BELL	= $FD
   321 = 007E			CH_DEL	= $7E
   322 = 009C			CH_DELLINE	= $9C
   323 = 009D			CH_INSLINE	= $9D
   324 = 0000			COLOR_BLACK	= $00
   325 = 000E			COLOR_WHITE	= $0E
   326 = 0032			COLOR_RED	= $32
   327 = 0096			COLOR_CYAN	= $96
   328 = 0068			COLOR_VIOLET	= $68
   329 = 00C4			COLOR_GREEN	= $C4
   330 = 0074			COLOR_BLUE	= $74
   331 = 00EE			COLOR_YELLOW	= $EE
   332 = 0028			COLOR_ORANGE	= $28
   333 = 00E4			COLOR_BROWN	= $E4
   334 = 003C			COLOR_LIGHTRED	= $3C
   335 = 0004			COLOR_GRAY1	= $04
   336 = 0006			COLOR_GRAY2	= $06
   337 = 000A			COLOR_GRAY3	= $0A
   338 = 00CC			COLOR_LIGHTGREEN	= $CC
   339 = 007C			COLOR_LIGHTBLUE	= $7C
   340 = 0004			FMOPENREAD	= $04
   341 = 0008			FMOPENWRITE	= $08
   342 = 0009			FMOPENAPPEND	= $09
   343 = 000C			FMOPENREADWRITE	= $0C
   344 = 2400			SCREENWIDTH	= DATAORIGIN+$0000
   345 = 2402			SCREENHEIGHT	= DATAORIGIN+$0002
   346 = 2404			DATESEPARATOR	= DATAORIGIN+$0004
   347 = D014			TVSYSTEM	= $D014
   348 = D20A			RND	= $D20A
   349 = 02C0			adr.PALETTE	= $02C0
   350 2145			.var PALETTE	= adr.PALETTE .word
   351 = D012			adr.HPALETTE	= $D012
   352 2145			.var HPALETTE	= adr.HPALETTE .word
   353 = 2405			FILEMODE	= DATAORIGIN+$0005
   354 = 2406			GRAPHMODE	= DATAORIGIN+$0006
   355 = 2407			IORESULT	= DATAORIGIN+$0007
   356 = 2408			EOLN	= DATAORIGIN+$0008
   357 = 2409			RNDSEED	= DATAORIGIN+$0009
   358
   359 = 2145 C0 02		PALETTE
   359 = 2147 12 D0		HPALETTE
   359 				.endl							; UNIT SYSTEM
   360
   361 				; ------------------------------------------------------------
   362
   363 2149			.local	GLOBALS						; UNIT
   364
   365 				; ------------------------------------------------------------
   366
   367 = 1000			PM_ADR	= $1000
   368 = 1300			M0_ADR	= $1300
   369 = 1400			P0_ADR	= $1400
   370 = 1500			P1_ADR	= $1500
   371 = 1000			GFX_SHIP_ADR	= $1000
   372 = 000C			GFX_SHIP_SEG	= $0C
   373 = 0E0E			SHIP_COL	= $0E0E
   374 = 0030			SHIP_LEFT_LIMIT	= $30
   375 = 00C0			SHIP_RIGHT_LIMIT	= $C0
   376 = 0020			SHIP_TOP_LIMIT	= $20
   377 = 00A0			SHIP_BOTTOM_LIMIT	= $A0
   378 = 0008			JOY_LEFT	= $08
   379 = 0004			JOY_RIGHT	= $04
   380 = 0002			JOY_UP	= $02
   381 = 0001			JOY_DOWN	= $01
   382 = 1100			DL_2	= $1100
   383 = E000			GAME_LMS	= $E000
   384 = 0014			RTCLOK	= $14
   385 = D000			HPOSP0	= $D000
   386 = D001			HPOSP1	= $D001
   387 = D004			HPOSM0	= $D004
   388 = D005			HPOSM1	= $D005
   389 = D006			HPOSM2	= $D006
   390 = D007			HPOSM3	= $D007
   391 = D008			SIZEP0	= $D008
   392 = D009			SIZEP1	= $D009
   393 = D00A			SIZEP2	= $D00A
   394 = D00B			SIZEP3	= $D00B
   395 = D00C			SIZEM	= $D00C
   396 = D011			GRAFM	= $D011
   397 = D012			COLPM0	= $D012
   398 = D013			COLPM1	= $D013
   399 = D014			COLPM2	= $D014
   400 = D015			COLPM3	= $D015
   401 = D017			COLPF1	= $D017
   402 = D018			COLPF2	= $D018
   403 = D01A			COLBK	= $D01A
   404 = D01B			PRIOR	= $D01B
   405 = D01D			GRACTL	= $D01D
   406 = D20A			RND	= $D20A
   407 = D300			PORTA	= $D300
   408 = D301			PORTB	= $D301
   409 = D302			PACTL	= $D302
   410 = D400			DMACTL	= $D400
   411 = D402			DLIST	= $D402
   412 = D407			PMBASE	= $D407
   413 = D40A			WSYNC	= $D40A
   414 = D40B			VCOUNT	= $D40B
   415 = D40E			NMIEN	= $D40E
   416 = FFFA			NMIVEC	= $FFFA
   417 = D000			HPOSP01	= $D000
   418 = D008			SIZEP01	= $D008
   419 = D012			COLPM01	= $D012
   420 = 00FF			BMASK1	= $FF
   421 = 00FE			BMASK2	= $FE
   422 = 00FD			B1I	= $FD
   423 = 00FC			B2I	= $FC
   424
   425 				.endl							; UNIT GLOBALS
   426
   427 				; ------------------------------------------------------------
   428
   429 2149			.local	SYS						; UNIT
   430
   431 2149			.local	NMI						; PROCEDURE | ASSEMBLER | INTERRUPT
   432
   433 				; ---------------------  ASM Block 049  ---------------------
   434
   435
   436 				      bit NMIST \ bpl vbi     ; check kind of interrupt
   436 2149 2C 0F D4		      BIT NMIST 
   436 214C 10 03		 BPL VBI     
   437 = 214E			.def  :__dlijmp
   438 214E 4C 56 21		      jmp __off               ; VDSLST
   439 2151 E6 14		vbi:  inc RTCLOK+2
   440 = 2153			.def  :__vbijmp
   441 2153 4C 56 21		      jmp __off               ; VBIVEC
   442 = 2156			.def  :__off
   443
   444 2156 40				rti						; ret
   445 				.endl
   446
   447 2157			.local	SETVBI						; PROCEDURE | ASSEMBLER
   448
   449 				; ------------------------------------------------------------
   450
   451 				; Generate Assignment for WORD / SMALLINT / SHORTREAL / POINTER
   452 				; as Pointer
   453 2157 B5 98			lda :STACKORIGIN,x
   454 2159 8D 0B 24			sta A
   455 215C B5 A8			lda :STACKORIGIN+STACKWIDTH,x
   456 215E 8D 0C 24			sta A+1
   457 2161 CA				dex
   458
   459 				; ---------------------  ASM Block 050  ---------------------
   460
   461
   462 2162 AD 0B 24 8D 54 21 +   mwa a __vbijmp+1
   463
   464
   465 				; ------------------------------------------------------------
   466
   467 = 240B			A	= DATAORIGIN+$000B
   468
   469 = 240B			@VarData	= A
   470 = 0002			@VarDataSize	= 2
   471
   472 216E			@exit
   473 					.ifdef @new
   474 					lda <@VarData
   475 					sta :ztmp
   476 					lda >@VarData
   477 					ldy #@VarDataSize-1
   478 					jmp @FreeMem
   479 					els
   480 216E 60				rts						; ret
   481 					eif
   482 				.endl
   483
   484 216F			.local	SETDLI						; PROCEDURE | ASSEMBLER
   485
   486 				; ------------------------------------------------------------
   487
   488 				; Generate Assignment for WORD / SMALLINT / SHORTREAL / POINTER
   489 				; as Pointer
   490 216F B5 98			lda :STACKORIGIN,x
   491 2171 8D 0D 24			sta A
   492 2174 B5 A8			lda :STACKORIGIN+STACKWIDTH,x
   493 2176 8D 0E 24			sta A+1
   494 2179 CA				dex
   495
   496 				; ---------------------  ASM Block 051  ---------------------
   497
   498
   499 217A AD 0D 24 8D 4F 21 +   mwa a __dlijmp+1
   500
   501
   502 				; ------------------------------------------------------------
   503
   504 = 240D			A	= DATAORIGIN+$000D
   505
   506 = 240D			@VarData	= A
   507 = 0002			@VarDataSize	= 2
   508
   509 2186			@exit
   510 					.ifdef @new
   511 					lda <@VarData
   512 					sta :ztmp
   513 					lda >@VarData
   514 					ldy #@VarDataSize-1
   515 					jmp @FreeMem
   516 					els
   517 2186 60				rts						; ret
   518 					eif
   519 				.endl
   520
   521 2187			.local	SYSTEMOFF					; PROCEDURE
   522
   523 				; ---------------------  ASM Block 054  ---------------------
   524
   525 2187 78			 sei 
   526
   527 				; optimize OK (SYS), line = 63
   528
   529 2188 A9 00			lda #$00
   530 218A 8D 0E D4			sta GLOBALS.NMIEN
   531 218D A9 FE			lda #$FE
   532 218F 8D 01 D3			sta GLOBALS.PORTB
   533 2192 A9 49			lda <NMI
   534 2194 8D FA FF			sta GLOBALS.NMIVEC
   535 2197 A9 21			lda >NMI
   536 2199 8D FB FF			sta GLOBALS.NMIVEC+1
   537 219C A9 C0			lda #$C0
   538 219E 8D 0E D4			sta GLOBALS.NMIEN
   539 21A1			@exit
   540 					.ifdef @new
   541 					lda <@VarData
   542 					sta :ztmp
   543 					lda >@VarData
   544 					ldy #@VarDataSize-1
   545 					jmp @FreeMem
   546 					els
   547 21A1 60				rts						; ret
   548 					eif
   549 				.endl
   550
   551 				; ------------------------------------------------------------
   552 				; ------------------------------------------------------------
   553 21A2			@UnitInit
   554
   555 21A2 60				rts
   556
   557 				; ------------------------------------------------------------
   558
   559 				.endl							; UNIT SYS
   560
   561 				; ------------------------------------------------------------
   562
   563 21A3			.local	GR						; UNIT
   564
   565 21A3			.local	MODE2						; PROCEDURE
   566
   567 				; optimize OK (GR), line = 17
   568
   569 21A3 A9 00			lda #$00
   570 21A5 8D 02 D4			sta GLOBALS.DLIST
   571 21A8 A9 11			lda #$11
   572 21AA 8D 03 D4			sta GLOBALS.DLIST+1
   573 21AD			@exit
   574 					.ifdef @new
   575 					lda <@VarData
   576 					sta :ztmp
   577 					lda >@VarData
   578 					ldy #@VarDataSize-1
   579 					jmp @FreeMem
   580 					els
   581 21AD 60				rts						; ret
   582 					eif
   583 				.endl
   584
   585 				; ------------------------------------------------------------
   586 				; ------------------------------------------------------------
   587 21AE			@UnitInit
   588
   589 21AE 60				rts
   590
   591 				; ------------------------------------------------------------
   592
   593 				.endl							; UNIT GR
   594
   595 				; ------------------------------------------------------------
   596
   597 21AF			.local	SPRITES						; UNIT
   598
   599 21AF			.local	COPYSHIP					; PROCEDURE
   600
   601 				; optimize OK (SPRITES), line = 24
   602
   603 21AF A5 02			lda BSHIPY
   604 21B1 85 8C			sta :ecx
   605 21B3 A9 14			lda #$14
   606 21B5 85 8D			sta :ecx+1
   607 21B7 A9 00			lda #$00
   608 21B9 85 88			sta :edx
   609 21BB A9 10			lda #$10
   610 21BD 85 89			sta :edx+1
   611 21BF A9 0C			lda #$0C
   612 21C1 85 84			sta :eax
   613 21C3 A9 00			lda #$00
   614 21C5 85 85			sta :eax+1
   615 21C7 20 2B 20			jsr @move
   616
   617 				; optimize OK (SPRITES), line = 25
   618
   619 21CA A5 02			lda BSHIPY
   620 21CC 85 8C			sta :ecx
   621 21CE A9 15			lda #$15
   622 21D0 85 8D			sta :ecx+1
   623 21D2 A9 0C			lda #$0C
   624 21D4 85 88			sta :edx
   625 21D6 A9 10			lda #$10
   626 21D8 85 89			sta :edx+1
   627 21DA A9 0C			lda #$0C
   628 21DC 85 84			sta :eax
   629 21DE A9 00			lda #$00
   630 21E0 85 85			sta :eax+1
   631 21E2 20 2B 20			jsr @move
   632 21E5			@exit
   633 					.ifdef @new
   634 					lda <@VarData
   635 					sta :ztmp
   636 					lda >@VarData
   637 					ldy #@VarDataSize-1
   638 					jmp @FreeMem
   639 					els
   640 21E5 60				rts						; ret
   641 					eif
   642 				.endl
   643
   644 21E6			.local	INIT						; PROCEDURE
   645
   646 				; optimize OK (SPRITES), line = 30
   647
   648 21E6				.LOCAL
   649 21E6 A0 00			ldy #$00
   650 21E8 98				tya
   651 21E9 99 00 13 99 80 13 + fill	:10 sta $1300+#*$80,y
   652 2207 C8				iny
   653 2208 10 DF			bpl fill
   654 					.ENDL
   655
   656 				; optimize OK (SPRITES), line = 31
   657
   658 220A A0 70			ldy #256-$90
   659 220C A9 FF			lda #$FF
   660 220E 99 B0 12 C8 D0 FA		sta:rne $1320+$90-256,y+
   661
   662 				; optimize OK (SPRITES), line = 33
   663
   664 2214 A9 10			lda #$10
   665 2216 8D 07 D4			sta GLOBALS.PMBASE
   666
   667 				; optimize OK (SPRITES), line = 34
   668
   669 2219 A9 0A			lda #$0A
   670 221B 8D 15 D0			sta GLOBALS.COLPM3
   671 221E A9 0E			lda #$0E
   672 2220 8D 12 D0			sta GLOBALS.COLPM01
   673 2223 8D 13 D0			sta GLOBALS.COLPM01+1
   674
   675 				; optimize OK (SPRITES), line = 35
   676
   677 2226 A9 50			lda #$50
   678 2228 85 02			sta BSHIPY
   679 222A A9 30			lda #$30
   680 222C 85 00			sta BHPOSP0
   681 222E A9 38			lda #$38
   682 2230 85 01			sta BHPOSP1
   683 2232 A5 00			lda WSHIPX
   684 2234 8D 00 D0			sta GLOBALS.HPOSP01
   685 2237 A5 01			lda WSHIPX+1
   686 2239 8D 01 D0			sta GLOBALS.HPOSP01+1
   687
   688 				; optimize OK (SPRITES), line = 36
   689
   690 223C A9 00			lda #$00
   691 223E 8D 08 D0			sta GLOBALS.SIZEP01
   692 2241 8D 09 D0			sta GLOBALS.SIZEP01+1
   693 2244 8D 0C D0			sta GLOBALS.SIZEM
   694 2247 8D 1B D0			sta GLOBALS.PRIOR
   695 224A A9 03			lda #$03
   696 224C 8D 1D D0			sta GLOBALS.GRACTL
   697
   698 				; optimize FAIL ('COPYSHIP', SPRITES), line = 38
   699
   700 224F 20 AF 21			jsr COPYSHIP
   701 2252			@exit
   702 					.ifdef @new
   703 					lda <@VarData
   704 					sta :ztmp
   705 					lda >@VarData
   706 					ldy #@VarDataSize-1
   707 					jmp @FreeMem
   708 					els
   709 2252 60				rts						; ret
   710 					eif
   711 				.endl
   712
   713 				; ------------------------------------------------------------
   714 				; ------------------------------------------------------------
   715 2253			@UnitInit
   716
   717 2253 60				rts
   718
   719 				; ------------------------------------------------------------
   720
   721 = 0000			BHPOSP0	= $00
   722 = 0001			BHPOSP1	= $01
   723 = 0002			BSHIPY	= $02
   724 = 0000			WSHIPX	= $00
   725
   726 				.endl							; UNIT SPRITES
   727
   728 				; ------------------------------------------------------------
   729
   730 2254			.local	JOY						; UNIT
   731
   732 2254			.local	MOVESHIP					; PROCEDURE
   733
   734 				; optimize OK (JOY), line = 20
   735
   736 2254 A9 0C			lda #$0C
   737 2256 85 FF			sta GLOBALS.BMASK1
   738
   739 				; optimize OK (JOY), line = 21
   740
   741 2258 A9 01			lda #$01
   742 225A 85 FD			sta GLOBALS.B1I
   743
   744 225C			l_00F1
   745 				; --- ForToDoCondition
   746
   747 				; optimize OK (JOY), line = 22
   748
   749 225C A5 03			lda JOYDIRECTION
   750 225E 25 FF			and GLOBALS.BMASK1
   751 2260 8D 0F 24			sta @CASETMP_0002
   752 2263 C9 04			cmp #$04
   753 2265 D0 20			jne l_0110
   754 2267			@
   755
   756 				; optimize OK (JOY), line = 24
   757
   758 2267 A5 01			lda SPRITES.BHPOSP1
   759 2269 C9 C0			cmp #$C0
   760 226B B0 17			jcs l_0122
   761
   762 				; optimize OK (JOY), line = 25
   763
   764 226D A5 00			lda SPRITES.WSHIPX
   765 226F 18 69 02			add #$02
   766 2272 85 00			sta SPRITES.WSHIPX
   767 2274 A5 01			lda SPRITES.WSHIPX+1
   768 2276 69 02			adc #$02
   769 2278 85 01			sta SPRITES.WSHIPX+1
   770 227A A5 00			lda SPRITES.WSHIPX
   771 227C 8D 00 D0			sta GLOBALS.HPOSP01
   772 227F A5 01			lda SPRITES.WSHIPX+1
   773 2281 8D 01 D0			sta GLOBALS.HPOSP01+1
   774 2284			l_0122
   775
   776 2284 4C D2 22			jmp a_0002
   777 2287			l_0110
   778 2287 C9 08			cmp #$08
   779 2289 D0 20			jne l_0134
   780 228B			@
   781
   782 				; optimize OK (JOY), line = 29
   783
   784 228B A5 00			lda SPRITES.BHPOSP0
   785 228D C9 31			cmp #$31
   786 228F 90 17			jcc l_0146
   787
   788 				; optimize OK (JOY), line = 30
   789
   790 2291 A5 00			lda SPRITES.WSHIPX
   791 2293 38 E9 02			sub #$02
   792 2296 85 00			sta SPRITES.WSHIPX
   793 2298 A5 01			lda SPRITES.WSHIPX+1
   794 229A E9 02			sbc #$02
   795 229C 85 01			sta SPRITES.WSHIPX+1
   796 229E A5 00			lda SPRITES.WSHIPX
   797 22A0 8D 00 D0			sta GLOBALS.HPOSP01
   798 22A3 A5 01			lda SPRITES.WSHIPX+1
   799 22A5 8D 01 D0			sta GLOBALS.HPOSP01+1
   800 22A8			l_0146
   801
   802 22A8 4C D2 22			jmp a_0002
   803 22AB			l_0134
   804 22AB C9 02			cmp #$02
   805 22AD D0 11			jne l_0158
   806 22AF			@
   807
   808 				; optimize OK (JOY), line = 34
   809
   810 22AF A5 02			lda SPRITES.BSHIPY
   811 22B1 C9 21			cmp #$21
   812 22B3 90 08			jcc l_016A
   813
   814 				; optimize OK (JOY), line = 35
   815
   816 22B5 38 E9 02			sub #$02
   817 22B8 85 02			sta SPRITES.BSHIPY
   818 22BA 20 AF 21			jsr SPRITES.COPYSHIP
   819 22BD			l_016A
   820
   821 22BD 4C D2 22			jmp a_0002
   822 22C0			l_0158
   823 22C0 C9 01			cmp #$01
   824 22C2 D0 0E			jne l_0178
   825 22C4			@
   826
   827 				; optimize OK (JOY), line = 39
   828
   829 22C4 A5 02			lda SPRITES.BSHIPY
   830 22C6 C9 A0			cmp #$A0
   831 22C8 B0 08			jcs l_018A
   832
   833 				; optimize OK (JOY), line = 40
   834
   835 22CA 18 69 02			add #$02
   836 22CD 85 02			sta SPRITES.BSHIPY
   837 22CF 20 AF 21			jsr SPRITES.COPYSHIP
   838 22D2			l_018A
   839
   840 22D2			l_0178
   841 22D2			a_0002
   842
   843 				; optimize OK (JOY), line = 44
   844
   845 22D2 A9 03			lda #$03
   846 22D4 85 FF			sta GLOBALS.BMASK1
   847
   848 				; --- ForToDoEpilog
   849 22D6 C6 FD			dec GLOBALS.B1I
   850 22D8 10 82			jpl l_00F1
   851 22DA			l_00FF
   852
   853 				; ------------------------------------------------------------
   854
   855 = 0000			@FORTMP_00EE	= $00
   856 = 240F			@CASETMP_0002	= DATAORIGIN+$000F
   857
   858 = 240F			@VarData	= @CASETMP_0002
   859 = 0001			@VarDataSize	= 1
   860
   861 22DA			@exit
   862 					.ifdef @new
   863 					lda <@VarData
   864 					sta :ztmp
   865 					lda >@VarData
   866 					ldy #@VarDataSize-1
   867 					jmp @FreeMem
   868 					els
   869 22DA 60				rts						; ret
   870 					eif
   871 				.endl
   872
   873 				; ------------------------------------------------------------
   874 				; ------------------------------------------------------------
   875 22DB			@UnitInit
   876
   877 22DB 60				rts
   878
   879 				; ------------------------------------------------------------
   880
   881 = 0003			JOYDIRECTION	= $03
   882
   883 				.endl							; UNIT JOY
   884
   885 22DC			.local	VBI						; PROCEDURE | INTERRUPT
   886
   887 				; ---------------------  ASM Block 055  ---------------------
   888
   889 22DC 48 8A 48 98 48	 phr 
   890
   891 				; ---------------------  ASM Block 056  ---------------------
   892
   893 22E1 68 A8 68 AA 68	 plr 
   894 22E6 40				rti						; ret
   895 				.endl
   896
   897 22E7			.local	JOYHANDLER					; PROCEDURE | INTERRUPT
   898
   899 				; ---------------------  ASM Block 057  ---------------------
   900
   901 22E7 48 8A 48 98 48	 phr 
   902
   903 				; ---------------------  ASM Block 058  ---------------------
   904
   905 22EC 8D 0A D4		 sta WSYNC 
   906
   907 				; optimize OK (main.pas), line = 26
   908
   909 22EF A9 0F			lda #$0F
   910 22F1 8D 1A D0			sta GLOBALS.COLBK
   911
   912 				; optimize OK (main.pas), line = 28
   913
   914 22F4 AD 00 D3			lda GLOBALS.PORTA
   915 22F7 85 03			sta JOY.JOYDIRECTION
   916
   917 				; optimize OK (main.pas), line = 29
   918
   919 22F9 29 0F			and #$0F
   920 22FB C9 0F			cmp #$0F
   921 22FD F0 03			jeq l_01C8
   922 22FF 20 54 22			jsr JOY.MOVESHIP
   923 2302			l_01C8
   924
   925 				; optimize OK (main.pas), line = 31
   926
   927 2302 A9 00			lda #$00
   928 2304 8D 1A D0			sta GLOBALS.COLBK
   929
   930 				; optimize FAIL ('SYS.SETDLI', main.pas), line = 33
   931
   932 2307 E8				inx
   933 2308 AD 12 24 95 98		mva PSTARS :STACKORIGIN,x
   934 230D AD 13 24 95 A8		mva PSTARS+1 :STACKORIGIN+STACKWIDTH,x
   935 2312 20 6F 21			jsr SYS.SETDLI
   936
   937 				; ---------------------  ASM Block 059  ---------------------
   938
   939 2315 68 A8 68 AA 68	 plr 
   940 231A 40				rti						; ret
   941 				.endl
   942
   943 231B			.local	STARS						; PROCEDURE | INTERRUPT
   944
   945 				; ---------------------  ASM Block 060  ---------------------
   946
   947 231B 48 8A 48 98 48	 phr 
   948
   949 				; optimize OK (main.pas), line = 42
   950
   951 2320 A9 7C			lda #$7C
   952 2322 85 FD			sta GLOBALS.B1I
   953
   954 2324			l_01E0
   955 				; --- ForToDoCondition
   956
   957 				; ---------------------  ASM Block 061  ---------------------
   958
   959 2324 8D 0A D4		 sta WSYNC 
   960
   961 				; optimize OK (main.pas), line = 44
   962
   963 2327 A4 FD			ldy GLOBALS.B1I
   964 2329 B9 00 12			lda adr.ASTARS,y
   965 232C 8D 07 D0			sta GLOBALS.HPOSM3
   966
   967 				; optimize OK (main.pas), line = 45
   968
   969 232F B9 00 12			lda adr.ASTARS,y
   970 2332 38 F9 7D 12			sub adr.ASPEED,y
   971 2336 99 00 12			sta adr.ASTARS,y
   972
   973 				; optimize OK (main.pas), line = 46
   974
   975 2339 AD 0A D2			lda SYSTEM.RND
   976 233C 8D 15 D0			sta GLOBALS.COLPM3
   977
   978 				; --- ForToDoEpilog
   979 233F C6 FD			dec GLOBALS.B1I
   980 2341 10 E1			jpl l_01E0
   981 2343			l_01EE
   982
   983 				; optimize FAIL ('SYS.SETDLI', main.pas), line = 49
   984
   985 2343 E8				inx
   986 2344 AD 10 24 95 98		mva PJOY :STACKORIGIN,x
   987 2349 AD 11 24 95 A8		mva PJOY+1 :STACKORIGIN+STACKWIDTH,x
   988 234E 20 6F 21			jsr SYS.SETDLI
   989
   990 				; ---------------------  ASM Block 062  ---------------------
   991
   992 2351 68 A8 68 AA 68	 plr 
   993
   994 				; ------------------------------------------------------------
   995
   996 = 0000			@FORTMP_01DD	= $00
   997 2356 40				rti						; ret
   998 				.endl
   999
  1000 2357			.local	INIT						; PROCEDURE
  1001
  1002 				; optimize FAIL ('SYSTEM.PAUSE_006A', main.pas), line = 56
  1003
  1004 2357 20 3E 21			jsr SYSTEM.PAUSE_006A
  1005 235A A9 00			lda #$00
  1006 235C 8D 00 D4			sta GLOBALS.DMACTL
  1007 235F 20 87 21			jsr SYS.SYSTEMOFF
  1008
  1009 				; optimize OK (main.pas), line = 58
  1010
  1011 2362 A9 00			lda #$00
  1012 2364 85 88			sta :edx
  1013 2366 A9 E0			lda #$E0
  1014 2368 85 89			sta :edx+1
  1015 236A A9 C0			lda #$C0
  1016 236C 85 8C			sta :ecx
  1017 236E A9 03			lda #$03
  1018 2370 85 8D			sta :ecx+1
  1019 2372 A9 00			lda #$00
  1020 2374 85 84			sta :eax
  1021 2376 20 80 20			jsr @fill
  1022
  1023 				; optimize OK (main.pas), line = 60
  1024
  1025 2379 A9 7C			lda #$7C
  1026 237B 85 FD			sta GLOBALS.B1I
  1027
  1028 237D			l_0225
  1029 				; --- ForToDoCondition
  1030
  1031 				; optimize OK (main.pas), line = 61
  1032
  1033 237D A4 FD			ldy GLOBALS.B1I
  1034 237F AD 0A D2			lda SYSTEM.RND
  1035 2382 99 00 12			sta adr.ASTARS,y
  1036
  1037 				; optimize OK (main.pas), line = 62
  1038
  1039 2385 29 03			and #$03
  1040 2387 18 69 01			add #$01
  1041 238A 99 7D 12			sta adr.ASPEED,y
  1042
  1043 				; --- ForToDoEpilog
  1044 238D C6 FD			dec GLOBALS.B1I
  1045 238F 10 EC			jpl l_0225
  1046 2391			l_0233
  1047
  1048 				; optimize FAIL ('SPRITES.INIT', main.pas), line = 65
  1049
  1050 2391 20 E6 21			jsr SPRITES.INIT
  1051
  1052 				; optimize FAIL ('GR.MODE2', main.pas), line = 66
  1053
  1054 2394 20 A3 21			jsr GR.MODE2
  1055 2397 A9 00			lda #$00
  1056 2399 8D 1A D0			sta GLOBALS.COLBK
  1057 239C A9 02			lda #$02
  1058 239E 8D 18 D0			sta GLOBALS.COLPF2
  1059
  1060 				; optimize OK (main.pas), line = 67
  1061
  1062 23A1 AD 02 D3			lda GLOBALS.PACTL
  1063 23A4 09 04			ora #$04
  1064 23A6 8D 02 D3			sta GLOBALS.PACTL
  1065
  1066 				; optimize OK (main.pas), line = 68
  1067
  1068 23A9 A9 E7			lda <JOYHANDLER
  1069 23AB 8D 10 24			sta PJOY
  1070 23AE A9 22			lda >JOYHANDLER
  1071 23B0 8D 11 24			sta PJOY+1
  1072 23B3 A9 1B			lda <STARS
  1073 23B5 8D 12 24			sta PSTARS
  1074 23B8 A9 23			lda >STARS
  1075 23BA 8D 13 24			sta PSTARS+1
  1076
  1077 				; optimize FAIL ('SYS.SETVBI', main.pas), line = 70
  1078
  1079 23BD E8				inx
  1080 23BE A9 DC 95 98			mva <VBI :STACKORIGIN,x
  1081 23C2 A9 22 95 A8			mva >VBI :STACKORIGIN+STACKWIDTH,x
  1082 23C6 20 57 21			jsr SYS.SETVBI
  1083
  1084 				; optimize FAIL ('SYS.SETDLI', main.pas), line = 71
  1085
  1086 23C9 E8				inx
  1087 23CA A9 E7 95 98			mva <JOYHANDLER :STACKORIGIN,x
  1088 23CE A9 22 95 A8			mva >JOYHANDLER :STACKORIGIN+STACKWIDTH,x
  1089 23D2 20 6F 21			jsr SYS.SETDLI
  1090
  1091 				; optimize FAIL ('SYSTEM.PAUSE_006A', main.pas), line = 73
  1092
  1093 23D5 20 3E 21			jsr SYSTEM.PAUSE_006A
  1094 23D8 A9 3E			lda #$3E
  1095 23DA 8D 00 D4			sta GLOBALS.DMACTL
  1096
  1097 				; ------------------------------------------------------------
  1098
  1099 = 0000			@FORTMP_0222	= $00
  1100 23DD			@exit
  1101 					.ifdef @new
  1102 					lda <@VarData
  1103 					sta :ztmp
  1104 					lda >@VarData
  1105 					ldy #@VarDataSize-1
  1106 					jmp @FreeMem
  1107 					els
  1108 23DD 60				rts						; ret
  1109 					eif
  1110 				.endl
  1111 23DE			l_0007
  1112
  1113 				; optimize FAIL ('INIT', main.pas), line = 77
  1114
  1115 23DE 20 57 23			jsr INIT
  1116
  1117 				; --- RepeatUntilProlog
  1118 23E1			l_0276
  1119
  1120 				; optimize OK (main.pas), line = 78
  1121
  1122 23E1 4C E1 23			jmp l_0276
  1123
  1124 				; ------------------------------------------------------------
  1125
  1126 = 1200			adr.ASTARS	= $1200
  1127 23E4			.var ASTARS	= adr.ASTARS .word
  1128 = 127D			adr.ASPEED	= $127D
  1129 23E4			.var ASPEED	= adr.ASPEED .word
  1130 = 2410			PJOY	= DATAORIGIN+$0010
  1131 = 2412			PSTARS	= DATAORIGIN+$0012
  1132 23E4			@exit
  1133
  1134 23E4 A2 00		@halt	ldx #$00
  1135 23E6 9A				txs
  1136 					.ifdef MAIN.@DEFINES.ROMOFF
  1137 					inc portb
  1138 					.endif
  1139
  1140 23E7 A0 01			ldy #$01
  1141
  1142 23E9 60				rts
  1143
  1144 				; ------------------------------------------------------------
  1145
  1146 23EA 00 00 00 00 00 00 + IOCB@COPY	:16 brk
  1147
  1148 				; ------------------------------------------------------------
  1149
  1150 23FA			.local	@DEFINES
  1151 23FA			ATARI
  1152 				.endl
  1153
  1154 23FA			.local	@RESOURCE
  1155 				.endl
  1156
  1157 = 23FA 00 12		ASTARS
  1157 = 23FC 7D 12		ASPEED
  1157 				.endl							; MAIN
  1158
  1159 				; ------------------------------------------------------------
  1160 				; ------------------------------------------------------------
  1161
  1162 				.macro	UNITINITIALIZATION
  1163 				
  1164 					.ifdef MAIN.SYSTEM.@UnitInit
  1165 					jsr MAIN.SYSTEM.@UnitInit
  1166 					eif
  1167 				
  1168 					.ifdef MAIN.GLOBALS.@UnitInit
  1169 					jsr MAIN.GLOBALS.@UnitInit
  1170 					eif
  1171 				
  1172 					.ifdef MAIN.SYS.@UnitInit
  1173 					jsr MAIN.SYS.@UnitInit
  1174 					eif
  1175 				
  1176 					.ifdef MAIN.GR.@UnitInit
  1177 					jsr MAIN.GR.@UnitInit
  1178 					eif
  1179 				
  1180 					.ifdef MAIN.SPRITES.@UnitInit
  1181 					jsr MAIN.SPRITES.@UnitInit
  1182 					eif
  1183 				
  1184 					.ifdef MAIN.JOY.@UnitInit
  1185 					jsr MAIN.JOY.@UnitInit
  1186 					eif
  1187 				.endm
  1188
  1189 				; ------------------------------------------------------------
  1190
  1191 					ift .SIZEOF(MAIN.SYSTEM) > 0
  1192 					.print 'SYSTEM: ',MAIN.SYSTEM,'..',MAIN.SYSTEM+.SIZEOF(MAIN.SYSTEM)-1
  1192 				SYSTEM: $2104..$2148
  1193 					eif
  1194
  1195 					ift .SIZEOF(MAIN.GLOBALS) > 0
  1196 					.print 'GLOBALS: ',MAIN.GLOBALS,'..',MAIN.GLOBALS+.SIZEOF(MAIN.GLOBALS)-1
  1197 					eif
  1198
  1199 					ift .SIZEOF(MAIN.SYS) > 0
  1200 					.print 'SYS: ',MAIN.SYS,'..',MAIN.SYS+.SIZEOF(MAIN.SYS)-1
  1200 				SYS: $2149..$21A2
  1201 					eif
  1202
  1203 					ift .SIZEOF(MAIN.GR) > 0
  1204 					.print 'GR: ',MAIN.GR,'..',MAIN.GR+.SIZEOF(MAIN.GR)-1
  1204 				GR: $21A3..$21AE
  1205 					eif
  1206
  1207 					ift .SIZEOF(MAIN.SPRITES) > 0
  1208 					.print 'SPRITES: ',MAIN.SPRITES,'..',MAIN.SPRITES+.SIZEOF(MAIN.SPRITES)-1
  1208 				SPRITES: $21AF..$2253
  1209 					eif
  1210
  1211 					ift .SIZEOF(MAIN.JOY) > 0
  1212 					.print 'JOY: ',MAIN.JOY,'..',MAIN.JOY+.SIZEOF(MAIN.JOY)-1
  1212 				JOY: $2254..$22DB
  1213 					eif
  1214
  1215 					.print 'CODE: ',CODEORIGIN,'..',MAIN.@RESOURCE-1
  1215 				CODE: $2000..$23F9
  1216
  1217 				; ------------------------------------------------------------
  1218
  1219 23FE				.align $04
  1220
  1221 2400			DATAORIGIN
  1222 2400-2405> 28 00 18 00 + .by  $28 $00 $18 $00 $2D $0C
  1223
  1224 = 0006			VARINITSIZE	= *-DATAORIGIN
  1225 = 0014			VARDATASIZE	= 20
  1226
  1227 = 2414			PROGRAMSTACK	= DATAORIGIN+VARDATASIZE
  1228
  1229 					.print 'DATA: ',DATAORIGIN,'..',PROGRAMSTACK
  1229 				DATA: $2400..$2414
  1230
  1231 02E0-02E1> C8 20			run START
  1232
  1233 				; ------------------------------------------------------------
  1234
  1235 				.macro	STATICDATA
  1236 				.endm
  1237
  1238 					end
