mads 2.1.1
  1133 					opt l+
    98 = 0000				?EXTDETECT = 0
    99 = 0000				?VBXDETECT = 0
   100
   101 2075				RCASM 'res/gr_dl.asm' DL_2 0 0 0 0 0 0 0 0
Macro: RESOURCE.RCASM [Source: resource.asm]
     2 2075				org RESORIGIN
     4 = 0020			len = .sizeof(_DL_2)
     6 				mcpy	ift main.DL_2+len >= $bc20
    11 2075 20 41 20			jsr sys.off
    13 2078 A9 96 85 88 A9 20 +  MWA #DATA EDX
    13 2080 A9 00 85 8C A9 11 +  MWA #MAIN.DL_2 ECX
    13 2088 A9 20 85 84 A9 00 +  MWA #LEN EAX
    13 2090 20 00 20		 JSR RESOURCE.MEMCPY
    15 2093 4C 65 20			jmp sys.on
    16 2096			data
Source: const.inc
     1 = 1000			PM_ADR              = $1000;                      // players & missiles memory (2K) start address
     2 = 1300			M0_ADR              = PM_ADR + $300;              // missile 0 start memory address
     3 = 1400			P0_ADR              = PM_ADR + $400;              // player 0 start memory address
     4 = 1500			P1_ADR              = PM_ADR + $500;              // player 1 start memory address
     5 = 1000			GFX_SHIP_ADR        = $1000;                      // ship gfx memory start address, ship size = 20 bytes, 16 bytes for gfx and 4 bytes fo top/bottom empty rows
     6 = 000A			GFX_SHIP_SEG        = 10;                         // ship gfx 10 byte segment, 10B for P0 & 10B for P1
     8 = 0F0F			SHIP_COL            = $0f0f;
     9 = 0030			SHIP_LEFT_LIMIT     = 48;
    10 = 0078			SHIP_RIGHT_LIMIT    = SHIP_LEFT_LIMIT + 8 + (16 * 4);
    11 = 0020			SHIP_TOP_LIMIT      = 32;
    12 = 00B4			SHIP_BOTTOM_LIMIT   = 180;
    14 = 0008			JOY_LEFT            = %1000;
    15 = 0004			JOY_RIGHT           = %0100;
    16 = 0002			JOY_UP              = %0010;
    17 = 0001			JOY_DOWN            = %0001;
    19 = 1100			DL_2                = $1100;                      // display list memory start address for ANTIC mode 2
    20 = E000			GAME_LMS            = $e000;                      // Load Memory Scan address
     3 1100			dl2
     4 1100 70 70 70		:3  .byte $70
     5 1103 42 00 E0		    .byte $42,a(GAME_LMS)
     6 1106 02 02 02 02 02 02 + :23 .byte 2
     7 111D 41 00 11		    .byte $41,a(dl2)
    23 					.print '$R RCASM   ',main.DL_2,'..',main.DL_2+len-1," 'res/gr_dl.asm'"
    23 				$R RCASM   $1100..$111F 'res/gr_dl.asm'
    25 02E2-02E3> 75 20			ini mcpy
Source: main.a65
   102 20B6				RCDATA 'res/gfx_ship.bin' GFX_SHIP_ADR 0 0 0 0 0 0 0 0
Macro: RESOURCE.RCDATA [Source: resource.asm]
     2 = 0014			len = .filesize('res/gfx_ship.bin')
    28 20B6				org main.GFX_SHIP_ADR
    30 1000-1013> 00 70 7B 1E + 	ins 'res/gfx_ship.bin'
    32 					.print '$R RCDATA  ',main.GFX_SHIP_ADR,'..',*-1," 'res/gfx_ship.bin'"
    32 				$R RCDATA  $1000..$1013 'res/gfx_ship.bin'
Source: main.a65
   103 				.endl
   104
   105 				; ------------------------------------------------------------
   106
   107 1014				org CODEORIGIN
   108
   109 2000				STATICDATA
Macro: STATICDATA [Source: main.a65]
Source: main.a65
   110
   111 				; ------------------------------------------------------------
   112
   113 2000			RTLIB
   114 2000				icl 'rtl6502_a8.asm'
Source: rtl6502_a8.asm
   166 					opt l+
   115
   116 				.print 'ZPAGE: ',fxptr,'..',zpend-1
   116 				ZPAGE: $0080..$00D7
   117
   118 				.print 'RTLIB: ',RTLIB,'..',*-1
   118 				RTLIB: $2000..$20CE
   119
   120 				; ------------------------------------------------------------
   121
   122 20CF			START
   123 20CF BA				tsx
   124 20D0 8E FC 22			stx MAIN.@halt+1
   125
   126 					.ifdef fmulinit
   127 					fmulinit
   128 					eif
   129
   130 = 0007			VLEN	= VARDATASIZE-VARINITSIZE
   131 = 231A			VADR	= DATAORIGIN+VARINITSIZE
   132
   133 					ift VADR > $BFFF
   134 					ert 'Invalid memory address range ',VADR
   135 					eli (VLEN>0) && (VLEN<=256)
   136 20D3 A2 F9			ldx #256-VLEN
   137 20D5 A9 00			lda #$00
   138 20D7 9D 21 22 E8 D0 FA		sta:rne VADR+VLEN-256,x+
   139 					eli VLEN>0
   140 					@fill #VADR #VLEN #$00
   141 					eif
   142
   143 20DD A9 21 85 82 A9 23 + 	mwa #PROGRAMSTACK psptr
   144
   145 					.ifdef MAIN.@DEFINES.ROMOFF
   146 					icl 'atari\romoff.asm'
   147 					.endif
   148
   149 20E5 A2 0F			ldx #$0F					; DOS II+/D ParamStr
   150 20E7 BD 40 03 9D 01 23 + 	mva:rpl $340,x MAIN.IOCB@COPY,x-
   151
   152 20F0 E8				inx						; X = 0
   153 20F1 86 90			stx bp						; BP = 0
   154
   155 20F3 8E 08 D2			stx audctl					; reset POKEY
   156 20F6 A9 03			lda #3
   157 20F8 8D 0F D2			sta skctl
   158
   159 20FB CA				dex						; X = 255
   160
   161 20FC				UNITINITIALIZATION
Macro: UNITINITIALIZATION [Source: main.a65]
    11 20FC 20 8E 21			jsr MAIN.SYS.@UnitInit
    15 20FF 20 C8 22			jsr MAIN.SPRITES.@UnitInit
   162
   163 2102			.local	MAIN						; PROCEDURE
   164
   165 2102 4C F5 22			jmp l_0007
   166
   167 				; ------------------------------------------------------------
   168
   169 2105			.local	SYSTEM						; UNIT
   170
   171 2105			.local	FILLBYTE_0042					; PROCEDURE | ASSEMBLER | OVERLOAD | REGISTER
   172
   173 				; ------------------------------------------------------------
   174
   175 				; Generate Assignment for BYTE / CHAR / SHORTINT / BOOLEAN
   176 				; as Pointer
   177 2105 B5 98			lda :STACKORIGIN,x
   178 2107 85 84			sta VALUE
   179 2109 CA				dex
   180
   181 				; ------------------------------------------------------------
   182
   183 				; Generate Assignment for WORD / SMALLINT / SHORTREAL / POINTER
   184 				; as Pointer
   185 210A B5 98			lda :STACKORIGIN,x
   186 210C 85 8C			sta COUNT
   187 210E B5 A8			lda :STACKORIGIN+STACKWIDTH,x
   188 2110 85 8D			sta COUNT+1
   189 2112 CA				dex
   190
   191 				; ------------------------------------------------------------
   192
   193 				; Generate Assignment for WORD / SMALLINT / SHORTREAL / POINTER
   194 				; as Pointer
   195 2113 B5 98			lda :STACKORIGIN,x
   196 2115 85 88			sta A
   197 2117 B5 A8			lda :STACKORIGIN+STACKWIDTH,x
   198 2119 85 89			sta A+1
   199 211B CA				dex
   200
   201 				; ---------------------  ASM Block 029  ---------------------
   202
   203 211C 20 87 20			jsr @fill
   204
   205
   206 				; ------------------------------------------------------------
   207
   208 = 0088			A	= edx
   209 = 008C			COUNT	= ecx
   210 = 0084			VALUE	= eax
   211 211F			@exit
   212 					.ifdef @new
   213 					lda <@VarData
   214 					sta :ztmp
   215 					lda >@VarData
   216 					ldy #@VarDataSize-1
   217 					jmp @FreeMem
   218 					els
   219 211F 60				rts						; ret
   220 					eif
   221 				.endl
   222
   223 2120			.local	MOVE_004C					; PROCEDURE | ASSEMBLER | OVERLOAD | REGISTER
   224
   225 				; ------------------------------------------------------------
   226
   227 				; Generate Assignment for WORD / SMALLINT / SHORTREAL / POINTER
   228 				; as Pointer
   229 2120 B5 98			lda :STACKORIGIN,x
   230 2122 85 84			sta COUNT
   231 2124 B5 A8			lda :STACKORIGIN+STACKWIDTH,x
   232 2126 85 85			sta COUNT+1
   233 2128 CA				dex
   234
   235 				; ------------------------------------------------------------
   236
   237 				; Generate Assignment for WORD / SMALLINT / SHORTREAL / POINTER
   238 				; as Pointer
   239 2129 B5 98			lda :STACKORIGIN,x
   240 212B 85 8C			sta DEST
   241 212D B5 A8			lda :STACKORIGIN+STACKWIDTH,x
   242 212F 85 8D			sta DEST+1
   243 2131 CA				dex
   244
   245 				; ------------------------------------------------------------
   246
   247 				; Generate Assignment for WORD / SMALLINT / SHORTREAL / POINTER
   248 				; as Pointer
   249 2132 B5 98			lda :STACKORIGIN,x
   250 2134 85 88			sta SOURCE
   251 2136 B5 A8			lda :STACKORIGIN+STACKWIDTH,x
   252 2138 85 89			sta SOURCE+1
   253 213A CA				dex
   254
   255 				; ---------------------  ASM Block 031  ---------------------
   256
   257 213B 20 32 20			jsr @move
   258
   259
   260 				; ------------------------------------------------------------
   261
   262 = 0088			SOURCE	= edx
   263 = 008C			DEST	= ecx
   264 = 0084			COUNT	= eax
   265 213E			@exit
   266 					.ifdef @new
   267 					lda <@VarData
   268 					sta :ztmp
   269 					lda >@VarData
   270 					ldy #@VarDataSize-1
   271 					jmp @FreeMem
   272 					els
   273 213E 60				rts						; ret
   274 					eif
   275 				.endl
   276
   277 213F			.local	PAUSE_006A					; PROCEDURE | ASSEMBLER | OVERLOAD
   278
   279 				; ---------------------  ASM Block 039  ---------------------
   280
   281 213F A5 14 C5 14 F0 FC		lda:cmp:req :rtclok+2
   282
   283 2145			@exit
   284 					.ifdef @new
   285 					lda <@VarData
   286 					sta :ztmp
   287 					lda >@VarData
   288 					ldy #@VarDataSize-1
   289 					jmp @FreeMem
   290 					els
   291 2145 60				rts						; ret
   292 					eif
   293 				.endl
   294
   295 				; ------------------------------------------------------------
   296
   297 = 0101			__PORTB_BANKS	= $0101
   298 = 0648			M_PI_2	= $0648
   299 = 0192			D_PI_2	= $0192
   300 = 0004			D_PI_180	= $04
   301 = 0000			MGTIA	= $00
   302 = 0080			MVBXE	= $80
   303 = 0000			VBXE_XDLADR	= $00
   304 = 0100			VBXE_BCBADR	= $0100
   305 = 1000			VBXE_MAPADR	= $1000
   306 = 5000			VBXE_OVRADR	= $5000
   307 = B000			VBXE_WINDOW	= $B000
   308 = 0000			IDLI	= $00
   309 = 0001			IVBL	= $01
   310 = 00FE			CH_DELCHR	= $FE
   311 = 009B			CH_ENTER	= $9B
   312 = 001B			CH_ESC	= $1B
   313 = 001C			CH_CURS_UP	= $1C
   314 = 001D			CH_CURS_DOWN	= $1D
   315 = 001E			CH_CURS_LEFT	= $1E
   316 = 001F			CH_CURS_RIGHT	= $1F
   317 = 007F			CH_TAB	= $7F
   318 = 009B			CH_EOL	= $9B
   319 = 007D			CH_CLR	= $7D
   320 = 00FD			CH_BELL	= $FD
   321 = 007E			CH_DEL	= $7E
   322 = 009C			CH_DELLINE	= $9C
   323 = 009D			CH_INSLINE	= $9D
   324 = 0000			COLOR_BLACK	= $00
   325 = 000E			COLOR_WHITE	= $0E
   326 = 0032			COLOR_RED	= $32
   327 = 0096			COLOR_CYAN	= $96
   328 = 0068			COLOR_VIOLET	= $68
   329 = 00C4			COLOR_GREEN	= $C4
   330 = 0074			COLOR_BLUE	= $74
   331 = 00EE			COLOR_YELLOW	= $EE
   332 = 0028			COLOR_ORANGE	= $28
   333 = 00E4			COLOR_BROWN	= $E4
   334 = 003C			COLOR_LIGHTRED	= $3C
   335 = 0004			COLOR_GRAY1	= $04
   336 = 0006			COLOR_GRAY2	= $06
   337 = 000A			COLOR_GRAY3	= $0A
   338 = 00CC			COLOR_LIGHTGREEN	= $CC
   339 = 007C			COLOR_LIGHTBLUE	= $7C
   340 = 0004			FMOPENREAD	= $04
   341 = 0008			FMOPENWRITE	= $08
   342 = 0009			FMOPENAPPEND	= $09
   343 = 000C			FMOPENREADWRITE	= $0C
   344 = 2314			SCREENWIDTH	= DATAORIGIN+$0000
   345 = 2316			SCREENHEIGHT	= DATAORIGIN+$0002
   346 = 2318			DATESEPARATOR	= DATAORIGIN+$0004
   347 = D014			TVSYSTEM	= $D014
   348 = D20A			RND	= $D20A
   349 = 02C0			adr.PALETTE	= $02C0
   350 2146			.var PALETTE	= adr.PALETTE .word
   351 = D012			adr.HPALETTE	= $D012
   352 2146			.var HPALETTE	= adr.HPALETTE .word
   353 = 2319			FILEMODE	= DATAORIGIN+$0005
   354 = 231A			GRAPHMODE	= DATAORIGIN+$0006
   355 = 231B			IORESULT	= DATAORIGIN+$0007
   356 = 231C			EOLN	= DATAORIGIN+$0008
   357 = 231D			RNDSEED	= DATAORIGIN+$0009
   358
   359 = 2146 C0 02		PALETTE
   359 = 2148 12 D0		HPALETTE
   359 				.endl							; UNIT SYSTEM
   360
   361 				; ------------------------------------------------------------
   362
   363 214A			.local	REGISTERS					; UNIT
   364
   365 				; ------------------------------------------------------------
   366
   367 = 0014			RTCLOK	= $14
   368 = D000			HPOSP0	= $D000
   369 = D001			HPOSP1	= $D001
   370 = D008			SIZEP0	= $D008
   371 = D009			SIZEP1	= $D009
   372 = D012			COLPM0	= $D012
   373 = D013			COLPM1	= $D013
   374 = D017			COLPF1	= $D017
   375 = D018			COLPF2	= $D018
   376 = D01A			COLBK	= $D01A
   377 = D01B			PRIOR	= $D01B
   378 = D01D			GRACTL	= $D01D
   379 = D20A			RND	= $D20A
   380 = D300			PORTA	= $D300
   381 = D301			PORTB	= $D301
   382 = D400			DMACTL	= $D400
   383 = D402			DLIST	= $D402
   384 = D407			PMBASE	= $D407
   385 = D40E			NMIEN	= $D40E
   386 = FFFA			NMIVEC	= $FFFA
   387 = D000			HPOSP01	= $D000
   388 = D008			SIZEP01	= $D008
   389 = D012			COLPM01	= $D012
   390
   391 				.endl							; UNIT REGISTERS
   392
   393 				; ------------------------------------------------------------
   394
   395 214A			.local	SYS						; UNIT
   396
   397 214A			.local	NMI						; PROCEDURE | ASSEMBLER | INTERRUPT
   398
   399 				; ---------------------  ASM Block 049  ---------------------
   400
   401
   402 				      bit NMIST \ bpl vbi   ; check kind of interrupt
   402 214A 2C 0F D4		      BIT NMIST 
   402 214D 10 03		 BPL VBI   
   403 = 214F			.def  :__dlijmp
   404 214F 4C 57 21		      jmp __off               ; VDSLST
   405 2152 E6 14		vbi:  inc RTCLOK+2
   406 = 2154			.def  :__vbijmp
   407 2154 4C 57 21		      jmp __off               ; VBIVEC
   408 = 2157			.def  :__off
   409
   410 2157 40				rti						; ret
   411 				.endl
   412
   413 2158			.local	SETVBI						; PROCEDURE | ASSEMBLER
   414
   415 				; ------------------------------------------------------------
   416
   417 				; Generate Assignment for WORD / SMALLINT / SHORTREAL / POINTER
   418 				; as Pointer
   419 2158 B5 98			lda :STACKORIGIN,x
   420 215A 8D 1F 23			sta A
   421 215D B5 A8			lda :STACKORIGIN+STACKWIDTH,x
   422 215F 8D 20 23			sta A+1
   423 2162 CA				dex
   424
   425 				; ---------------------  ASM Block 050  ---------------------
   426
   427
   428 2163 AD 1F 23 8D 55 21 +   mwa a __vbijmp+1
   429
   430
   431 				; ------------------------------------------------------------
   432
   433 = 231F			A	= DATAORIGIN+$000B
   434
   435 = 231F			@VarData	= A
   436 = 0002			@VarDataSize	= 2
   437
   438 216F			@exit
   439 					.ifdef @new
   440 					lda <@VarData
   441 					sta :ztmp
   442 					lda >@VarData
   443 					ldy #@VarDataSize-1
   444 					jmp @FreeMem
   445 					els
   446 216F 60				rts						; ret
   447 					eif
   448 				.endl
   449
   450 2170			.local	SYSTEMOFF					; PROCEDURE
   451
   452 				; optimize FAIL ('SYSTEM.PAUSE_006A', SYS), line = 62
   453
   454 2170 20 3F 21			jsr SYSTEM.PAUSE_006A
   455
   456 				; ---------------------  ASM Block 054  ---------------------
   457
   458 2173 78			 sei 
   459
   460 				; optimize OK (SYS), line = 63
   461
   462 2174 A9 00			lda #$00
   463 2176 8D 0E D4			sta REGISTERS.NMIEN
   464 2179 A9 FE			lda #$FE
   465 217B 8D 01 D3			sta REGISTERS.PORTB
   466 217E A9 4A			lda <NMI
   467 2180 8D FA FF			sta REGISTERS.NMIVEC
   468 2183 A9 21			lda >NMI
   469 2185 8D FB FF			sta REGISTERS.NMIVEC+1
   470 2188 A9 40			lda #$40
   471 218A 8D 0E D4			sta REGISTERS.NMIEN
   472 218D			@exit
   473 					.ifdef @new
   474 					lda <@VarData
   475 					sta :ztmp
   476 					lda >@VarData
   477 					ldy #@VarDataSize-1
   478 					jmp @FreeMem
   479 					els
   480 218D 60				rts						; ret
   481 					eif
   482 				.endl
   483
   484 				; ------------------------------------------------------------
   485 				; ------------------------------------------------------------
   486 218E			@UnitInit
   487
   488 218E 60				rts
   489
   490 				; ------------------------------------------------------------
   491
   492 				.endl							; UNIT SYS
   493
   494 				; ------------------------------------------------------------
   495
   496 218F			.local	SPRITES						; UNIT
   497
   498 218F			.local	COPYSHIP					; PROCEDURE
   499
   500 				; optimize OK (SPRITES), line = 32
   501
   502 218F A5 02			lda BSHIPY
   503 2191 85 8C			sta :ecx
   504 2193 A9 14			lda #$14
   505 2195 85 8D			sta :ecx+1
   506 2197 A9 00			lda #$00
   507 2199 85 88			sta :edx
   508 219B A9 10			lda #$10
   509 219D 85 89			sta :edx+1
   510 219F A9 0A			lda #$0A
   511 21A1 85 84			sta :eax
   512 21A3 A9 00			lda #$00
   513 21A5 85 85			sta :eax+1
   514 21A7 20 32 20			jsr @move
   515
   516 				; optimize OK (SPRITES), line = 33
   517
   518 21AA A5 02			lda BSHIPY
   519 21AC 85 8C			sta :ecx
   520 21AE A9 15			lda #$15
   521 21B0 85 8D			sta :ecx+1
   522 21B2 A9 0A			lda #$0A
   523 21B4 85 88			sta :edx
   524 21B6 A9 10			lda #$10
   525 21B8 85 89			sta :edx+1
   526 21BA A9 0A			lda #$0A
   527 21BC 85 84			sta :eax
   528 21BE A9 00			lda #$00
   529 21C0 85 85			sta :eax+1
   530 21C2 20 32 20			jsr @move
   531 21C5			@exit
   532 					.ifdef @new
   533 					lda <@VarData
   534 					sta :ztmp
   535 					lda >@VarData
   536 					ldy #@VarDataSize-1
   537 					jmp @FreeMem
   538 					els
   539 21C5 60				rts						; ret
   540 					eif
   541 				.endl
   542
   543 21C6			.local	INIT						; PROCEDURE
   544
   545 				; optimize FAIL ('SYSTEM.PAUSE_006A', SPRITES), line = 38
   546
   547 21C6 20 3F 21			jsr SYSTEM.PAUSE_006A
   548 21C9 A9 00			lda #$00
   549 21CB 8D 00 D4			sta REGISTERS.DMACTL
   550
   551 				; optimize OK (SPRITES), line = 40
   552
   553 21CE				.LOCAL
   554 21CE A0 00			ldy #$00
   555 21D0 98				tya
   556 21D1 99 00 13 99 80 13 + fill	:10 sta $1300+#*$80,y
   557 21EF C8				iny
   558 21F0 10 DF			bpl fill
   559 					.ENDL
   560
   561 				; optimize OK (SPRITES), line = 42
   562
   563 21F2 A9 10			lda #$10
   564 21F4 8D 07 D4			sta REGISTERS.PMBASE
   565
   566 				; optimize OK (SPRITES), line = 43
   567
   568 21F7 A9 50			lda #$50
   569 21F9 85 02			sta BSHIPY
   570 21FB A9 30			lda #$30
   571 21FD 85 00			sta BHPOSP0
   572 21FF A9 38			lda #$38
   573 2201 85 01			sta BHPOSP1
   574 2203 A5 00			lda WSHIPX
   575 2205 8D 00 D0			sta REGISTERS.HPOSP01
   576 2208 A5 01			lda WSHIPX+1
   577 220A 8D 01 D0			sta REGISTERS.HPOSP01+1
   578
   579 				; optimize OK (SPRITES), line = 44
   580
   581 220D A9 0F			lda #$0F
   582 220F 8D 12 D0			sta REGISTERS.COLPM01
   583 2212 8D 13 D0			sta REGISTERS.COLPM01+1
   584 2215 A9 00			lda #$00
   585 2217 8D 08 D0			sta REGISTERS.SIZEP01
   586 221A 8D 09 D0			sta REGISTERS.SIZEP01+1
   587 221D 8D 1B D0			sta REGISTERS.PRIOR
   588 2220 A9 03			lda #$03
   589 2222 8D 1D D0			sta REGISTERS.GRACTL
   590
   591 				; optimize FAIL ('COPYSHIP', SPRITES), line = 46
   592
   593 2225 20 8F 21			jsr COPYSHIP
   594
   595 				; optimize FAIL ('SYSTEM.PAUSE_006A', SPRITES), line = 48
   596
   597 2228 20 3F 21			jsr SYSTEM.PAUSE_006A
   598 222B A9 3E			lda #$3E
   599 222D 8D 00 D4			sta REGISTERS.DMACTL
   600 2230			@exit
   601 					.ifdef @new
   602 					lda <@VarData
   603 					sta :ztmp
   604 					lda >@VarData
   605 					ldy #@VarDataSize-1
   606 					jmp @FreeMem
   607 					els
   608 2230 60				rts						; ret
   609 					eif
   610 				.endl
   611
   612 2231			.local	MOVESHIP					; PROCEDURE
   613
   614 				; optimize OK (SPRITES), line = 53
   615
   616 2231 A9 0C			lda #$0C
   617 2233 85 FF			sta BMASK
   618
   619 				; optimize OK (SPRITES), line = 54
   620
   621 2235 A9 01			lda #$01
   622 2237 85 FE			sta B01I
   623
   624 2239			l_00E4
   625 				; --- ForToDoCondition
   626
   627 				; ------------------------------------------------------------
   628
   629 				; Push BYTE / CHAR / SHORTINT / BOOLEAN
   630 				; as Pointer
   631
   632 2239 E8				inx
   633 223A A5 03 95 98			mva JOYDIRECTION :STACKORIGIN,x
   634
   635 				; ------------------------------------------------------------
   636
   637 				; Push BYTE / CHAR / SHORTINT / BOOLEAN
   638 				; as Pointer
   639
   640 223E E8				inx
   641 223F A5 FF 95 98			mva BMASK :STACKORIGIN,x
   642
   643 				; Generate Binary Operation for BYTE
   644 2243 20 00 20			jsr andAL_CL					; and al, cl
   645 2246 CA				dex
   646
   647 				; GenerateCaseProlog
   648 2247 CA				dex
   649
   650 				; GenerateCaseEqualityCheck
   651 2248 B5 99			lda :STACKORIGIN+1,x
   652 224A C9 04			cmp #$04
   653 224C D0 20			jne l_0104
   654 224E			@
   655
   656 				; optimize OK (SPRITES), line = 57
   657
   658 224E A5 01			lda BHPOSP1
   659 2250 C9 78			cmp #$78
   660 2252 B0 17			jcs l_0116
   661
   662 				; optimize OK (SPRITES), line = 58
   663
   664 2254 A5 00			lda WSHIPX
   665 2256 18 69 01			add #$01
   666 2259 85 00			sta WSHIPX
   667 225B A5 01			lda WSHIPX+1
   668 225D 69 01			adc #$01
   669 225F 85 01			sta WSHIPX+1
   670 2261 A5 00			lda WSHIPX
   671 2263 8D 00 D0			sta REGISTERS.HPOSP01
   672 2266 A5 01			lda WSHIPX+1
   673 2268 8D 01 D0			sta REGISTERS.HPOSP01+1
   674 226B			l_0116
   675
   676 				; GenerateCaseStatementEpilog
   677 226B 4C BC 22			jmp a_0002
   678 226E			l_0104
   679
   680 				; GenerateCaseEqualityCheck
   681 226E B5 99			lda :STACKORIGIN+1,x
   682 2270 C9 08			cmp #$08
   683 2272 D0 20			jne l_0128
   684 2274			@
   685
   686 				; optimize OK (SPRITES), line = 62
   687
   688 2274 A5 00			lda BHPOSP0
   689 2276 C9 31			cmp #$31
   690 2278 90 17			jcc l_013A
   691
   692 				; optimize OK (SPRITES), line = 63
   693
   694 227A A5 00			lda WSHIPX
   695 227C 38 E9 01			sub #$01
   696 227F 85 00			sta WSHIPX
   697 2281 A5 01			lda WSHIPX+1
   698 2283 E9 01			sbc #$01
   699 2285 85 01			sta WSHIPX+1
   700 2287 A5 00			lda WSHIPX
   701 2289 8D 00 D0			sta REGISTERS.HPOSP01
   702 228C A5 01			lda WSHIPX+1
   703 228E 8D 01 D0			sta REGISTERS.HPOSP01+1
   704 2291			l_013A
   705
   706 				; GenerateCaseStatementEpilog
   707 2291 4C BC 22			jmp a_0002
   708 2294			l_0128
   709
   710 				; GenerateCaseEqualityCheck
   711 2294 B5 99			lda :STACKORIGIN+1,x
   712 2296 C9 02			cmp #$02
   713 2298 D0 0E			jne l_014C
   714 229A			@
   715
   716 				; optimize OK (SPRITES), line = 67
   717
   718 229A A5 02			lda BSHIPY
   719 229C C9 21			cmp #$21
   720 229E 90 05			jcc l_015E
   721
   722 				; optimize FAIL (0, SPRITES), line = 68
   723
   724 22A0 C6 02			dec BSHIPY
   725 22A2 20 8F 21			jsr COPYSHIP
   726 22A5			l_015E
   727
   728 				; GenerateCaseStatementEpilog
   729 22A5 4C BC 22			jmp a_0002
   730 22A8			l_014C
   731
   732 				; GenerateCaseEqualityCheck
   733 22A8 B5 99			lda :STACKORIGIN+1,x
   734 22AA C9 01			cmp #$01
   735 22AC D0 0E			jne l_016F
   736 22AE			@
   737
   738 				; optimize OK (SPRITES), line = 72
   739
   740 22AE A5 02			lda BSHIPY
   741 22B0 C9 B4			cmp #$B4
   742 22B2 B0 05			jcs l_0181
   743
   744 				; optimize FAIL (0, SPRITES), line = 73
   745
   746 22B4 E6 02			inc BSHIPY
   747 22B6 20 8F 21			jsr COPYSHIP
   748 22B9			l_0181
   749
   750 				; GenerateCaseStatementEpilog
   751 22B9 4C BC 22			jmp a_0002
   752 22BC			l_016F
   753
   754 				; GenerateCaseEpilog
   755 22BC			a_0002
   756
   757 				; optimize OK (SPRITES), line = 77
   758
   759 22BC A9 03			lda #$03
   760 22BE 85 FF			sta BMASK
   761
   762 				; --- ForToDoEpilog
   763 22C0 C6 FE			dec B01I
   764 22C2 30 03 4C 39 22		jpl l_00E4
   765 22C7			l_00F2
   766
   767 				; ------------------------------------------------------------
   768
   769 = 0000			@FORTMP_00E1	= $00
   770 22C7			@exit
   771 					.ifdef @new
   772 					lda <@VarData
   773 					sta :ztmp
   774 					lda >@VarData
   775 					ldy #@VarDataSize-1
   776 					jmp @FreeMem
   777 					els
   778 22C7 60				rts						; ret
   779 					eif
   780 				.endl
   781
   782 				; ------------------------------------------------------------
   783 				; ------------------------------------------------------------
   784 22C8			@UnitInit
   785
   786 22C8 60				rts
   787
   788 				; ------------------------------------------------------------
   789
   790 = 0003			JOYDIRECTION	= $03
   791 = 1000			PM_ADR	= $1000
   792 = 1300			M0_ADR	= $1300
   793 = 1400			P0_ADR	= $1400
   794 = 1500			P1_ADR	= $1500
   795 = 1000			GFX_SHIP_ADR	= $1000
   796 = 000A			GFX_SHIP_SEG	= $0A
   797 = 0F0F			SHIP_COL	= $0F0F
   798 = 0030			SHIP_LEFT_LIMIT	= $30
   799 = 0078			SHIP_RIGHT_LIMIT	= $78
   800 = 0020			SHIP_TOP_LIMIT	= $20
   801 = 00B4			SHIP_BOTTOM_LIMIT	= $B4
   802 = 0008			JOY_LEFT	= $08
   803 = 0004			JOY_RIGHT	= $04
   804 = 0002			JOY_UP	= $02
   805 = 0001			JOY_DOWN	= $01
   806 = 1100			DL_2	= $1100
   807 = E000			GAME_LMS	= $E000
   808 = 0000			BHPOSP0	= $00
   809 = 0001			BHPOSP1	= $01
   810 = 0002			BSHIPY	= $02
   811 = 00FF			BMASK	= $FF
   812 = 00FE			B01I	= $FE
   813 = 0000			WSHIPX	= $00
   814
   815 				.endl							; UNIT SPRITES
   816
   817 22C9			.local	VBI						; PROCEDURE | INTERRUPT
   818
   819 				; ---------------------  ASM Block 055  ---------------------
   820
   821 22C9 48 8A 48 98 48	 phr 
   822
   823 				; optimize OK (main.pas), line = 17
   824
   825 22CE AD 00 D3			lda REGISTERS.PORTA
   826 22D1 85 03			sta SPRITES.JOYDIRECTION
   827
   828 				; optimize OK (main.pas), line = 18
   829
   830 22D3 29 0F			and #$0F
   831 22D5 C9 0F			cmp #$0F
   832 22D7 F0 03			jeq l_01BA
   833 22D9 20 31 22			jsr SPRITES.MOVESHIP
   834 22DC			l_01BA
   835
   836 				; ---------------------  ASM Block 056  ---------------------
   837
   838 22DC 68 A8 68 AA 68	 plr 
   839 22E1 40				rti						; ret
   840 				.endl
   841
   842 22E2			.local	INIT						; PROCEDURE
   843
   844 				; optimize FAIL ('SYS.SYSTEMOFF', main.pas), line = 25
   845
   846 22E2 20 70 21			jsr SYS.SYSTEMOFF
   847
   848 				; optimize FAIL ('SPRITES.INIT', main.pas), line = 26
   849
   850 22E5 20 C6 21			jsr SPRITES.INIT
   851
   852 				; optimize FAIL ('SYS.SETVBI', main.pas), line = 27
   853
   854 22E8 E8				inx
   855 22E9 A9 C9 95 98			mva <VBI :STACKORIGIN,x
   856 22ED A9 22 95 A8			mva >VBI :STACKORIGIN+STACKWIDTH,x
   857 22F1 20 58 21			jsr SYS.SETVBI
   858 22F4			@exit
   859 					.ifdef @new
   860 					lda <@VarData
   861 					sta :ztmp
   862 					lda >@VarData
   863 					ldy #@VarDataSize-1
   864 					jmp @FreeMem
   865 					els
   866 22F4 60				rts						; ret
   867 					eif
   868 				.endl
   869 22F5			l_0007
   870
   871 				; optimize FAIL ('INIT', main.pas), line = 31
   872
   873 22F5 20 E2 22			jsr INIT
   874
   875 				; --- RepeatUntilProlog
   876 22F8			l_01C8
   877
   878 				; optimize OK (main.pas), line = 32
   879
   880 22F8 4C F8 22			jmp l_01C8
   881
   882 				; ------------------------------------------------------------
   883
   884 = 1000			PM_ADR	= $1000
   885 = 1300			M0_ADR	= $1300
   886 = 1400			P0_ADR	= $1400
   887 = 1500			P1_ADR	= $1500
   888 = 1000			GFX_SHIP_ADR	= $1000
   889 = 000A			GFX_SHIP_SEG	= $0A
   890 = 0F0F			SHIP_COL	= $0F0F
   891 = 0030			SHIP_LEFT_LIMIT	= $30
   892 = 0078			SHIP_RIGHT_LIMIT	= $78
   893 = 0020			SHIP_TOP_LIMIT	= $20
   894 = 00B4			SHIP_BOTTOM_LIMIT	= $B4
   895 = 0008			JOY_LEFT	= $08
   896 = 0004			JOY_RIGHT	= $04
   897 = 0002			JOY_UP	= $02
   898 = 0001			JOY_DOWN	= $01
   899 = 1100			DL_2	= $1100
   900 = E000			GAME_LMS	= $E000
   901 22FB			@exit
   902
   903 22FB A2 00		@halt	ldx #$00
   904 22FD 9A				txs
   905 					.ifdef MAIN.@DEFINES.ROMOFF
   906 					inc portb
   907 					.endif
   908
   909 22FE A0 01			ldy #$01
   910
   911 2300 60				rts
   912
   913 				; ------------------------------------------------------------
   914
   915 2301 00 00 00 00 00 00 + IOCB@COPY	:16 brk
   916
   917 				; ------------------------------------------------------------
   918
   919 2311			.local	@DEFINES
   920 2311			ATARI
   921 				.endl
   922
   923 2311			.local	@RESOURCE
   924 				.endl
   925
   926 				.endl							; MAIN
   927
   928 				; ------------------------------------------------------------
   929 				; ------------------------------------------------------------
   930
   931 				.macro	UNITINITIALIZATION
   932 				
   933 					.ifdef MAIN.SYSTEM.@UnitInit
   934 					jsr MAIN.SYSTEM.@UnitInit
   935 					eif
   936 				
   937 					.ifdef MAIN.REGISTERS.@UnitInit
   938 					jsr MAIN.REGISTERS.@UnitInit
   939 					eif
   940 				
   941 					.ifdef MAIN.SYS.@UnitInit
   942 					jsr MAIN.SYS.@UnitInit
   943 					eif
   944 				
   945 					.ifdef MAIN.SPRITES.@UnitInit
   946 					jsr MAIN.SPRITES.@UnitInit
   947 					eif
   948 				.endm
   949
   950 				; ------------------------------------------------------------
   951
   952 					ift .SIZEOF(MAIN.SYSTEM) > 0
   953 					.print 'SYSTEM: ',MAIN.SYSTEM,'..',MAIN.SYSTEM+.SIZEOF(MAIN.SYSTEM)-1
   953 				SYSTEM: $2105..$2149
   954 					eif
   955
   956 					ift .SIZEOF(MAIN.REGISTERS) > 0
   957 					.print 'REGISTERS: ',MAIN.REGISTERS,'..',MAIN.REGISTERS+.SIZEOF(MAIN.REGISTERS)-1
   958 					eif
   959
   960 					ift .SIZEOF(MAIN.SYS) > 0
   961 					.print 'SYS: ',MAIN.SYS,'..',MAIN.SYS+.SIZEOF(MAIN.SYS)-1
   961 				SYS: $214A..$218E
   962 					eif
   963
   964 					ift .SIZEOF(MAIN.SPRITES) > 0
   965 					.print 'SPRITES: ',MAIN.SPRITES,'..',MAIN.SPRITES+.SIZEOF(MAIN.SPRITES)-1
   965 				SPRITES: $218F..$22C8
   966 					eif
   967
   968 					.print 'CODE: ',CODEORIGIN,'..',MAIN.@RESOURCE-1
   968 				CODE: $2000..$2310
   969
   970 				; ------------------------------------------------------------
   971
   972 2311				.align $04
   973
   974 2314			DATAORIGIN
   975 2314-2319> 28 00 18 00 + .by  $28 $00 $18 $00 $2D $0C
   976
   977 = 0006			VARINITSIZE	= *-DATAORIGIN
   978 = 000D			VARDATASIZE	= 13
   979
   980 = 2321			PROGRAMSTACK	= DATAORIGIN+VARDATASIZE
   981
   982 					.print 'DATA: ',DATAORIGIN,'..',PROGRAMSTACK
   982 				DATA: $2314..$2321
   983
   984 02E0-02E1> CF 20			run START
   985
   986 				; ------------------------------------------------------------
   987
   988 				.macro	STATICDATA
   989 				.endm
   990
   991 					end
