mads 2.1.1
  1133 					opt l+
    98 = 0000				?EXTDETECT = 0
    99 = 0000				?VBXDETECT = 0
   100
   101 2075				RCASM 'res/gr_dl.asm' DL_2 0 0 0 0 0 0 0 0
Macro: RESOURCE.RCASM [Source: resource.asm]
     2 2075				org RESORIGIN
     4 = 001A			len = .sizeof(_DL_2)
     6 				mcpy	ift main.DL_2+len >= $bc20
    11 2075 20 41 20			jsr sys.off
    13 2078 A9 96 85 88 A9 20 +  MWA #DATA EDX
    13 2080 A9 00 85 8C A9 11 +  MWA #MAIN.DL_2 ECX
    13 2088 A9 1A 85 84 A9 00 +  MWA #LEN EAX
    13 2090 20 00 20		 JSR RESOURCE.MEMCPY
    15 2093 4C 65 20			jmp sys.on
    16 2096			data
Source: const.inc
     1 = 1000			PM_ADR              = $1000;                      // players & missiles memory (2K) start address
     2 = 1300			M0_ADR              = PM_ADR + $300;              // missile 0 start memory address
     3 = 1400			P0_ADR              = PM_ADR + $400;              // player 0 start memory address
     4 = 1500			P1_ADR              = PM_ADR + $500;              // player 1 start memory address
     5 = 1000			GFX_SHIP_ADR        = $1000;                      // ship gfx memory start address, ship size = 20 bytes, 16 bytes for gfx and 4 bytes fo top/bottom empty rows
     6 = 000A			GFX_SHIP_SEG        = 10;                         // ship gfx 10 byte segment, 10B for P0 & 10B for P1
     8 = 0E0E			SHIP_COL            = $0e0e;
     9 = 0030			SHIP_LEFT_LIMIT     = 48;
    10 = 00C0			SHIP_RIGHT_LIMIT    = SHIP_LEFT_LIMIT + (16 * 9);
    11 = 0020			SHIP_TOP_LIMIT      = 32;
    12 = 00A0			SHIP_BOTTOM_LIMIT   = 10 * 16;
    14 = 0008			JOY_LEFT            = %1000;
    15 = 0004			JOY_RIGHT           = %0100;
    16 = 0002			JOY_UP              = %0010;
    17 = 0001			JOY_DOWN            = %0001;
    19 = 1100			DL_2                = $1100;                      // display list memory start address for ANTIC mode 2
    20 = E000			GAME_LMS            = $e000;                      // Load Memory Scan address
     3 1100			dl2
     4 1100 F0 70 F0		    .byte $f0,$70,$f0
     5 1103 42 00 E0		    .byte $42,a(GAME_LMS)
     6 1106 02 02 02 02 02 02 + :17 .byte 2
     7 1117 41 00 11		    .byte $41,a(dl2)
    23 					.print '$R RCASM   ',main.DL_2,'..',main.DL_2+len-1," 'res/gr_dl.asm'"
    23 				$R RCASM   $1100..$1119 'res/gr_dl.asm'
    25 02E2-02E3> 75 20			ini mcpy
Source: main.a65
   102 20B0				RCDATA 'res/gfx_ship.bin' GFX_SHIP_ADR 0 0 0 0 0 0 0 0
Macro: RESOURCE.RCDATA [Source: resource.asm]
     2 = 0014			len = .filesize('res/gfx_ship.bin')
    28 20B0				org main.GFX_SHIP_ADR
    30 1000-1013> 00 70 7B 1E + 	ins 'res/gfx_ship.bin'
    32 					.print '$R RCDATA  ',main.GFX_SHIP_ADR,'..',*-1," 'res/gfx_ship.bin'"
    32 				$R RCDATA  $1000..$1013 'res/gfx_ship.bin'
Source: main.a65
   103 				.endl
   104
   105 				; ------------------------------------------------------------
   106
   107 1014				org CODEORIGIN
   108
   109 2000				STATICDATA
Macro: STATICDATA [Source: main.a65]
Source: main.a65
   110
   111 				; ------------------------------------------------------------
   112
   113 2000			RTLIB
   114 2000				icl 'rtl6502_a8.asm'
Source: rtl6502_a8.asm
   166 					opt l+
   115
   116 				.print 'ZPAGE: ',fxptr,'..',zpend-1
   116 				ZPAGE: $0080..$00D7
   117
   118 				.print 'RTLIB: ',RTLIB,'..',*-1
   118 				RTLIB: $2000..$20C7
   119
   120 				; ------------------------------------------------------------
   121
   122 20C8			START
   123 20C8 BA				tsx
   124 20C9 8E DF 23			stx MAIN.@halt+1
   125
   126 					.ifdef fmulinit
   127 					fmulinit
   128 					eif
   129
   130 = 000E			VLEN	= VARDATASIZE-VARINITSIZE
   131 = 23FE			VADR	= DATAORIGIN+VARINITSIZE
   132
   133 					ift VADR > $BFFF
   134 					ert 'Invalid memory address range ',VADR
   135 					eli (VLEN>0) && (VLEN<=256)
   136 20CC A2 F2			ldx #256-VLEN
   137 20CE A9 00			lda #$00
   138 20D0 9D 0C 23 E8 D0 FA		sta:rne VADR+VLEN-256,x+
   139 					eli VLEN>0
   140 					@fill #VADR #VLEN #$00
   141 					eif
   142
   143 20D6 A9 0C 85 82 A9 24 + 	mwa #PROGRAMSTACK psptr
   144
   145 					.ifdef MAIN.@DEFINES.ROMOFF
   146 					icl 'atari\romoff.asm'
   147 					.endif
   148
   149 20DE A2 0F			ldx #$0F					; DOS II+/D ParamStr
   150 20E0 BD 40 03 9D E4 23 + 	mva:rpl $340,x MAIN.IOCB@COPY,x-
   151
   152 20E9 E8				inx						; X = 0
   153 20EA 86 90			stx bp						; BP = 0
   154
   155 20EC 8E 08 D2			stx audctl					; reset POKEY
   156 20EF A9 03			lda #3
   157 20F1 8D 0F D2			sta skctl
   158
   159 20F4 CA				dex						; X = 255
   160
   161 20F5				UNITINITIALIZATION
Macro: UNITINITIALIZATION [Source: main.a65]
    11 20F5 20 A2 21			jsr MAIN.SYS.@UnitInit
    15 20F8 20 AE 21			jsr MAIN.GR.@UnitInit
    19 20FB 20 53 22			jsr MAIN.SPRITES.@UnitInit
    23 20FE 20 D5 22			jsr MAIN.JOY.@UnitInit
   162
   163 2101			.local	MAIN						; PROCEDURE
   164
   165 2101 4C D8 23			jmp l_0007
   166
   167 				; ------------------------------------------------------------
   168
   169 2104			.local	SYSTEM						; UNIT
   170
   171 2104			.local	FILLBYTE_0042					; PROCEDURE | ASSEMBLER | OVERLOAD | REGISTER
   172
   173 				; ------------------------------------------------------------
   174
   175 				; Generate Assignment for BYTE / CHAR / SHORTINT / BOOLEAN
   176 				; as Pointer
   177 2104 B5 98			lda :STACKORIGIN,x
   178 2106 85 84			sta VALUE
   179 2108 CA				dex
   180
   181 				; ------------------------------------------------------------
   182
   183 				; Generate Assignment for WORD / SMALLINT / SHORTREAL / POINTER
   184 				; as Pointer
   185 2109 B5 98			lda :STACKORIGIN,x
   186 210B 85 8C			sta COUNT
   187 210D B5 A8			lda :STACKORIGIN+STACKWIDTH,x
   188 210F 85 8D			sta COUNT+1
   189 2111 CA				dex
   190
   191 				; ------------------------------------------------------------
   192
   193 				; Generate Assignment for WORD / SMALLINT / SHORTREAL / POINTER
   194 				; as Pointer
   195 2112 B5 98			lda :STACKORIGIN,x
   196 2114 85 88			sta A
   197 2116 B5 A8			lda :STACKORIGIN+STACKWIDTH,x
   198 2118 85 89			sta A+1
   199 211A CA				dex
   200
   201 				; ---------------------  ASM Block 029  ---------------------
   202
   203 211B 20 80 20			jsr @fill
   204
   205
   206 				; ------------------------------------------------------------
   207
   208 = 0088			A	= edx
   209 = 008C			COUNT	= ecx
   210 = 0084			VALUE	= eax
   211 211E			@exit
   212 					.ifdef @new
   213 					lda <@VarData
   214 					sta :ztmp
   215 					lda >@VarData
   216 					ldy #@VarDataSize-1
   217 					jmp @FreeMem
   218 					els
   219 211E 60				rts						; ret
   220 					eif
   221 				.endl
   222
   223 211F			.local	MOVE_004C					; PROCEDURE | ASSEMBLER | OVERLOAD | REGISTER
   224
   225 				; ------------------------------------------------------------
   226
   227 				; Generate Assignment for WORD / SMALLINT / SHORTREAL / POINTER
   228 				; as Pointer
   229 211F B5 98			lda :STACKORIGIN,x
   230 2121 85 84			sta COUNT
   231 2123 B5 A8			lda :STACKORIGIN+STACKWIDTH,x
   232 2125 85 85			sta COUNT+1
   233 2127 CA				dex
   234
   235 				; ------------------------------------------------------------
   236
   237 				; Generate Assignment for WORD / SMALLINT / SHORTREAL / POINTER
   238 				; as Pointer
   239 2128 B5 98			lda :STACKORIGIN,x
   240 212A 85 8C			sta DEST
   241 212C B5 A8			lda :STACKORIGIN+STACKWIDTH,x
   242 212E 85 8D			sta DEST+1
   243 2130 CA				dex
   244
   245 				; ------------------------------------------------------------
   246
   247 				; Generate Assignment for WORD / SMALLINT / SHORTREAL / POINTER
   248 				; as Pointer
   249 2131 B5 98			lda :STACKORIGIN,x
   250 2133 85 88			sta SOURCE
   251 2135 B5 A8			lda :STACKORIGIN+STACKWIDTH,x
   252 2137 85 89			sta SOURCE+1
   253 2139 CA				dex
   254
   255 				; ---------------------  ASM Block 031  ---------------------
   256
   257 213A 20 2B 20			jsr @move
   258
   259
   260 				; ------------------------------------------------------------
   261
   262 = 0088			SOURCE	= edx
   263 = 008C			DEST	= ecx
   264 = 0084			COUNT	= eax
   265 213D			@exit
   266 					.ifdef @new
   267 					lda <@VarData
   268 					sta :ztmp
   269 					lda >@VarData
   270 					ldy #@VarDataSize-1
   271 					jmp @FreeMem
   272 					els
   273 213D 60				rts						; ret
   274 					eif
   275 				.endl
   276
   277 213E			.local	PAUSE_006A					; PROCEDURE | ASSEMBLER | OVERLOAD
   278
   279 				; ---------------------  ASM Block 039  ---------------------
   280
   281 213E A5 14 C5 14 F0 FC		lda:cmp:req :rtclok+2
   282
   283 2144			@exit
   284 					.ifdef @new
   285 					lda <@VarData
   286 					sta :ztmp
   287 					lda >@VarData
   288 					ldy #@VarDataSize-1
   289 					jmp @FreeMem
   290 					els
   291 2144 60				rts						; ret
   292 					eif
   293 				.endl
   294
   295 				; ------------------------------------------------------------
   296
   297 = 0101			__PORTB_BANKS	= $0101
   298 = 0648			M_PI_2	= $0648
   299 = 0192			D_PI_2	= $0192
   300 = 0004			D_PI_180	= $04
   301 = 0000			MGTIA	= $00
   302 = 0080			MVBXE	= $80
   303 = 0000			VBXE_XDLADR	= $00
   304 = 0100			VBXE_BCBADR	= $0100
   305 = 1000			VBXE_MAPADR	= $1000
   306 = 5000			VBXE_OVRADR	= $5000
   307 = B000			VBXE_WINDOW	= $B000
   308 = 0000			IDLI	= $00
   309 = 0001			IVBL	= $01
   310 = 00FE			CH_DELCHR	= $FE
   311 = 009B			CH_ENTER	= $9B
   312 = 001B			CH_ESC	= $1B
   313 = 001C			CH_CURS_UP	= $1C
   314 = 001D			CH_CURS_DOWN	= $1D
   315 = 001E			CH_CURS_LEFT	= $1E
   316 = 001F			CH_CURS_RIGHT	= $1F
   317 = 007F			CH_TAB	= $7F
   318 = 009B			CH_EOL	= $9B
   319 = 007D			CH_CLR	= $7D
   320 = 00FD			CH_BELL	= $FD
   321 = 007E			CH_DEL	= $7E
   322 = 009C			CH_DELLINE	= $9C
   323 = 009D			CH_INSLINE	= $9D
   324 = 0000			COLOR_BLACK	= $00
   325 = 000E			COLOR_WHITE	= $0E
   326 = 0032			COLOR_RED	= $32
   327 = 0096			COLOR_CYAN	= $96
   328 = 0068			COLOR_VIOLET	= $68
   329 = 00C4			COLOR_GREEN	= $C4
   330 = 0074			COLOR_BLUE	= $74
   331 = 00EE			COLOR_YELLOW	= $EE
   332 = 0028			COLOR_ORANGE	= $28
   333 = 00E4			COLOR_BROWN	= $E4
   334 = 003C			COLOR_LIGHTRED	= $3C
   335 = 0004			COLOR_GRAY1	= $04
   336 = 0006			COLOR_GRAY2	= $06
   337 = 000A			COLOR_GRAY3	= $0A
   338 = 00CC			COLOR_LIGHTGREEN	= $CC
   339 = 007C			COLOR_LIGHTBLUE	= $7C
   340 = 0004			FMOPENREAD	= $04
   341 = 0008			FMOPENWRITE	= $08
   342 = 0009			FMOPENAPPEND	= $09
   343 = 000C			FMOPENREADWRITE	= $0C
   344 = 23F8			SCREENWIDTH	= DATAORIGIN+$0000
   345 = 23FA			SCREENHEIGHT	= DATAORIGIN+$0002
   346 = 23FC			DATESEPARATOR	= DATAORIGIN+$0004
   347 = D014			TVSYSTEM	= $D014
   348 = D20A			RND	= $D20A
   349 = 02C0			adr.PALETTE	= $02C0
   350 2145			.var PALETTE	= adr.PALETTE .word
   351 = D012			adr.HPALETTE	= $D012
   352 2145			.var HPALETTE	= adr.HPALETTE .word
   353 = 23FD			FILEMODE	= DATAORIGIN+$0005
   354 = 23FE			GRAPHMODE	= DATAORIGIN+$0006
   355 = 23FF			IORESULT	= DATAORIGIN+$0007
   356 = 2400			EOLN	= DATAORIGIN+$0008
   357 = 2401			RNDSEED	= DATAORIGIN+$0009
   358
   359 = 2145 C0 02		PALETTE
   359 = 2147 12 D0		HPALETTE
   359 				.endl							; UNIT SYSTEM
   360
   361 				; ------------------------------------------------------------
   362
   363 2149			.local	REGISTERS					; UNIT
   364
   365 				; ------------------------------------------------------------
   366
   367 = 0014			RTCLOK	= $14
   368 = D000			HPOSP0	= $D000
   369 = D001			HPOSP1	= $D001
   370 = D004			HPOSM0	= $D004
   371 = D005			HPOSM1	= $D005
   372 = D006			HPOSM2	= $D006
   373 = D007			HPOSM3	= $D007
   374 = D008			SIZEP0	= $D008
   375 = D009			SIZEP1	= $D009
   376 = D00A			SIZEP2	= $D00A
   377 = D00B			SIZEP3	= $D00B
   378 = D00C			SIZEM	= $D00C
   379 = D011			GRAFM	= $D011
   380 = D012			COLPM0	= $D012
   381 = D013			COLPM1	= $D013
   382 = D014			COLPM2	= $D014
   383 = D015			COLPM3	= $D015
   384 = D017			COLPF1	= $D017
   385 = D018			COLPF2	= $D018
   386 = D01A			COLBK	= $D01A
   387 = D01B			PRIOR	= $D01B
   388 = D01D			GRACTL	= $D01D
   389 = D20A			RND	= $D20A
   390 = D300			PORTA	= $D300
   391 = D301			PORTB	= $D301
   392 = D302			PACTL	= $D302
   393 = D400			DMACTL	= $D400
   394 = D402			DLIST	= $D402
   395 = D407			PMBASE	= $D407
   396 = D40A			WSYNC	= $D40A
   397 = D40B			VCOUNT	= $D40B
   398 = D40E			NMIEN	= $D40E
   399 = FFFA			NMIVEC	= $FFFA
   400 = D000			HPOSP01	= $D000
   401 = D008			SIZEP01	= $D008
   402 = D012			COLPM01	= $D012
   403 = 00FF			BMASK01	= $FF
   404 = 00FE			BMASK02	= $FE
   405 = 00FD			B01I	= $FD
   406 = 00FC			B02I	= $FC
   407
   408 				.endl							; UNIT REGISTERS
   409
   410 				; ------------------------------------------------------------
   411
   412 2149			.local	SYS						; UNIT
   413
   414 2149			.local	NMI						; PROCEDURE | ASSEMBLER | INTERRUPT
   415
   416 				; ---------------------  ASM Block 049  ---------------------
   417
   418
   419 				      bit NMIST \ bpl vbi     ; check kind of interrupt
   419 2149 2C 0F D4		      BIT NMIST 
   419 214C 10 03		 BPL VBI     
   420 = 214E			.def  :__dlijmp
   421 214E 4C 56 21		      jmp __off               ; VDSLST
   422 2151 E6 14		vbi:  inc RTCLOK+2
   423 = 2153			.def  :__vbijmp
   424 2153 4C 56 21		      jmp __off               ; VBIVEC
   425 = 2156			.def  :__off
   426
   427 2156 40				rti						; ret
   428 				.endl
   429
   430 2157			.local	SETVBI						; PROCEDURE | ASSEMBLER
   431
   432 				; ------------------------------------------------------------
   433
   434 				; Generate Assignment for WORD / SMALLINT / SHORTREAL / POINTER
   435 				; as Pointer
   436 2157 B5 98			lda :STACKORIGIN,x
   437 2159 8D 03 24			sta A
   438 215C B5 A8			lda :STACKORIGIN+STACKWIDTH,x
   439 215E 8D 04 24			sta A+1
   440 2161 CA				dex
   441
   442 				; ---------------------  ASM Block 050  ---------------------
   443
   444
   445 2162 AD 03 24 8D 54 21 +   mwa a __vbijmp+1
   446
   447
   448 				; ------------------------------------------------------------
   449
   450 = 2403			A	= DATAORIGIN+$000B
   451
   452 = 2403			@VarData	= A
   453 = 0002			@VarDataSize	= 2
   454
   455 216E			@exit
   456 					.ifdef @new
   457 					lda <@VarData
   458 					sta :ztmp
   459 					lda >@VarData
   460 					ldy #@VarDataSize-1
   461 					jmp @FreeMem
   462 					els
   463 216E 60				rts						; ret
   464 					eif
   465 				.endl
   466
   467 216F			.local	SETDLI						; PROCEDURE | ASSEMBLER
   468
   469 				; ------------------------------------------------------------
   470
   471 				; Generate Assignment for WORD / SMALLINT / SHORTREAL / POINTER
   472 				; as Pointer
   473 216F B5 98			lda :STACKORIGIN,x
   474 2171 8D 05 24			sta A
   475 2174 B5 A8			lda :STACKORIGIN+STACKWIDTH,x
   476 2176 8D 06 24			sta A+1
   477 2179 CA				dex
   478
   479 				; ---------------------  ASM Block 051  ---------------------
   480
   481
   482 217A AD 05 24 8D 4F 21 +   mwa a __dlijmp+1
   483
   484
   485 				; ------------------------------------------------------------
   486
   487 = 2405			A	= DATAORIGIN+$000D
   488
   489 = 2405			@VarData	= A
   490 = 0002			@VarDataSize	= 2
   491
   492 2186			@exit
   493 					.ifdef @new
   494 					lda <@VarData
   495 					sta :ztmp
   496 					lda >@VarData
   497 					ldy #@VarDataSize-1
   498 					jmp @FreeMem
   499 					els
   500 2186 60				rts						; ret
   501 					eif
   502 				.endl
   503
   504 2187			.local	SYSTEMOFF					; PROCEDURE
   505
   506 				; ---------------------  ASM Block 054  ---------------------
   507
   508 2187 78			 sei 
   509
   510 				; optimize OK (SYS), line = 63
   511
   512 2188 A9 00			lda #$00
   513 218A 8D 0E D4			sta REGISTERS.NMIEN
   514 218D A9 FE			lda #$FE
   515 218F 8D 01 D3			sta REGISTERS.PORTB
   516 2192 A9 49			lda <NMI
   517 2194 8D FA FF			sta REGISTERS.NMIVEC
   518 2197 A9 21			lda >NMI
   519 2199 8D FB FF			sta REGISTERS.NMIVEC+1
   520 219C A9 C0			lda #$C0
   521 219E 8D 0E D4			sta REGISTERS.NMIEN
   522 21A1			@exit
   523 					.ifdef @new
   524 					lda <@VarData
   525 					sta :ztmp
   526 					lda >@VarData
   527 					ldy #@VarDataSize-1
   528 					jmp @FreeMem
   529 					els
   530 21A1 60				rts						; ret
   531 					eif
   532 				.endl
   533
   534 				; ------------------------------------------------------------
   535 				; ------------------------------------------------------------
   536 21A2			@UnitInit
   537
   538 21A2 60				rts
   539
   540 				; ------------------------------------------------------------
   541
   542 				.endl							; UNIT SYS
   543
   544 				; ------------------------------------------------------------
   545
   546 21A3			.local	GR						; UNIT
   547
   548 21A3			.local	MODE2						; PROCEDURE
   549
   550 				; optimize OK (GR), line = 20
   551
   552 21A3 A9 00			lda #$00
   553 21A5 8D 02 D4			sta REGISTERS.DLIST
   554 21A8 A9 11			lda #$11
   555 21AA 8D 03 D4			sta REGISTERS.DLIST+1
   556 21AD			@exit
   557 					.ifdef @new
   558 					lda <@VarData
   559 					sta :ztmp
   560 					lda >@VarData
   561 					ldy #@VarDataSize-1
   562 					jmp @FreeMem
   563 					els
   564 21AD 60				rts						; ret
   565 					eif
   566 				.endl
   567
   568 				; ------------------------------------------------------------
   569 				; ------------------------------------------------------------
   570 21AE			@UnitInit
   571
   572 21AE 60				rts
   573
   574 				; ------------------------------------------------------------
   575
   576 = 1000			PM_ADR	= $1000
   577 = 1300			M0_ADR	= $1300
   578 = 1400			P0_ADR	= $1400
   579 = 1500			P1_ADR	= $1500
   580 = 1000			GFX_SHIP_ADR	= $1000
   581 = 000A			GFX_SHIP_SEG	= $0A
   582 = 0E0E			SHIP_COL	= $0E0E
   583 = 0030			SHIP_LEFT_LIMIT	= $30
   584 = 00C0			SHIP_RIGHT_LIMIT	= $C0
   585 = 0020			SHIP_TOP_LIMIT	= $20
   586 = 00A0			SHIP_BOTTOM_LIMIT	= $A0
   587 = 0008			JOY_LEFT	= $08
   588 = 0004			JOY_RIGHT	= $04
   589 = 0002			JOY_UP	= $02
   590 = 0001			JOY_DOWN	= $01
   591 = 1100			DL_2	= $1100
   592 = E000			GAME_LMS	= $E000
   593
   594 				.endl							; UNIT GR
   595
   596 				; ------------------------------------------------------------
   597
   598 21AF			.local	SPRITES						; UNIT
   599
   600 21AF			.local	COPYSHIP					; PROCEDURE
   601
   602 				; optimize OK (SPRITES), line = 27
   603
   604 21AF A5 02			lda BSHIPY
   605 21B1 85 8C			sta :ecx
   606 21B3 A9 14			lda #$14
   607 21B5 85 8D			sta :ecx+1
   608 21B7 A9 00			lda #$00
   609 21B9 85 88			sta :edx
   610 21BB A9 10			lda #$10
   611 21BD 85 89			sta :edx+1
   612 21BF A9 0A			lda #$0A
   613 21C1 85 84			sta :eax
   614 21C3 A9 00			lda #$00
   615 21C5 85 85			sta :eax+1
   616 21C7 20 2B 20			jsr @move
   617
   618 				; optimize OK (SPRITES), line = 28
   619
   620 21CA A5 02			lda BSHIPY
   621 21CC 85 8C			sta :ecx
   622 21CE A9 15			lda #$15
   623 21D0 85 8D			sta :ecx+1
   624 21D2 A9 0A			lda #$0A
   625 21D4 85 88			sta :edx
   626 21D6 A9 10			lda #$10
   627 21D8 85 89			sta :edx+1
   628 21DA A9 0A			lda #$0A
   629 21DC 85 84			sta :eax
   630 21DE A9 00			lda #$00
   631 21E0 85 85			sta :eax+1
   632 21E2 20 2B 20			jsr @move
   633 21E5			@exit
   634 					.ifdef @new
   635 					lda <@VarData
   636 					sta :ztmp
   637 					lda >@VarData
   638 					ldy #@VarDataSize-1
   639 					jmp @FreeMem
   640 					els
   641 21E5 60				rts						; ret
   642 					eif
   643 				.endl
   644
   645 21E6			.local	INIT						; PROCEDURE
   646
   647 				; optimize OK (SPRITES), line = 33
   648
   649 21E6				.LOCAL
   650 21E6 A0 00			ldy #$00
   651 21E8 98				tya
   652 21E9 99 00 13 99 80 13 + fill	:10 sta $1300+#*$80,y
   653 2207 C8				iny
   654 2208 10 DF			bpl fill
   655 					.ENDL
   656
   657 				; optimize OK (SPRITES), line = 34
   658
   659 220A A0 70			ldy #256-$90
   660 220C A9 FF			lda #$FF
   661 220E 99 B0 12 C8 D0 FA		sta:rne $1320+$90-256,y+
   662
   663 				; optimize OK (SPRITES), line = 36
   664
   665 2214 A9 10			lda #$10
   666 2216 8D 07 D4			sta REGISTERS.PMBASE
   667
   668 				; optimize OK (SPRITES), line = 37
   669
   670 2219 A9 0A			lda #$0A
   671 221B 8D 15 D0			sta REGISTERS.COLPM3
   672 221E A9 0E			lda #$0E
   673 2220 8D 12 D0			sta REGISTERS.COLPM01
   674 2223 8D 13 D0			sta REGISTERS.COLPM01+1
   675
   676 				; optimize OK (SPRITES), line = 38
   677
   678 2226 A9 50			lda #$50
   679 2228 85 02			sta BSHIPY
   680 222A A9 30			lda #$30
   681 222C 85 00			sta BHPOSP0
   682 222E A9 38			lda #$38
   683 2230 85 01			sta BHPOSP1
   684 2232 A5 00			lda WSHIPX
   685 2234 8D 00 D0			sta REGISTERS.HPOSP01
   686 2237 A5 01			lda WSHIPX+1
   687 2239 8D 01 D0			sta REGISTERS.HPOSP01+1
   688
   689 				; optimize OK (SPRITES), line = 39
   690
   691 223C A9 00			lda #$00
   692 223E 8D 08 D0			sta REGISTERS.SIZEP01
   693 2241 8D 09 D0			sta REGISTERS.SIZEP01+1
   694 2244 8D 0C D0			sta REGISTERS.SIZEM
   695 2247 8D 1B D0			sta REGISTERS.PRIOR
   696 224A A9 03			lda #$03
   697 224C 8D 1D D0			sta REGISTERS.GRACTL
   698
   699 				; optimize FAIL ('COPYSHIP', SPRITES), line = 41
   700
   701 224F 20 AF 21			jsr COPYSHIP
   702 2252			@exit
   703 					.ifdef @new
   704 					lda <@VarData
   705 					sta :ztmp
   706 					lda >@VarData
   707 					ldy #@VarDataSize-1
   708 					jmp @FreeMem
   709 					els
   710 2252 60				rts						; ret
   711 					eif
   712 				.endl
   713
   714 				; ------------------------------------------------------------
   715 				; ------------------------------------------------------------
   716 2253			@UnitInit
   717
   718 2253 60				rts
   719
   720 				; ------------------------------------------------------------
   721
   722 = 0000			BHPOSP0	= $00
   723 = 0001			BHPOSP1	= $01
   724 = 0002			BSHIPY	= $02
   725 = 0000			WSHIPX	= $00
   726 = 1000			PM_ADR	= $1000
   727 = 1300			M0_ADR	= $1300
   728 = 1400			P0_ADR	= $1400
   729 = 1500			P1_ADR	= $1500
   730 = 1000			GFX_SHIP_ADR	= $1000
   731 = 000A			GFX_SHIP_SEG	= $0A
   732 = 0E0E			SHIP_COL	= $0E0E
   733 = 0030			SHIP_LEFT_LIMIT	= $30
   734 = 00C0			SHIP_RIGHT_LIMIT	= $C0
   735 = 0020			SHIP_TOP_LIMIT	= $20
   736 = 00A0			SHIP_BOTTOM_LIMIT	= $A0
   737 = 0008			JOY_LEFT	= $08
   738 = 0004			JOY_RIGHT	= $04
   739 = 0002			JOY_UP	= $02
   740 = 0001			JOY_DOWN	= $01
   741 = 1100			DL_2	= $1100
   742 = E000			GAME_LMS	= $E000
   743
   744 				.endl							; UNIT SPRITES
   745
   746 				; ------------------------------------------------------------
   747
   748 2254			.local	JOY						; UNIT
   749
   750 2254			.local	MOVESHIP					; PROCEDURE
   751
   752 				; optimize OK (JOY), line = 23
   753
   754 2254 A9 0C			lda #$0C
   755 2256 85 FF			sta REGISTERS.BMASK01
   756
   757 				; optimize OK (JOY), line = 24
   758
   759 2258 A9 01			lda #$01
   760 225A 85 FD			sta REGISTERS.B01I
   761
   762 225C			l_00F1
   763 				; --- ForToDoCondition
   764
   765 				; optimize OK (JOY), line = 25
   766
   767 225C A5 03			lda JOYDIRECTION
   768 225E 25 FF			and REGISTERS.BMASK01
   769 2260 8D 07 24			sta @CASETMP_0002
   770 2263 C9 04			cmp #$04
   771 2265 D0 20			jne l_0110
   772 2267			@
   773
   774 				; optimize OK (JOY), line = 27
   775
   776 2267 A5 01			lda SPRITES.BHPOSP1
   777 2269 C9 C0			cmp #$C0
   778 226B B0 17			jcs l_0122
   779
   780 				; optimize OK (JOY), line = 28
   781
   782 226D A5 00			lda SPRITES.WSHIPX
   783 226F 18 69 01			add #$01
   784 2272 85 00			sta SPRITES.WSHIPX
   785 2274 A5 01			lda SPRITES.WSHIPX+1
   786 2276 69 01			adc #$01
   787 2278 85 01			sta SPRITES.WSHIPX+1
   788 227A A5 00			lda SPRITES.WSHIPX
   789 227C 8D 00 D0			sta REGISTERS.HPOSP01
   790 227F A5 01			lda SPRITES.WSHIPX+1
   791 2281 8D 01 D0			sta REGISTERS.HPOSP01+1
   792 2284			l_0122
   793
   794 2284 4C CC 22			jmp a_0002
   795 2287			l_0110
   796 2287 C9 08			cmp #$08
   797 2289 D0 20			jne l_0134
   798 228B			@
   799
   800 				; optimize OK (JOY), line = 32
   801
   802 228B A5 00			lda SPRITES.BHPOSP0
   803 228D C9 31			cmp #$31
   804 228F 90 17			jcc l_0146
   805
   806 				; optimize OK (JOY), line = 33
   807
   808 2291 A5 00			lda SPRITES.WSHIPX
   809 2293 38 E9 01			sub #$01
   810 2296 85 00			sta SPRITES.WSHIPX
   811 2298 A5 01			lda SPRITES.WSHIPX+1
   812 229A E9 01			sbc #$01
   813 229C 85 01			sta SPRITES.WSHIPX+1
   814 229E A5 00			lda SPRITES.WSHIPX
   815 22A0 8D 00 D0			sta REGISTERS.HPOSP01
   816 22A3 A5 01			lda SPRITES.WSHIPX+1
   817 22A5 8D 01 D0			sta REGISTERS.HPOSP01+1
   818 22A8			l_0146
   819
   820 22A8 4C CC 22			jmp a_0002
   821 22AB			l_0134
   822 22AB C9 02			cmp #$02
   823 22AD D0 0E			jne l_0158
   824 22AF			@
   825
   826 				; optimize OK (JOY), line = 37
   827
   828 22AF A5 02			lda SPRITES.BSHIPY
   829 22B1 C9 21			cmp #$21
   830 22B3 90 05			jcc l_016A
   831
   832 				; optimize FAIL (0, JOY), line = 38
   833
   834 22B5 C6 02			dec SPRITES.BSHIPY
   835 22B7 20 AF 21			jsr SPRITES.COPYSHIP
   836 22BA			l_016A
   837
   838 22BA 4C CC 22			jmp a_0002
   839 22BD			l_0158
   840 22BD C9 01			cmp #$01
   841 22BF D0 0B			jne l_017B
   842 22C1			@
   843
   844 				; optimize OK (JOY), line = 42
   845
   846 22C1 A5 02			lda SPRITES.BSHIPY
   847 22C3 C9 A0			cmp #$A0
   848 22C5 B0 05			jcs l_018D
   849
   850 				; optimize FAIL (0, JOY), line = 43
   851
   852 22C7 E6 02			inc SPRITES.BSHIPY
   853 22C9 20 AF 21			jsr SPRITES.COPYSHIP
   854 22CC			l_018D
   855
   856 22CC			l_017B
   857 22CC			a_0002
   858
   859 				; optimize OK (JOY), line = 47
   860
   861 22CC A9 03			lda #$03
   862 22CE 85 FF			sta REGISTERS.BMASK01
   863
   864 				; --- ForToDoEpilog
   865 22D0 C6 FD			dec REGISTERS.B01I
   866 22D2 10 88			jpl l_00F1
   867 22D4			l_00FF
   868
   869 				; ------------------------------------------------------------
   870
   871 = 0000			@FORTMP_00EE	= $00
   872 = 2407			@CASETMP_0002	= DATAORIGIN+$000F
   873
   874 = 2407			@VarData	= @CASETMP_0002
   875 = 0001			@VarDataSize	= 1
   876
   877 22D4			@exit
   878 					.ifdef @new
   879 					lda <@VarData
   880 					sta :ztmp
   881 					lda >@VarData
   882 					ldy #@VarDataSize-1
   883 					jmp @FreeMem
   884 					els
   885 22D4 60				rts						; ret
   886 					eif
   887 				.endl
   888
   889 				; ------------------------------------------------------------
   890 				; ------------------------------------------------------------
   891 22D5			@UnitInit
   892
   893 22D5 60				rts
   894
   895 				; ------------------------------------------------------------
   896
   897 = 0003			JOYDIRECTION	= $03
   898 = 1000			PM_ADR	= $1000
   899 = 1300			M0_ADR	= $1300
   900 = 1400			P0_ADR	= $1400
   901 = 1500			P1_ADR	= $1500
   902 = 1000			GFX_SHIP_ADR	= $1000
   903 = 000A			GFX_SHIP_SEG	= $0A
   904 = 0E0E			SHIP_COL	= $0E0E
   905 = 0030			SHIP_LEFT_LIMIT	= $30
   906 = 00C0			SHIP_RIGHT_LIMIT	= $C0
   907 = 0020			SHIP_TOP_LIMIT	= $20
   908 = 00A0			SHIP_BOTTOM_LIMIT	= $A0
   909 = 0008			JOY_LEFT	= $08
   910 = 0004			JOY_RIGHT	= $04
   911 = 0002			JOY_UP	= $02
   912 = 0001			JOY_DOWN	= $01
   913 = 1100			DL_2	= $1100
   914 = E000			GAME_LMS	= $E000
   915
   916 				.endl							; UNIT JOY
   917
   918 22D6			.local	VBI						; PROCEDURE | INTERRUPT
   919
   920 				; ---------------------  ASM Block 055  ---------------------
   921
   922 22D6 48 8A 48 98 48	 phr 
   923
   924 				; ---------------------  ASM Block 056  ---------------------
   925
   926 22DB 68 A8 68 AA 68	 plr 
   927 22E0 40				rti						; ret
   928 				.endl
   929
   930 22E1			.local	JOYHANDLER					; PROCEDURE | INTERRUPT
   931
   932 				; ---------------------  ASM Block 057  ---------------------
   933
   934 22E1 48 8A 48 98 48	 phr 
   935
   936 				; ---------------------  ASM Block 058  ---------------------
   937
   938 22E6 8D 0A D4		 sta WSYNC 
   939
   940 				; optimize OK (main.pas), line = 31
   941
   942 22E9 A9 0F			lda #$0F
   943 22EB 8D 1A D0			sta REGISTERS.COLBK
   944
   945 				; optimize OK (main.pas), line = 33
   946
   947 22EE AD 00 D3			lda REGISTERS.PORTA
   948 22F1 85 03			sta JOY.JOYDIRECTION
   949
   950 				; optimize OK (main.pas), line = 34
   951
   952 22F3 29 0F			and #$0F
   953 22F5 C9 0F			cmp #$0F
   954 22F7 F0 03			jeq l_01CE
   955 22F9 20 54 22			jsr JOY.MOVESHIP
   956 22FC			l_01CE
   957
   958 				; optimize OK (main.pas), line = 36
   959
   960 22FC A9 00			lda #$00
   961 22FE 8D 1A D0			sta REGISTERS.COLBK
   962
   963 				; optimize FAIL ('SYS.SETDLI', main.pas), line = 38
   964
   965 2301 E8				inx
   966 2302 AD 0A 24 95 98		mva PSTARS :STACKORIGIN,x
   967 2307 AD 0B 24 95 A8		mva PSTARS+1 :STACKORIGIN+STACKWIDTH,x
   968 230C 20 6F 21			jsr SYS.SETDLI
   969
   970 				; ---------------------  ASM Block 059  ---------------------
   971
   972 230F 68 A8 68 AA 68	 plr 
   973 2314 40				rti						; ret
   974 				.endl
   975
   976 2315			.local	STARS						; PROCEDURE | INTERRUPT
   977
   978 				; ---------------------  ASM Block 060  ---------------------
   979
   980 2315 48 8A 48 98 48	 phr 
   981
   982 				; optimize OK (main.pas), line = 47
   983
   984 231A A9 7C			lda #$7C
   985 231C 85 FE			sta B01I
   986
   987 231E			l_01E6
   988 				; --- ForToDoCondition
   989
   990 				; ---------------------  ASM Block 061  ---------------------
   991
   992 231E 8D 0A D4		 sta WSYNC 
   993
   994 				; optimize OK (main.pas), line = 49
   995
   996 2321 A4 FE			ldy B01I
   997 2323 B9 00 12			lda adr.ASTARS,y
   998 2326 8D 07 D0			sta REGISTERS.HPOSM3
   999
  1000 				; optimize OK (main.pas), line = 50
  1001
  1002 2329 B9 00 12			lda adr.ASTARS,y
  1003 232C 38 F9 7D 12			sub adr.ASPEED,y
  1004 2330 99 00 12			sta adr.ASTARS,y
  1005
  1006 				; optimize OK (main.pas), line = 51
  1007
  1008 2333 AD 0A D2			lda SYSTEM.RND
  1009 2336 8D 15 D0			sta REGISTERS.COLPM3
  1010
  1011 				; --- ForToDoEpilog
  1012 2339 C6 FE			dec B01I
  1013 233B 10 E1			jpl l_01E6
  1014 233D			l_01F4
  1015
  1016 				; optimize FAIL ('SYS.SETDLI', main.pas), line = 54
  1017
  1018 233D E8				inx
  1019 233E AD 08 24 95 98		mva PJOY :STACKORIGIN,x
  1020 2343 AD 09 24 95 A8		mva PJOY+1 :STACKORIGIN+STACKWIDTH,x
  1021 2348 20 6F 21			jsr SYS.SETDLI
  1022
  1023 				; ---------------------  ASM Block 062  ---------------------
  1024
  1025 234B 68 A8 68 AA 68	 plr 
  1026
  1027 				; ------------------------------------------------------------
  1028
  1029 = 0000			@FORTMP_01E3	= $00
  1030 2350 40				rti						; ret
  1031 				.endl
  1032
  1033 2351			.local	INIT						; PROCEDURE
  1034
  1035 				; optimize FAIL ('SYSTEM.PAUSE_006A', main.pas), line = 61
  1036
  1037 2351 20 3E 21			jsr SYSTEM.PAUSE_006A
  1038 2354 A9 00			lda #$00
  1039 2356 8D 00 D4			sta REGISTERS.DMACTL
  1040 2359 20 87 21			jsr SYS.SYSTEMOFF
  1041
  1042 				; optimize OK (main.pas), line = 63
  1043
  1044 235C A9 00			lda #$00
  1045 235E 85 88			sta :edx
  1046 2360 A9 E0			lda #$E0
  1047 2362 85 89			sta :edx+1
  1048 2364 A9 C0			lda #$C0
  1049 2366 85 8C			sta :ecx
  1050 2368 A9 03			lda #$03
  1051 236A 85 8D			sta :ecx+1
  1052 236C A9 00			lda #$00
  1053 236E 85 84			sta :eax
  1054 2370 20 80 20			jsr @fill
  1055
  1056 				; optimize OK (main.pas), line = 65
  1057
  1058 2373 A9 7C			lda #$7C
  1059 2375 85 FE			sta B01I
  1060
  1061 2377			l_022B
  1062 				; --- ForToDoCondition
  1063
  1064 				; optimize OK (main.pas), line = 66
  1065
  1066 2377 A4 FE			ldy B01I
  1067 2379 AD 0A D2			lda SYSTEM.RND
  1068 237C 99 00 12			sta adr.ASTARS,y
  1069
  1070 				; optimize OK (main.pas), line = 67
  1071
  1072 237F 29 03			and #$03
  1073 2381 18 69 01			add #$01
  1074 2384 99 7D 12			sta adr.ASPEED,y
  1075
  1076 				; --- ForToDoEpilog
  1077 2387 C6 FE			dec B01I
  1078 2389 10 EC			jpl l_022B
  1079 238B			l_0239
  1080
  1081 				; optimize FAIL ('SPRITES.INIT', main.pas), line = 70
  1082
  1083 238B 20 E6 21			jsr SPRITES.INIT
  1084
  1085 				; optimize FAIL ('GR.MODE2', main.pas), line = 71
  1086
  1087 238E 20 A3 21			jsr GR.MODE2
  1088 2391 A9 00			lda #$00
  1089 2393 8D 1A D0			sta REGISTERS.COLBK
  1090 2396 A9 02			lda #$02
  1091 2398 8D 18 D0			sta REGISTERS.COLPF2
  1092
  1093 				; optimize OK (main.pas), line = 72
  1094
  1095 239B AD 02 D3			lda REGISTERS.PACTL
  1096 239E 09 04			ora #$04
  1097 23A0 8D 02 D3			sta REGISTERS.PACTL
  1098
  1099 				; optimize OK (main.pas), line = 73
  1100
  1101 23A3 A9 E1			lda <JOYHANDLER
  1102 23A5 8D 08 24			sta PJOY
  1103 23A8 A9 22			lda >JOYHANDLER
  1104 23AA 8D 09 24			sta PJOY+1
  1105 23AD A9 15			lda <STARS
  1106 23AF 8D 0A 24			sta PSTARS
  1107 23B2 A9 23			lda >STARS
  1108 23B4 8D 0B 24			sta PSTARS+1
  1109
  1110 				; optimize FAIL ('SYS.SETVBI', main.pas), line = 75
  1111
  1112 23B7 E8				inx
  1113 23B8 A9 D6 95 98			mva <VBI :STACKORIGIN,x
  1114 23BC A9 22 95 A8			mva >VBI :STACKORIGIN+STACKWIDTH,x
  1115 23C0 20 57 21			jsr SYS.SETVBI
  1116
  1117 				; optimize FAIL ('SYS.SETDLI', main.pas), line = 76
  1118
  1119 23C3 E8				inx
  1120 23C4 A9 E1 95 98			mva <JOYHANDLER :STACKORIGIN,x
  1121 23C8 A9 22 95 A8			mva >JOYHANDLER :STACKORIGIN+STACKWIDTH,x
  1122 23CC 20 6F 21			jsr SYS.SETDLI
  1123
  1124 				; optimize FAIL ('SYSTEM.PAUSE_006A', main.pas), line = 78
  1125
  1126 23CF 20 3E 21			jsr SYSTEM.PAUSE_006A
  1127 23D2 A9 3E			lda #$3E
  1128 23D4 8D 00 D4			sta REGISTERS.DMACTL
  1129
  1130 				; ------------------------------------------------------------
  1131
  1132 = 0000			@FORTMP_0228	= $00
  1133 23D7			@exit
  1134 					.ifdef @new
  1135 					lda <@VarData
  1136 					sta :ztmp
  1137 					lda >@VarData
  1138 					ldy #@VarDataSize-1
  1139 					jmp @FreeMem
  1140 					els
  1141 23D7 60				rts						; ret
  1142 					eif
  1143 				.endl
  1144 23D8			l_0007
  1145
  1146 				; optimize FAIL ('INIT', main.pas), line = 82
  1147
  1148 23D8 20 51 23			jsr INIT
  1149
  1150 				; --- RepeatUntilProlog
  1151 23DB			l_027C
  1152
  1153 				; optimize OK (main.pas), line = 83
  1154
  1155 23DB 4C DB 23			jmp l_027C
  1156
  1157 				; ------------------------------------------------------------
  1158
  1159 = 1000			PM_ADR	= $1000
  1160 = 1300			M0_ADR	= $1300
  1161 = 1400			P0_ADR	= $1400
  1162 = 1500			P1_ADR	= $1500
  1163 = 1000			GFX_SHIP_ADR	= $1000
  1164 = 000A			GFX_SHIP_SEG	= $0A
  1165 = 0E0E			SHIP_COL	= $0E0E
  1166 = 0030			SHIP_LEFT_LIMIT	= $30
  1167 = 00C0			SHIP_RIGHT_LIMIT	= $C0
  1168 = 0020			SHIP_TOP_LIMIT	= $20
  1169 = 00A0			SHIP_BOTTOM_LIMIT	= $A0
  1170 = 0008			JOY_LEFT	= $08
  1171 = 0004			JOY_RIGHT	= $04
  1172 = 0002			JOY_UP	= $02
  1173 = 0001			JOY_DOWN	= $01
  1174 = 1100			DL_2	= $1100
  1175 = E000			GAME_LMS	= $E000
  1176 = 00FE			B01I	= $FE
  1177 = 1200			adr.ASTARS	= $1200
  1178 23DE			.var ASTARS	= adr.ASTARS .word
  1179 = 127D			adr.ASPEED	= $127D
  1180 23DE			.var ASPEED	= adr.ASPEED .word
  1181 = 2408			PJOY	= DATAORIGIN+$0010
  1182 = 240A			PSTARS	= DATAORIGIN+$0012
  1183 23DE			@exit
  1184
  1185 23DE A2 00		@halt	ldx #$00
  1186 23E0 9A				txs
  1187 					.ifdef MAIN.@DEFINES.ROMOFF
  1188 					inc portb
  1189 					.endif
  1190
  1191 23E1 A0 01			ldy #$01
  1192
  1193 23E3 60				rts
  1194
  1195 				; ------------------------------------------------------------
  1196
  1197 23E4 00 00 00 00 00 00 + IOCB@COPY	:16 brk
  1198
  1199 				; ------------------------------------------------------------
  1200
  1201 23F4			.local	@DEFINES
  1202 23F4			ATARI
  1203 				.endl
  1204
  1205 23F4			.local	@RESOURCE
  1206 				.endl
  1207
  1208 = 23F4 00 12		ASTARS
  1208 = 23F6 7D 12		ASPEED
  1208 				.endl							; MAIN
  1209
  1210 				; ------------------------------------------------------------
  1211 				; ------------------------------------------------------------
  1212
  1213 				.macro	UNITINITIALIZATION
  1214 				
  1215 					.ifdef MAIN.SYSTEM.@UnitInit
  1216 					jsr MAIN.SYSTEM.@UnitInit
  1217 					eif
  1218 				
  1219 					.ifdef MAIN.REGISTERS.@UnitInit
  1220 					jsr MAIN.REGISTERS.@UnitInit
  1221 					eif
  1222 				
  1223 					.ifdef MAIN.SYS.@UnitInit
  1224 					jsr MAIN.SYS.@UnitInit
  1225 					eif
  1226 				
  1227 					.ifdef MAIN.GR.@UnitInit
  1228 					jsr MAIN.GR.@UnitInit
  1229 					eif
  1230 				
  1231 					.ifdef MAIN.SPRITES.@UnitInit
  1232 					jsr MAIN.SPRITES.@UnitInit
  1233 					eif
  1234 				
  1235 					.ifdef MAIN.JOY.@UnitInit
  1236 					jsr MAIN.JOY.@UnitInit
  1237 					eif
  1238 				.endm
  1239
  1240 				; ------------------------------------------------------------
  1241
  1242 					ift .SIZEOF(MAIN.SYSTEM) > 0
  1243 					.print 'SYSTEM: ',MAIN.SYSTEM,'..',MAIN.SYSTEM+.SIZEOF(MAIN.SYSTEM)-1
  1243 				SYSTEM: $2104..$2148
  1244 					eif
  1245
  1246 					ift .SIZEOF(MAIN.REGISTERS) > 0
  1247 					.print 'REGISTERS: ',MAIN.REGISTERS,'..',MAIN.REGISTERS+.SIZEOF(MAIN.REGISTERS)-1
  1248 					eif
  1249
  1250 					ift .SIZEOF(MAIN.SYS) > 0
  1251 					.print 'SYS: ',MAIN.SYS,'..',MAIN.SYS+.SIZEOF(MAIN.SYS)-1
  1251 				SYS: $2149..$21A2
  1252 					eif
  1253
  1254 					ift .SIZEOF(MAIN.GR) > 0
  1255 					.print 'GR: ',MAIN.GR,'..',MAIN.GR+.SIZEOF(MAIN.GR)-1
  1255 				GR: $21A3..$21AE
  1256 					eif
  1257
  1258 					ift .SIZEOF(MAIN.SPRITES) > 0
  1259 					.print 'SPRITES: ',MAIN.SPRITES,'..',MAIN.SPRITES+.SIZEOF(MAIN.SPRITES)-1
  1259 				SPRITES: $21AF..$2253
  1260 					eif
  1261
  1262 					ift .SIZEOF(MAIN.JOY) > 0
  1263 					.print 'JOY: ',MAIN.JOY,'..',MAIN.JOY+.SIZEOF(MAIN.JOY)-1
  1263 				JOY: $2254..$22D5
  1264 					eif
  1265
  1266 					.print 'CODE: ',CODEORIGIN,'..',MAIN.@RESOURCE-1
  1266 				CODE: $2000..$23F3
  1267
  1268 				; ------------------------------------------------------------
  1269
  1270 23F8				.align $04
  1271
  1272 23F8			DATAORIGIN
  1273 23F8 28 00 18 00 2D 0C	.by  $28 $00 $18 $00 $2D $0C
  1274
  1275 = 0006			VARINITSIZE	= *-DATAORIGIN
  1276 = 0014			VARDATASIZE	= 20
  1277
  1278 = 240C			PROGRAMSTACK	= DATAORIGIN+VARDATASIZE
  1279
  1280 					.print 'DATA: ',DATAORIGIN,'..',PROGRAMSTACK
  1280 				DATA: $23F8..$240C
  1281
  1282 02E0-02E1> C8 20			run START
  1283
  1284 				; ------------------------------------------------------------
  1285
  1286 				.macro	STATICDATA
  1287 				.endm
  1288
  1289 					end
