mads 2.1.1
  1133 					opt l+
    98 = 0000				?EXTDETECT = 0
    99 = 0000				?VBXDETECT = 0
   100
   101 2075				RCASM 'res/gr_dl.asm' GLOBALS.DL_2 0 0 0 0 0 0 0 0
Macro: RESOURCE.RCASM [Source: resource.asm]
     2 2075				org RESORIGIN
     4 = 001A			len = .sizeof(_GLOBALS.DL_2)
     6 				mcpy	ift main.GLOBALS.DL_2+len >= $bc20
    11 2075 20 41 20			jsr sys.off
    13 2078 A9 96 85 88 A9 20 +  MWA #DATA EDX
    13 2080 A9 00 85 8C A9 11 +  MWA #MAIN.GLOBALS.DL_2 ECX
    13 2088 A9 1A 85 84 A9 00 +  MWA #LEN EAX
    13 2090 20 00 20		 JSR RESOURCE.MEMCPY
    15 2093 4C 65 20			jmp sys.on
    16 2096			data
Source: const.inc
     1 = 1000			PM_ADR              = $1000;                      // players & missiles memory (2K) start address
     2 = 1300			M0_ADR              = PM_ADR + $300;              // missile 0 start memory address
     3 = 1400			P0_ADR              = PM_ADR + $400;              // player 0 start memory address
     4 = 1500			P1_ADR              = PM_ADR + $500;              // player 1 start memory address
     5 = 1000			GFX_SHIP_ADR        = $1000;                      // ship gfx memory start address, ship size = 20 bytes, 16 bytes for gfx and 4 bytes fo top/bottom empty rows
     6 = 0008			GFX_SHIP_SEG        = 8;                          // ship gfx 10 byte segment, 10B for P0 & 10B for P1
     8 = 1800			GFX_FONTS_ADR       = $1800;
    10 = 1100			DL_2                = $1100;                      // display list memory start address for ANTIC mode 2
    11 = EC3F			GAME_LMS            = $efff - $3c0;               // Load Memory Scan address
    12 = E000			GAME_LMS_END        = $e000;
    13 = 0015			GAME_SCREEN_ROWS    = 21;
    15 = 0E0E			SHIP_COL            = $0e0e;
    16 = 0030			SHIP_LEFT_LIMIT     = 48;
    17 = 00B0			SHIP_RIGHT_LIMIT    = SHIP_LEFT_LIMIT + (16 * 8);
    18 = 0020			SHIP_TOP_LIMIT      = 32;
    19 = 00A8			SHIP_BOTTOM_LIMIT   = 8 * GAME_SCREEN_ROWS;
    20 = 0202			SHIP_X_STEP         = $0202;
    21 = 0004			SHIP_Y_STEP         = 4;
    23 = 0008			JOY_LEFT            = %1000;
    24 = 0004			JOY_RIGHT           = %0100;
    25 = 0002			JOY_UP              = %0010;
    26 = 0001			JOY_DOWN            = %0001;
     3 1100			dl2
     4 1100 F0 70 F0		    .byte $f0,$70,$f0
     5 1103 42 3F EC		    .byte $42,a(GAME_LMS)
     6 1106 02 02 02 02 02 02 + :17 .byte 2
     7 1117 41 00 11		    .byte $41,a(dl2)
    23 					.print '$R RCASM   ',main.GLOBALS.DL_2,'..',main.GLOBALS.DL_2+len-1," 'res/gr_dl.asm'"
    23 				$R RCASM   $1100..$1119 'res/gr_dl.asm'
    25 02E2-02E3> 75 20			ini mcpy
Source: main.a65
   102 20B0				RCDATA 'res/gfx_ship.bin' GLOBALS.GFX_SHIP_ADR 0 0 0 0 0 0 0 0
Macro: RESOURCE.RCDATA [Source: resource.asm]
     2 = 0010			len = .filesize('res/gfx_ship.bin')
    28 20B0				org main.GLOBALS.GFX_SHIP_ADR
    30 1000-100F> 70 7B 1E 3F + 	ins 'res/gfx_ship.bin'
    32 					.print '$R RCDATA  ',main.GLOBALS.GFX_SHIP_ADR,'..',*-1," 'res/gfx_ship.bin'"
    32 				$R RCDATA  $1000..$100F 'res/gfx_ship.bin'
Source: main.a65
   103 1010				RCDATA 'res/charset.fnt' GLOBALS.GFX_FONTS_ADR 0 0 0 0 0 0 0 0
Macro: RESOURCE.RCDATA [Source: resource.asm]
     2 = 0400			len = .filesize('res/charset.fnt')
    28 1010				org main.GLOBALS.GFX_FONTS_ADR
    30 1800-1BFF> 00 00 00 00 + 	ins 'res/charset.fnt'
    32 					.print '$R RCDATA  ',main.GLOBALS.GFX_FONTS_ADR,'..',*-1," 'res/charset.fnt'"
    32 				$R RCDATA  $1800..$1BFF 'res/charset.fnt'
Source: main.a65
   104 				.endl
   105
   106 				; ------------------------------------------------------------
   107
   108 1C00				org CODEORIGIN
   109
   110 2000				STATICDATA
Macro: STATICDATA [Source: main.a65]
Source: main.a65
   111
   112 				; ------------------------------------------------------------
   113
   114 2000			RTLIB
   115 2000				icl 'rtl6502_a8.asm'
Source: rtl6502_a8.asm
   148 					opt l+
   116
   117 				.print 'ZPAGE: ',fxptr,'..',zpend-1
   117 				ZPAGE: $0080..$00D7
   118
   119 				.print 'RTLIB: ',RTLIB,'..',*-1
   119 				RTLIB: $2000..$205B
   120
   121 				; ------------------------------------------------------------
   122
   123 205C			START
   124 205C BA				tsx
   125 205D 8E 41 24			stx MAIN.@halt+1
   126
   127 					.ifdef fmulinit
   128 					fmulinit
   129 					eif
   130
   131 = 000E			VLEN	= VARDATASIZE-VARINITSIZE
   132 = 2462			VADR	= DATAORIGIN+VARINITSIZE
   133
   134 					ift VADR > $BFFF
   135 					ert 'Invalid memory address range ',VADR
   136 					eli (VLEN>0) && (VLEN<=256)
   137 2060 A2 F2			ldx #256-VLEN
   138 2062 A9 00			lda #$00
   139 2064 9D 70 23 E8 D0 FA		sta:rne VADR+VLEN-256,x+
   140 					eli VLEN>0
   141 					@fill #VADR #VLEN #$00
   142 					eif
   143
   144 206A A9 70 85 82 A9 24 + 	mwa #PROGRAMSTACK psptr
   145
   146 					.ifdef MAIN.@DEFINES.ROMOFF
   147 					icl 'atari\romoff.asm'
   148 					.endif
   149
   150 2072 A2 0F			ldx #$0F					; DOS II+/D ParamStr
   151 2074 BD 40 03 9D 46 24 + 	mva:rpl $340,x MAIN.IOCB@COPY,x-
   152
   153 207D E8				inx						; X = 0
   154 207E 86 90			stx bp						; BP = 0
   155
   156 2080 8E 08 D2			stx audctl					; reset POKEY
   157 2083 A9 03			lda #3
   158 2085 8D 0F D2			sta skctl
   159
   160 2088 CA				dex						; X = 255
   161
   162 2089				UNITINITIALIZATION
Macro: UNITINITIALIZATION [Source: main.a65]
    11 2089 20 2C 21			jsr MAIN.SYS.@UnitInit
    15 208C 20 38 21			jsr MAIN.GR.@UnitInit
    19 208F 20 EE 21			jsr MAIN.SPRITES.@UnitInit
    23 2092 20 A8 22			jsr MAIN.JOY.@UnitInit
   163
   164 2095			.local	MAIN						; PROCEDURE
   165
   166 2095 4C 3A 24			jmp l_0007
   167
   168 				; ------------------------------------------------------------
   169
   170 2098			.local	SYSTEM						; UNIT
   171
   172 2098			.local	POKE						; PROCEDURE | ASSEMBLER | REGISTER
   173
   174 				; ------------------------------------------------------------
   175
   176 				; Generate Assignment for BYTE / CHAR / SHORTINT / BOOLEAN
   177 				; as Pointer
   178 2098 B5 98			lda :STACKORIGIN,x
   179 209A 85 8C			sta VALUE
   180 209C CA				dex
   181
   182 				; ------------------------------------------------------------
   183
   184 				; Generate Assignment for WORD / SMALLINT / SHORTREAL / POINTER
   185 				; as Pointer
   186 209D B5 98			lda :STACKORIGIN,x
   187 209F 85 88			sta A
   188 20A1 B5 A8			lda :STACKORIGIN+STACKWIDTH,x
   189 20A3 85 89			sta A+1
   190 20A5 CA				dex
   191
   192 				; ---------------------  ASM Block 021  ---------------------
   193
   194 20A6 A0 00			ldy #0
   195 20A8 A5 8C 91 88			mva value (edx),y
   196
   197
   198 				; ------------------------------------------------------------
   199
   200 = 0088			A	= edx
   201 = 008C			VALUE	= ecx
   202 20AC			@exit
   203 					.ifdef @new
   204 					lda <@VarData
   205 					sta :ztmp
   206 					lda >@VarData
   207 					ldy #@VarDataSize-1
   208 					jmp @FreeMem
   209 					els
   210 20AC 60				rts						; ret
   211 					eif
   212 				.endl
   213
   214 20AD			.local	FILLBYTE_0049					; PROCEDURE | ASSEMBLER | OVERLOAD | REGISTER
   215
   216 				; ------------------------------------------------------------
   217
   218 				; Generate Assignment for BYTE / CHAR / SHORTINT / BOOLEAN
   219 				; as Pointer
   220 20AD B5 98			lda :STACKORIGIN,x
   221 20AF 85 84			sta VALUE
   222 20B1 CA				dex
   223
   224 				; ------------------------------------------------------------
   225
   226 				; Generate Assignment for WORD / SMALLINT / SHORTREAL / POINTER
   227 				; as Pointer
   228 20B2 B5 98			lda :STACKORIGIN,x
   229 20B4 85 8C			sta COUNT
   230 20B6 B5 A8			lda :STACKORIGIN+STACKWIDTH,x
   231 20B8 85 8D			sta COUNT+1
   232 20BA CA				dex
   233
   234 				; ------------------------------------------------------------
   235
   236 				; Generate Assignment for WORD / SMALLINT / SHORTREAL / POINTER
   237 				; as Pointer
   238 20BB B5 98			lda :STACKORIGIN,x
   239 20BD 85 88			sta A
   240 20BF B5 A8			lda :STACKORIGIN+STACKWIDTH,x
   241 20C1 85 89			sta A+1
   242 20C3 CA				dex
   243
   244 				; ---------------------  ASM Block 029  ---------------------
   245
   246 20C4 20 00 20			jsr @fill
   247
   248
   249 				; ------------------------------------------------------------
   250
   251 = 0088			A	= edx
   252 = 008C			COUNT	= ecx
   253 = 0084			VALUE	= eax
   254 20C7			@exit
   255 					.ifdef @new
   256 					lda <@VarData
   257 					sta :ztmp
   258 					lda >@VarData
   259 					ldy #@VarDataSize-1
   260 					jmp @FreeMem
   261 					els
   262 20C7 60				rts						; ret
   263 					eif
   264 				.endl
   265
   266 20C8			.local	PAUSE_0067					; PROCEDURE | ASSEMBLER | OVERLOAD
   267
   268 				; ---------------------  ASM Block 039  ---------------------
   269
   270 20C8 A5 14 C5 14 F0 FC		lda:cmp:req :rtclok+2
   271
   272 20CE			@exit
   273 					.ifdef @new
   274 					lda <@VarData
   275 					sta :ztmp
   276 					lda >@VarData
   277 					ldy #@VarDataSize-1
   278 					jmp @FreeMem
   279 					els
   280 20CE 60				rts						; ret
   281 					eif
   282 				.endl
   283
   284 				; ------------------------------------------------------------
   285
   286 = 0101			__PORTB_BANKS	= $0101
   287 = 0648			M_PI_2	= $0648
   288 = 0192			D_PI_2	= $0192
   289 = 0004			D_PI_180	= $04
   290 = 0000			MGTIA	= $00
   291 = 0080			MVBXE	= $80
   292 = 0000			VBXE_XDLADR	= $00
   293 = 0100			VBXE_BCBADR	= $0100
   294 = 1000			VBXE_MAPADR	= $1000
   295 = 5000			VBXE_OVRADR	= $5000
   296 = B000			VBXE_WINDOW	= $B000
   297 = 0000			IDLI	= $00
   298 = 0001			IVBL	= $01
   299 = 00FE			CH_DELCHR	= $FE
   300 = 009B			CH_ENTER	= $9B
   301 = 001B			CH_ESC	= $1B
   302 = 001C			CH_CURS_UP	= $1C
   303 = 001D			CH_CURS_DOWN	= $1D
   304 = 001E			CH_CURS_LEFT	= $1E
   305 = 001F			CH_CURS_RIGHT	= $1F
   306 = 007F			CH_TAB	= $7F
   307 = 009B			CH_EOL	= $9B
   308 = 007D			CH_CLR	= $7D
   309 = 00FD			CH_BELL	= $FD
   310 = 007E			CH_DEL	= $7E
   311 = 009C			CH_DELLINE	= $9C
   312 = 009D			CH_INSLINE	= $9D
   313 = 0000			COLOR_BLACK	= $00
   314 = 000E			COLOR_WHITE	= $0E
   315 = 0032			COLOR_RED	= $32
   316 = 0096			COLOR_CYAN	= $96
   317 = 0068			COLOR_VIOLET	= $68
   318 = 00C4			COLOR_GREEN	= $C4
   319 = 0074			COLOR_BLUE	= $74
   320 = 00EE			COLOR_YELLOW	= $EE
   321 = 0028			COLOR_ORANGE	= $28
   322 = 00E4			COLOR_BROWN	= $E4
   323 = 003C			COLOR_LIGHTRED	= $3C
   324 = 0004			COLOR_GRAY1	= $04
   325 = 0006			COLOR_GRAY2	= $06
   326 = 000A			COLOR_GRAY3	= $0A
   327 = 00CC			COLOR_LIGHTGREEN	= $CC
   328 = 007C			COLOR_LIGHTBLUE	= $7C
   329 = 0004			FMOPENREAD	= $04
   330 = 0008			FMOPENWRITE	= $08
   331 = 0009			FMOPENAPPEND	= $09
   332 = 000C			FMOPENREADWRITE	= $0C
   333 = 245C			SCREENWIDTH	= DATAORIGIN+$0000
   334 = 245E			SCREENHEIGHT	= DATAORIGIN+$0002
   335 = 2460			DATESEPARATOR	= DATAORIGIN+$0004
   336 = D014			TVSYSTEM	= $D014
   337 = D20A			RND	= $D20A
   338 = 02C0			adr.PALETTE	= $02C0
   339 20CF			.var PALETTE	= adr.PALETTE .word
   340 = D012			adr.HPALETTE	= $D012
   341 20CF			.var HPALETTE	= adr.HPALETTE .word
   342 = 2461			FILEMODE	= DATAORIGIN+$0005
   343 = 2462			GRAPHMODE	= DATAORIGIN+$0006
   344 = 2463			IORESULT	= DATAORIGIN+$0007
   345 = 2464			EOLN	= DATAORIGIN+$0008
   346 = 2465			RNDSEED	= DATAORIGIN+$0009
   347
   348 = 20CF C0 02		PALETTE
   348 = 20D1 12 D0		HPALETTE
   348 				.endl							; UNIT SYSTEM
   349
   350 				; ------------------------------------------------------------
   351
   352 20D3			.local	GLOBALS						; UNIT
   353
   354 				; ------------------------------------------------------------
   355
   356 = 1000			PM_ADR	= $1000
   357 = 1300			M0_ADR	= $1300
   358 = 1400			P0_ADR	= $1400
   359 = 1500			P1_ADR	= $1500
   360 = 1000			GFX_SHIP_ADR	= $1000
   361 = 0008			GFX_SHIP_SEG	= $08
   362 = 1800			GFX_FONTS_ADR	= $1800
   363 = 1100			DL_2	= $1100
   364 = EC3F			GAME_LMS	= $EC3F
   365 = E000			GAME_LMS_END	= $E000
   366 = 0015			GAME_SCREEN_ROWS	= $15
   367 = 0E0E			SHIP_COL	= $0E0E
   368 = 0030			SHIP_LEFT_LIMIT	= $30
   369 = 00B0			SHIP_RIGHT_LIMIT	= $B0
   370 = 0020			SHIP_TOP_LIMIT	= $20
   371 = 00A8			SHIP_BOTTOM_LIMIT	= $A8
   372 = 0202			SHIP_X_STEP	= $0202
   373 = 0004			SHIP_Y_STEP	= $04
   374 = 0008			JOY_LEFT	= $08
   375 = 0004			JOY_RIGHT	= $04
   376 = 0002			JOY_UP	= $02
   377 = 0001			JOY_DOWN	= $01
   378 = 0014			RTCLOK	= $14
   379 = D000			HPOSP0	= $D000
   380 = D001			HPOSP1	= $D001
   381 = D004			HPOSM0	= $D004
   382 = D005			HPOSM1	= $D005
   383 = D006			HPOSM2	= $D006
   384 = D007			HPOSM3	= $D007
   385 = D008			SIZEP0	= $D008
   386 = D009			SIZEP1	= $D009
   387 = D00A			SIZEP2	= $D00A
   388 = D00B			SIZEP3	= $D00B
   389 = D00C			SIZEM	= $D00C
   390 = D010			GRAFP3	= $D010
   391 = D010			TRIG0	= $D010
   392 = D011			GRAFM	= $D011
   393 = D012			COLPM0	= $D012
   394 = D013			COLPM1	= $D013
   395 = D014			COLPM2	= $D014
   396 = D015			COLPM3	= $D015
   397 = D016			COLPF0	= $D016
   398 = D017			COLPF1	= $D017
   399 = D018			COLPF2	= $D018
   400 = D019			COLPF3	= $D019
   401 = D01A			COLBK	= $D01A
   402 = D01B			PRIOR	= $D01B
   403 = D01D			GRACTL	= $D01D
   404 = D20A			RND	= $D20A
   405 = D300			PORTA	= $D300
   406 = D301			PORTB	= $D301
   407 = D302			PACTL	= $D302
   408 = D400			DMACTL	= $D400
   409 = D402			DLIST	= $D402
   410 = D407			PMBASE	= $D407
   411 = D409			CHBAS	= $D409
   412 = D40A			WSYNC	= $D40A
   413 = D40B			VCOUNT	= $D40B
   414 = D40E			NMIEN	= $D40E
   415 = FFFA			NMIVEC	= $FFFA
   416 = D000			HPOSP01	= $D000
   417 = D008			SIZEP01	= $D008
   418 = D012			COLPM01	= $D012
   419 = 1104			WDL2LMS	= $1104
   420 = 00FF			BTMP1	= $FF
   421 = 00FE			BTMP2	= $FE
   422 = 00FD			B1I	= $FD
   423 = 00FC			B2I	= $FC
   424 = 00FA			WTMP1	= $FA
   425 = 00F8			WTMP2	= $F8
   426 = 00F6			WTMP3	= $F6
   427 = 00F4			WTMP4	= $F4
   428 = 00F3			ODDCOUNTER	= $F3
   429
   430 				.endl							; UNIT GLOBALS
   431
   432 				; ------------------------------------------------------------
   433
   434 20D3			.local	SYS						; UNIT
   435
   436 20D3			.local	NMI						; PROCEDURE | ASSEMBLER | INTERRUPT
   437
   438 				; ---------------------  ASM Block 049  ---------------------
   439
   440
   441 				      bit NMIST \ bpl vbi     ; check kind of interrupt
   441 20D3 2C 0F D4		      BIT NMIST 
   441 20D6 10 03		 BPL VBI     
   442 = 20D8			.def  :__dlijmp
   443 20D8 4C E0 20		      jmp __off               ; VDSLST
   444 20DB E6 14		vbi:  inc RTCLOK+2
   445 = 20DD			.def  :__vbijmp
   446 20DD 4C E0 20		      jmp __off               ; VBIVEC
   447 = 20E0			.def  :__off
   448
   449 20E0 40				rti						; ret
   450 				.endl
   451
   452 20E1			.local	SETVBI						; PROCEDURE | ASSEMBLER
   453
   454 				; ------------------------------------------------------------
   455
   456 				; Generate Assignment for WORD / SMALLINT / SHORTREAL / POINTER
   457 				; as Pointer
   458 20E1 B5 98			lda :STACKORIGIN,x
   459 20E3 8D 67 24			sta A
   460 20E6 B5 A8			lda :STACKORIGIN+STACKWIDTH,x
   461 20E8 8D 68 24			sta A+1
   462 20EB CA				dex
   463
   464 				; ---------------------  ASM Block 050  ---------------------
   465
   466
   467 20EC AD 67 24 8D DE 20 +   mwa a __vbijmp+1
   468
   469
   470 				; ------------------------------------------------------------
   471
   472 = 2467			A	= DATAORIGIN+$000B
   473
   474 = 2467			@VarData	= A
   475 = 0002			@VarDataSize	= 2
   476
   477 20F8			@exit
   478 					.ifdef @new
   479 					lda <@VarData
   480 					sta :ztmp
   481 					lda >@VarData
   482 					ldy #@VarDataSize-1
   483 					jmp @FreeMem
   484 					els
   485 20F8 60				rts						; ret
   486 					eif
   487 				.endl
   488
   489 20F9			.local	SETDLI						; PROCEDURE | ASSEMBLER
   490
   491 				; ------------------------------------------------------------
   492
   493 				; Generate Assignment for WORD / SMALLINT / SHORTREAL / POINTER
   494 				; as Pointer
   495 20F9 B5 98			lda :STACKORIGIN,x
   496 20FB 8D 69 24			sta A
   497 20FE B5 A8			lda :STACKORIGIN+STACKWIDTH,x
   498 2100 8D 6A 24			sta A+1
   499 2103 CA				dex
   500
   501 				; ---------------------  ASM Block 051  ---------------------
   502
   503
   504 2104 AD 69 24 8D D9 20 +   mwa a __dlijmp+1
   505
   506
   507 				; ------------------------------------------------------------
   508
   509 = 2469			A	= DATAORIGIN+$000D
   510
   511 = 2469			@VarData	= A
   512 = 0002			@VarDataSize	= 2
   513
   514 2110			@exit
   515 					.ifdef @new
   516 					lda <@VarData
   517 					sta :ztmp
   518 					lda >@VarData
   519 					ldy #@VarDataSize-1
   520 					jmp @FreeMem
   521 					els
   522 2110 60				rts						; ret
   523 					eif
   524 				.endl
   525
   526 2111			.local	SYSTEMOFF					; PROCEDURE
   527
   528 				; ---------------------  ASM Block 054  ---------------------
   529
   530 2111 78			 sei 
   531
   532 				; optimize OK (SYS), line = 63
   533
   534 2112 A9 00			lda #$00
   535 2114 8D 0E D4			sta GLOBALS.NMIEN
   536 2117 A9 FE			lda #$FE
   537 2119 8D 01 D3			sta GLOBALS.PORTB
   538 211C A9 D3			lda <NMI
   539 211E 8D FA FF			sta GLOBALS.NMIVEC
   540 2121 A9 20			lda >NMI
   541 2123 8D FB FF			sta GLOBALS.NMIVEC+1
   542 2126 A9 C0			lda #$C0
   543 2128 8D 0E D4			sta GLOBALS.NMIEN
   544 212B			@exit
   545 					.ifdef @new
   546 					lda <@VarData
   547 					sta :ztmp
   548 					lda >@VarData
   549 					ldy #@VarDataSize-1
   550 					jmp @FreeMem
   551 					els
   552 212B 60				rts						; ret
   553 					eif
   554 				.endl
   555
   556 				; ------------------------------------------------------------
   557 				; ------------------------------------------------------------
   558 212C			@UnitInit
   559
   560 212C 60				rts
   561
   562 				; ------------------------------------------------------------
   563
   564 				.endl							; UNIT SYS
   565
   566 				; ------------------------------------------------------------
   567
   568 212D			.local	GR						; UNIT
   569
   570 212D			.local	MODE2						; PROCEDURE
   571
   572 				; optimize OK (GR), line = 17
   573
   574 212D A9 00			lda #$00
   575 212F 8D 02 D4			sta GLOBALS.DLIST
   576 2132 A9 11			lda #$11
   577 2134 8D 03 D4			sta GLOBALS.DLIST+1
   578 2137			@exit
   579 					.ifdef @new
   580 					lda <@VarData
   581 					sta :ztmp
   582 					lda >@VarData
   583 					ldy #@VarDataSize-1
   584 					jmp @FreeMem
   585 					els
   586 2137 60				rts						; ret
   587 					eif
   588 				.endl
   589
   590 				; ------------------------------------------------------------
   591 				; ------------------------------------------------------------
   592 2138			@UnitInit
   593
   594 2138 60				rts
   595
   596 				; ------------------------------------------------------------
   597
   598 				.endl							; UNIT GR
   599
   600 				; ------------------------------------------------------------
   601
   602 2139			.local	SPRITES						; UNIT
   603
   604 2139			.local	COPYSHIP					; PROCEDURE | ASSEMBLER
   605
   606 				; ---------------------  ASM Block 055  ---------------------
   607
   608
   609 2139 48 8A 48 98 48	        phr
   610
   611 213E A2 14		        ldx #>P0_ADR
   612 2140 86 FB		        stx GLOBALS.WTMP1+1
   613 2142 E8			        inx
   614 2143 86 F9		        stx GLOBALS.WTMP2+1
   615
   616 2145 A6 02		        ldx BSHIPY
   617 2147 86 FA		        stx GLOBALS.WTMP1
   618 2149 86 F8		        stx GLOBALS.WTMP2
   619
   620 				        ;move
   621 214B A0 07		        ldy #GFX_SHIP_SEG-1
   622 214D B9 00 10 91 FA	@:      mva GFX_SHIP_ADR,y (GLOBALS.WTMP1),y
   623 2152 B9 08 10 91 F8	        mva GFX_SHIP_ADR+GFX_SHIP_SEG,y (GLOBALS.WTMP2),y
   624 2157 88			        dey
   625 2158 10 F3		        bpl @-
   626
   627 				        ;clear
   628 215A A5 06		        lda JOY.JOYDIRECTION
   629 215C 29 03		        and #%0011
   630 215E C9 01		        cmp #JOY_DOWN
   631 2160 F0 06		        beq @+
   632 2162 8A			        txa
   633 2163 18 69 08		        add #SHIP_Y_STEP*2
   634 2166 D0 04		        bne @+1
   635 2168 8A			@:      txa
   636 2169 38 E9 04		        sub #SHIP_Y_STEP
   637 216C 85 FA		@:      sta GLOBALS.WTMP1
   638 216E 85 F8		        sta GLOBALS.WTMP2
   639
   640 2170 A9 00		        lda #0
   641 2172 A0 03		        ldy #GFX_SHIP_SEG-SHIP_Y_STEP-1
   642 2174 91 FA		@:      sta (GLOBALS.WTMP1),y
   643 2176 91 F8		        sta (GLOBALS.WTMP2),y
   644 2178 88			        dey
   645 2179 10 F9		        bpl @-
   646
   647 217B 68 A8 68 AA 68	        plr
   648
   649 2180			@exit
   650 					.ifdef @new
   651 					lda <@VarData
   652 					sta :ztmp
   653 					lda >@VarData
   654 					ldy #@VarDataSize-1
   655 					jmp @FreeMem
   656 					els
   657 2180 60				rts						; ret
   658 					eif
   659 				.endl
   660
   661 2181			.local	INIT						; PROCEDURE
   662
   663 				; optimize OK (SPRITES), line = 72
   664
   665 2181				.LOCAL
   666 2181 A0 00			ldy #$00
   667 2183 98				tya
   668 2184 99 00 13 99 80 13 + fill	:10 sta $1300+#*$80,y
   669 21A2 C8				iny
   670 21A3 10 DF			bpl fill
   671 					.ENDL
   672
   673 				; optimize OK (SPRITES), line = 73
   674
   675 21A5 A0 70			ldy #256-$90
   676 21A7 A9 FF			lda #$FF
   677 21A9 99 B0 12 C8 D0 FA		sta:rne $1320+$90-256,y+
   678
   679 				; optimize OK (SPRITES), line = 75
   680
   681 21AF A9 10			lda #$10
   682 21B1 8D 07 D4			sta GLOBALS.PMBASE
   683
   684 				; optimize OK (SPRITES), line = 76
   685
   686 21B4 A9 0A			lda #$0A
   687 21B6 8D 15 D0			sta GLOBALS.COLPM3
   688 21B9 A9 0E			lda #$0E
   689 21BB 8D 12 D0			sta GLOBALS.COLPM01
   690 21BE 8D 13 D0			sta GLOBALS.COLPM01+1
   691
   692 				; optimize OK (SPRITES), line = 77
   693
   694 21C1 A9 30			lda #$30
   695 21C3 85 00			sta BHPOSP0
   696 21C5 A9 38			lda #$38
   697 21C7 85 01			sta BHPOSP1
   698 21C9 A5 00			lda WSHIPX
   699 21CB 8D 00 D0			sta GLOBALS.HPOSP01
   700 21CE A5 01			lda WSHIPX+1
   701 21D0 8D 01 D0			sta GLOBALS.HPOSP01+1
   702
   703 				; optimize OK (SPRITES), line = 78
   704
   705 21D3 A9 50			lda #$50
   706 21D5 85 02			sta BSHIPY
   707 21D7 A9 00			lda #$00
   708 21D9 8D 08 D0			sta GLOBALS.SIZEP01
   709 21DC 8D 09 D0			sta GLOBALS.SIZEP01+1
   710 21DF 8D 0C D0			sta GLOBALS.SIZEM
   711 21E2 8D 1B D0			sta GLOBALS.PRIOR
   712 21E5 A9 03			lda #$03
   713 21E7 8D 1D D0			sta GLOBALS.GRACTL
   714
   715 				; optimize FAIL ('COPYSHIP', SPRITES), line = 80
   716
   717 21EA 20 39 21			jsr COPYSHIP
   718 21ED			@exit
   719 					.ifdef @new
   720 					lda <@VarData
   721 					sta :ztmp
   722 					lda >@VarData
   723 					ldy #@VarDataSize-1
   724 					jmp @FreeMem
   725 					els
   726 21ED 60				rts						; ret
   727 					eif
   728 				.endl
   729
   730 				; ------------------------------------------------------------
   731 				; ------------------------------------------------------------
   732 21EE			@UnitInit
   733
   734 21EE 60				rts
   735
   736 				; ------------------------------------------------------------
   737
   738 = 0000			BHPOSP0	= $00
   739 = 0001			BHPOSP1	= $01
   740 = 0002			BSHIPY	= $02
   741 = 0003			BCANNONX	= $03
   742 = 0000			WSHIPX	= $00
   743 = 0004			WCANNONY	= $04
   744
   745 				.endl							; UNIT SPRITES
   746
   747 				; ------------------------------------------------------------
   748
   749 21EF			.local	JOY						; UNIT
   750
   751 21EF			.local	MOVESHIP					; PROCEDURE
   752
   753 				; ---------------------  ASM Block 056  ---------------------
   754
   755 21EF 8D 0A D4		 sta WSYNC 
   756
   757 				; optimize OK (JOY), line = 20
   758
   759 21F2 A9 0F			lda #$0F
   760 21F4 8D 1A D0			sta GLOBALS.COLBK
   761
   762 				; optimize OK (JOY), line = 21
   763
   764 21F7 A9 0C			lda #$0C
   765 21F9 85 FF			sta GLOBALS.BTMP1
   766
   767 				; optimize OK (JOY), line = 22
   768
   769 21FB A9 01			lda #$01
   770 21FD 85 FD			sta GLOBALS.B1I
   771
   772 21FF			l_00DB
   773 				; --- ForToDoCondition
   774
   775 				; optimize OK (JOY), line = 23
   776
   777 21FF A5 06			lda JOYDIRECTION
   778 2201 25 FF			and GLOBALS.BTMP1
   779 2203 8D 6B 24			sta @CASETMP_0003
   780 2206 C9 04			cmp #$04
   781 2208 D0 26			jne l_00FA
   782 220A			@
   783
   784 				; optimize OK (JOY), line = 25
   785
   786 220A A5 01			lda SPRITES.BHPOSP1
   787 220C C9 B0			cmp #$B0
   788 220E B0 1D			jcs l_010C
   789
   790 				; optimize OK (JOY), line = 26
   791
   792 2210 A5 00			lda SPRITES.WSHIPX
   793 2212 18 69 02			add #$02
   794 2215 85 00			sta SPRITES.WSHIPX
   795 2217 A5 01			lda SPRITES.WSHIPX+1
   796 2219 69 02			adc #$02
   797 221B 85 01			sta SPRITES.WSHIPX+1
   798 221D A5 00			lda SPRITES.WSHIPX
   799 221F 8D 00 D0			sta GLOBALS.HPOSP01
   800 2222 A5 01			lda SPRITES.WSHIPX+1
   801 2224 8D 01 D0			sta GLOBALS.HPOSP01+1
   802
   803 				; optimize OK (JOY), line = 27
   804
   805 2227 A5 F3			lda GLOBALS.ODDCOUNTER
   806 2229 F0 02			jeq l_011F
   807 222B E6 03			inc SPRITES.BCANNONX
   808 222D			l_011F
   809 222D			l_010C
   810
   811 222D 4C 97 22			jmp a_0003
   812 2230			l_00FA
   813 2230 C9 08			cmp #$08
   814 2232 D0 26			jne l_0131
   815 2234			@
   816
   817 				; optimize OK (JOY), line = 31
   818
   819 2234 A5 00			lda SPRITES.BHPOSP0
   820 2236 C9 31			cmp #$31
   821 2238 90 1D			jcc l_0143
   822
   823 				; optimize OK (JOY), line = 32
   824
   825 223A A5 00			lda SPRITES.WSHIPX
   826 223C 38 E9 02			sub #$02
   827 223F 85 00			sta SPRITES.WSHIPX
   828 2241 A5 01			lda SPRITES.WSHIPX+1
   829 2243 E9 02			sbc #$02
   830 2245 85 01			sta SPRITES.WSHIPX+1
   831 2247 A5 00			lda SPRITES.WSHIPX
   832 2249 8D 00 D0			sta GLOBALS.HPOSP01
   833 224C A5 01			lda SPRITES.WSHIPX+1
   834 224E 8D 01 D0			sta GLOBALS.HPOSP01+1
   835
   836 				; optimize OK (JOY), line = 33
   837
   838 2251 A5 F3			lda GLOBALS.ODDCOUNTER
   839 2253 F0 02			jeq l_0156
   840 2255 C6 03			dec SPRITES.BCANNONX
   841 2257			l_0156
   842 2257			l_0143
   843
   844 2257 4C 97 22			jmp a_0003
   845 225A			l_0131
   846 225A C9 02			cmp #$02
   847 225C D0 1C			jne l_0168
   848 225E			@
   849
   850 				; optimize OK (JOY), line = 37
   851
   852 225E A5 02			lda SPRITES.BSHIPY
   853 2260 C9 21			cmp #$21
   854 2262 90 13			jcc l_017A
   855
   856 				; optimize OK (JOY), line = 38
   857
   858 2264 38 E9 04			sub #$04
   859 2267 85 02			sta SPRITES.BSHIPY
   860 2269 A5 04			lda SPRITES.WCANNONY
   861 226B 38 E9 14			sub #$14
   862 226E 85 04			sta SPRITES.WCANNONY
   863 2270 B0 02			scs
   864 2272 C6 05			dec SPRITES.WCANNONY+1
   865
   866 				; optimize FAIL ('SPRITES.COPYSHIP', JOY), line = 39
   867
   868 2274 20 39 21			jsr SPRITES.COPYSHIP
   869 2277			l_017A
   870
   871 2277 4C 97 22			jmp a_0003
   872 227A			l_0168
   873 227A C9 01			cmp #$01
   874 227C D0 19			jne l_0189
   875 227E			@
   876
   877 				; optimize OK (JOY), line = 43
   878
   879 227E A5 02			lda SPRITES.BSHIPY
   880 2280 C9 A8			cmp #$A8
   881 2282 B0 13			jcs l_019B
   882
   883 				; optimize OK (JOY), line = 44
   884
   885 2284 18 69 04			add #$04
   886 2287 85 02			sta SPRITES.BSHIPY
   887 2289 A5 04			lda SPRITES.WCANNONY
   888 228B 18 69 14			add #$14
   889 228E 85 04			sta SPRITES.WCANNONY
   890 2290 90 02			scc
   891 2292 E6 05			inc SPRITES.WCANNONY+1
   892
   893 				; optimize FAIL ('SPRITES.COPYSHIP', JOY), line = 45
   894
   895 2294 20 39 21			jsr SPRITES.COPYSHIP
   896 2297			l_019B
   897
   898 2297			l_0189
   899 2297			a_0003
   900
   901 				; optimize OK (JOY), line = 49
   902
   903 2297 A9 03			lda #$03
   904 2299 85 FF			sta GLOBALS.BTMP1
   905
   906 				; --- ForToDoEpilog
   907 229B C6 FD			dec GLOBALS.B1I
   908 229D 30 03 4C FF 21		jpl l_00DB
   909 22A2			l_00E9
   910
   911 				; optimize OK (JOY), line = 51
   912
   913 22A2 A9 00			lda #$00
   914 22A4 8D 1A D0			sta GLOBALS.COLBK
   915
   916 				; ------------------------------------------------------------
   917
   918 = 0000			@FORTMP_00D8	= $00
   919 = 246B			@CASETMP_0003	= DATAORIGIN+$000F
   920
   921 = 246B			@VarData	= @CASETMP_0003
   922 = 0001			@VarDataSize	= 1
   923
   924 22A7			@exit
   925 					.ifdef @new
   926 					lda <@VarData
   927 					sta :ztmp
   928 					lda >@VarData
   929 					ldy #@VarDataSize-1
   930 					jmp @FreeMem
   931 					els
   932 22A7 60				rts						; ret
   933 					eif
   934 				.endl
   935
   936 				; ------------------------------------------------------------
   937 				; ------------------------------------------------------------
   938 22A8			@UnitInit
   939
   940 22A8 60				rts
   941
   942 				; ------------------------------------------------------------
   943
   944 = 0006			JOYDIRECTION	= $06
   945
   946 				.endl							; UNIT JOY
   947
   948 22A9			.local	VBI						; PROCEDURE | INTERRUPT
   949
   950 				; ---------------------  ASM Block 057  ---------------------
   951
   952 22A9 48 8A 48 98 48	 phr 
   953
   954 				; optimize OK (main.pas), line = 22
   955
   956 22AE A5 14			lda GLOBALS.RTCLOK
   957 22B0 29 01			and #$01
   958 22B2 85 F3			sta GLOBALS.ODDCOUNTER
   959
   960 				; optimize OK (main.pas), line = 26
   961
   962 22B4 A5 14			lda GLOBALS.RTCLOK
   963 22B6 29 03			and #$03
   964 22B8 D0 24			jne l_01DA
   965
   966 				; optimize OK (main.pas), line = 27
   967
   968 22BA AD 10 D0			lda GLOBALS.TRIG0
   969 22BD D0 1F			jne l_01ED
   970 22BF AD 04 11			lda GLOBALS.WDL2LMS
   971 22C2 18 65 03			add SPRITES.BCANNONX
   972 22C5 85 A1			sta :STACKORIGIN+9
   973 22C7 AD 05 11			lda GLOBALS.WDL2LMS+1
   974 22CA 69 00			adc #$00
   975 22CC 85 B1			sta :STACKORIGIN+STACKWIDTH+9
   976 22CE A5 A1			lda :STACKORIGIN+9
   977 22D0 18 65 04			add SPRITES.WCANNONY
   978 22D3 A8				tay
   979 22D4 A5 B1			lda :STACKORIGIN+STACKWIDTH+9
   980 22D6 65 05			adc SPRITES.WCANNONY+1
   981 22D8 85 91			sta :bp+1
   982 22DA A9 02			lda #$02
   983 22DC 91 90			sta (:bp),y
   984 22DE			l_01ED
   985 22DE			l_01DA
   986
   987 				; optimize OK (main.pas), line = 30
   988
   989 22DE AD 05 11			lda GLOBALS.WDL2LMS+1
   990 22E1 C9 E0			cmp #$E0
   991 22E3 90 17			jcc l_0212
   992 22E5 D0 07			bne @+
   993 22E7 AD 04 11			lda GLOBALS.WDL2LMS
   994 22EA C9 01			cmp #$01
   995 22EC 90 0E			jcc l_0212
   996 22EE			@
   997 22EE AD 04 11 D0 03 CE + 	dew GLOBALS.WDL2LMS
   998 22F9 4C 06 23			jmp l_0220
   999 22FC			l_0212
  1000 22FC A9 3F			lda #$3F
  1001 22FE 8D 04 11			sta GLOBALS.WDL2LMS
  1002 2301 A9 EC			lda #$EC
  1003 2303 8D 05 11			sta GLOBALS.WDL2LMS+1
  1004 2306			l_0220
  1005
  1006 				; optimize OK (main.pas), line = 32
  1007
  1008 2306 AD 04 11			lda GLOBALS.WDL2LMS
  1009 2309 85 FA			sta GLOBALS.WTMP1
  1010 230B AD 05 11			lda GLOBALS.WDL2LMS+1
  1011 230E 85 FB			sta GLOBALS.WTMP1+1
  1012
  1013 				; ---------------------  ASM Block 058  ---------------------
  1014
  1015
  1016 2310 A2 15		        ldx #GAME_SCREEN_ROWS
  1017 2312 A0 00		        ldy #0
  1018 2314 98			  clr:  tya
  1019 2315 91 FA		        sta (GLOBALS.WTMP1),y
  1020 2317 A5 FA		        lda GLOBALS.WTMP1
  1021 2319 18 69 28		        add #40
  1022 231C 85 FA		        sta GLOBALS.WTMP1
  1023 231E 90 02		        bcc @+
  1024 2320 E6 FB		        inc GLOBALS.WTMP1+1
  1025 2322 CA			  @:    dex
  1026 2323 10 EF		        bpl clr
  1027 				  
  1028
  1029 				; ---------------------  ASM Block 059  ---------------------
  1030
  1031 2325 68 A8 68 AA 68	 plr 
  1032 232A 40				rti						; ret
  1033 				.endl
  1034
  1035 232B			.local	JOYHANDLER					; PROCEDURE | INTERRUPT
  1036
  1037 				; ---------------------  ASM Block 060  ---------------------
  1038
  1039 232B 48 8A 48 98 48	 phr 
  1040
  1041 				; optimize OK (main.pas), line = 56
  1042
  1043 2330 A5 F3			lda GLOBALS.ODDCOUNTER
  1044 2332 D0 05			jne l_023C
  1045 2334 AD 00 D3			lda GLOBALS.PORTA
  1046 2337 85 06			sta JOY.JOYDIRECTION
  1047 2339			l_023C
  1048 2339 20 EF 21			jsr JOY.MOVESHIP
  1049
  1050 				; optimize FAIL ('SYS.SETDLI', main.pas), line = 58
  1051
  1052 233C E8				inx
  1053 233D AD 6E 24 95 98		mva PSTARS :STACKORIGIN,x
  1054 2342 AD 6F 24 95 A8		mva PSTARS+1 :STACKORIGIN+STACKWIDTH,x
  1055 2347 20 F9 20			jsr SYS.SETDLI
  1056
  1057 				; ---------------------  ASM Block 061  ---------------------
  1058
  1059 234A 68 A8 68 AA 68	 plr 
  1060 234F 40				rti						; ret
  1061 				.endl
  1062
  1063 2350			.local	STARS						; PROCEDURE | INTERRUPT
  1064
  1065 				; ---------------------  ASM Block 062  ---------------------
  1066
  1067 2350 48 8A 48 98 48	 phr 
  1068
  1069 				; optimize OK (main.pas), line = 67
  1070
  1071 2355 A9 7C			lda #$7C
  1072 2357 85 FD			sta GLOBALS.B1I
  1073
  1074 2359			l_0256
  1075 				; --- ForToDoCondition
  1076
  1077 				; ---------------------  ASM Block 063  ---------------------
  1078
  1079 2359 8D 0A D4		 sta WSYNC 
  1080
  1081 				; optimize OK (main.pas), line = 69
  1082
  1083 235C A4 FD			ldy GLOBALS.B1I
  1084 235E B9 00 12			lda adr.ASTARS,y
  1085 2361 8D 07 D0			sta GLOBALS.HPOSM3
  1086
  1087 				; optimize OK (main.pas), line = 70
  1088
  1089 2364 B9 00 12			lda adr.ASTARS,y
  1090 2367 38 F9 7D 12			sub adr.ASPEED,y
  1091 236B 99 00 12			sta adr.ASTARS,y
  1092
  1093 				; optimize OK (main.pas), line = 71
  1094
  1095 236E AD 0A D2			lda SYSTEM.RND
  1096 2371 8D 15 D0			sta GLOBALS.COLPM3
  1097
  1098 				; --- ForToDoEpilog
  1099 2374 C6 FD			dec GLOBALS.B1I
  1100 2376 10 E1			jpl l_0256
  1101 2378			l_0264
  1102
  1103 				; optimize FAIL ('SYS.SETDLI', main.pas), line = 74
  1104
  1105 2378 E8				inx
  1106 2379 AD 6C 24 95 98		mva PJOY :STACKORIGIN,x
  1107 237E AD 6D 24 95 A8		mva PJOY+1 :STACKORIGIN+STACKWIDTH,x
  1108 2383 20 F9 20			jsr SYS.SETDLI
  1109
  1110 				; ---------------------  ASM Block 064  ---------------------
  1111
  1112 2386 68 A8 68 AA 68	 plr 
  1113
  1114 				; ------------------------------------------------------------
  1115
  1116 = 0000			@FORTMP_0253	= $00
  1117 238B 40				rti						; ret
  1118 				.endl
  1119
  1120 238C			.local	INIT						; PROCEDURE
  1121
  1122 				; optimize FAIL ('SYSTEM.PAUSE_0067', main.pas), line = 81
  1123
  1124 238C 20 C8 20			jsr SYSTEM.PAUSE_0067
  1125 238F A9 00			lda #$00
  1126 2391 8D 00 D4			sta GLOBALS.DMACTL
  1127 2394 20 11 21			jsr SYS.SYSTEMOFF
  1128
  1129 				; optimize OK (main.pas), line = 83
  1130
  1131 2397 A9 18			lda #$18
  1132 2399 8D 09 D4			sta GLOBALS.CHBAS
  1133
  1134 				; optimize OK (main.pas), line = 85
  1135
  1136 239C A9 3F			lda #$3F
  1137 239E 85 88			sta :edx
  1138 23A0 A9 EC			lda #$EC
  1139 23A2 85 89			sta :edx+1
  1140 23A4 A9 C0			lda #$C0
  1141 23A6 85 8C			sta :ecx
  1142 23A8 A9 03			lda #$03
  1143 23AA 85 8D			sta :ecx+1
  1144 23AC A9 00			lda #$00
  1145 23AE 85 84			sta :eax
  1146 23B0 20 00 20			jsr @fill
  1147
  1148 				; optimize OK (main.pas), line = 87
  1149
  1150 23B3 A9 7C			lda #$7C
  1151 23B5 85 FD			sta GLOBALS.B1I
  1152
  1153 23B7			l_029F
  1154 				; --- ForToDoCondition
  1155
  1156 				; optimize OK (main.pas), line = 88
  1157
  1158 23B7 A4 FD			ldy GLOBALS.B1I
  1159 23B9 AD 0A D2			lda SYSTEM.RND
  1160 23BC 99 00 12			sta adr.ASTARS,y
  1161
  1162 				; optimize OK (main.pas), line = 89
  1163
  1164 23BF 29 03			and #$03
  1165 23C1 18 69 01			add #$01
  1166 23C4 99 7D 12			sta adr.ASPEED,y
  1167
  1168 				; --- ForToDoEpilog
  1169 23C7 C6 FD			dec GLOBALS.B1I
  1170 23C9 10 EC			jpl l_029F
  1171 23CB			l_02AD
  1172
  1173 				; optimize OK (main.pas), line = 92
  1174
  1175 23CB AD 02 D3			lda GLOBALS.PACTL
  1176 23CE 09 04			ora #$04
  1177 23D0 8D 02 D3			sta GLOBALS.PACTL
  1178 23D3 20 81 21			jsr SPRITES.INIT
  1179 23D6 20 2D 21			jsr GR.MODE2
  1180
  1181 				; optimize OK (main.pas), line = 93
  1182
  1183 23D9 A9 00			lda #$00
  1184 23DB 8D 1A D0			sta GLOBALS.COLBK
  1185 23DE 8D 16 D0			sta GLOBALS.COLPF0
  1186 23E1 A9 0F			lda #$0F
  1187 23E3 8D 17 D0			sta GLOBALS.COLPF1
  1188 23E6 A9 02			lda #$02
  1189 23E8 8D 18 D0			sta GLOBALS.COLPF2
  1190 23EB A9 00			lda #$00
  1191 23ED 8D 19 D0			sta GLOBALS.COLPF3
  1192
  1193 				; optimize OK (main.pas), line = 94
  1194
  1195 23F0 A9 2B			lda <JOYHANDLER
  1196 23F2 8D 6C 24			sta PJOY
  1197 23F5 A9 23			lda >JOYHANDLER
  1198 23F7 8D 6D 24			sta PJOY+1
  1199 23FA A9 50			lda <STARS
  1200 23FC 8D 6E 24			sta PSTARS
  1201 23FF A9 23			lda >STARS
  1202 2401 8D 6F 24			sta PSTARS+1
  1203
  1204 				; optimize OK (main.pas), line = 96
  1205
  1206 2404 A9 03			lda #$03
  1207 2406 85 03			sta SPRITES.BCANNONX
  1208 2408 85 8C			sta :ecx
  1209 240A A5 02			lda SPRITES.BSHIPY
  1210 240C 85 84			sta :eax
  1211 					.ifdef fmulinit
  1212 					fmulu_8
  1213 					els
  1214 240E 20 48 20			imulCL
  1215 					eif
  1216 2411 A5 84			lda :eax
  1217 2413 85 04			sta SPRITES.WCANNONY
  1218 2415 A5 85			lda :eax+1
  1219 2417 85 05			sta SPRITES.WCANNONY+1
  1220
  1221 				; optimize FAIL ('SYS.SETVBI', main.pas), line = 98
  1222
  1223 2419 E8				inx
  1224 241A A9 A9 95 98			mva <VBI :STACKORIGIN,x
  1225 241E A9 22 95 A8			mva >VBI :STACKORIGIN+STACKWIDTH,x
  1226 2422 20 E1 20			jsr SYS.SETVBI
  1227
  1228 				; optimize FAIL ('SYS.SETDLI', main.pas), line = 99
  1229
  1230 2425 E8				inx
  1231 2426 A9 2B 95 98			mva <JOYHANDLER :STACKORIGIN,x
  1232 242A A9 23 95 A8			mva >JOYHANDLER :STACKORIGIN+STACKWIDTH,x
  1233 242E 20 F9 20			jsr SYS.SETDLI
  1234
  1235 				; optimize FAIL ('SYSTEM.PAUSE_0067', main.pas), line = 101
  1236
  1237 2431 20 C8 20			jsr SYSTEM.PAUSE_0067
  1238 2434 A9 3E			lda #$3E
  1239 2436 8D 00 D4			sta GLOBALS.DMACTL
  1240
  1241 				; ------------------------------------------------------------
  1242
  1243 = 0000			@FORTMP_029C	= $00
  1244 2439			@exit
  1245 					.ifdef @new
  1246 					lda <@VarData
  1247 					sta :ztmp
  1248 					lda >@VarData
  1249 					ldy #@VarDataSize-1
  1250 					jmp @FreeMem
  1251 					els
  1252 2439 60				rts						; ret
  1253 					eif
  1254 				.endl
  1255 243A			l_0007
  1256
  1257 				; optimize FAIL ('INIT', main.pas), line = 105
  1258
  1259 243A 20 8C 23			jsr INIT
  1260
  1261 				; --- RepeatUntilProlog
  1262 243D			l_030A
  1263
  1264 				; optimize OK (main.pas), line = 106
  1265
  1266 243D 4C 3D 24			jmp l_030A
  1267
  1268 				; ------------------------------------------------------------
  1269
  1270 = 1000			PM_ADR	= $1000
  1271 = 1300			M0_ADR	= $1300
  1272 = 1400			P0_ADR	= $1400
  1273 = 1500			P1_ADR	= $1500
  1274 = 1000			GFX_SHIP_ADR	= $1000
  1275 = 0008			GFX_SHIP_SEG	= $08
  1276 = 1800			GFX_FONTS_ADR	= $1800
  1277 = 1100			DL_2	= $1100
  1278 = EC3F			GAME_LMS	= $EC3F
  1279 = E000			GAME_LMS_END	= $E000
  1280 = 0015			GAME_SCREEN_ROWS	= $15
  1281 = 0E0E			SHIP_COL	= $0E0E
  1282 = 0030			SHIP_LEFT_LIMIT	= $30
  1283 = 00B0			SHIP_RIGHT_LIMIT	= $B0
  1284 = 0020			SHIP_TOP_LIMIT	= $20
  1285 = 00A8			SHIP_BOTTOM_LIMIT	= $A8
  1286 = 0202			SHIP_X_STEP	= $0202
  1287 = 0004			SHIP_Y_STEP	= $04
  1288 = 0008			JOY_LEFT	= $08
  1289 = 0004			JOY_RIGHT	= $04
  1290 = 0002			JOY_UP	= $02
  1291 = 0001			JOY_DOWN	= $01
  1292 = 1200			adr.ASTARS	= $1200
  1293 2440			.var ASTARS	= adr.ASTARS .word
  1294 = 127D			adr.ASPEED	= $127D
  1295 2440			.var ASPEED	= adr.ASPEED .word
  1296 = 246C			PJOY	= DATAORIGIN+$0010
  1297 = 246E			PSTARS	= DATAORIGIN+$0012
  1298 2440			@exit
  1299
  1300 2440 A2 00		@halt	ldx #$00
  1301 2442 9A				txs
  1302 					.ifdef MAIN.@DEFINES.ROMOFF
  1303 					inc portb
  1304 					.endif
  1305
  1306 2443 A0 01			ldy #$01
  1307
  1308 2445 60				rts
  1309
  1310 				; ------------------------------------------------------------
  1311
  1312 2446 00 00 00 00 00 00 + IOCB@COPY	:16 brk
  1313
  1314 				; ------------------------------------------------------------
  1315
  1316 2456			.local	@DEFINES
  1317 2456			ATARI
  1318 				.endl
  1319
  1320 2456			.local	@RESOURCE
  1321 				.endl
  1322
  1323 = 2456 00 12		ASTARS
  1323 = 2458 7D 12		ASPEED
  1323 				.endl							; MAIN
  1324
  1325 				; ------------------------------------------------------------
  1326 				; ------------------------------------------------------------
  1327
  1328 				.macro	UNITINITIALIZATION
  1329 				
  1330 					.ifdef MAIN.SYSTEM.@UnitInit
  1331 					jsr MAIN.SYSTEM.@UnitInit
  1332 					eif
  1333 				
  1334 					.ifdef MAIN.GLOBALS.@UnitInit
  1335 					jsr MAIN.GLOBALS.@UnitInit
  1336 					eif
  1337 				
  1338 					.ifdef MAIN.SYS.@UnitInit
  1339 					jsr MAIN.SYS.@UnitInit
  1340 					eif
  1341 				
  1342 					.ifdef MAIN.GR.@UnitInit
  1343 					jsr MAIN.GR.@UnitInit
  1344 					eif
  1345 				
  1346 					.ifdef MAIN.SPRITES.@UnitInit
  1347 					jsr MAIN.SPRITES.@UnitInit
  1348 					eif
  1349 				
  1350 					.ifdef MAIN.JOY.@UnitInit
  1351 					jsr MAIN.JOY.@UnitInit
  1352 					eif
  1353 				.endm
  1354
  1355 				; ------------------------------------------------------------
  1356
  1357 					ift .SIZEOF(MAIN.SYSTEM) > 0
  1358 					.print 'SYSTEM: ',MAIN.SYSTEM,'..',MAIN.SYSTEM+.SIZEOF(MAIN.SYSTEM)-1
  1358 				SYSTEM: $2098..$20D2
  1359 					eif
  1360
  1361 					ift .SIZEOF(MAIN.GLOBALS) > 0
  1362 					.print 'GLOBALS: ',MAIN.GLOBALS,'..',MAIN.GLOBALS+.SIZEOF(MAIN.GLOBALS)-1
  1363 					eif
  1364
  1365 					ift .SIZEOF(MAIN.SYS) > 0
  1366 					.print 'SYS: ',MAIN.SYS,'..',MAIN.SYS+.SIZEOF(MAIN.SYS)-1
  1366 				SYS: $20D3..$212C
  1367 					eif
  1368
  1369 					ift .SIZEOF(MAIN.GR) > 0
  1370 					.print 'GR: ',MAIN.GR,'..',MAIN.GR+.SIZEOF(MAIN.GR)-1
  1370 				GR: $212D..$2138
  1371 					eif
  1372
  1373 					ift .SIZEOF(MAIN.SPRITES) > 0
  1374 					.print 'SPRITES: ',MAIN.SPRITES,'..',MAIN.SPRITES+.SIZEOF(MAIN.SPRITES)-1
  1374 				SPRITES: $2139..$21EE
  1375 					eif
  1376
  1377 					ift .SIZEOF(MAIN.JOY) > 0
  1378 					.print 'JOY: ',MAIN.JOY,'..',MAIN.JOY+.SIZEOF(MAIN.JOY)-1
  1378 				JOY: $21EF..$22A8
  1379 					eif
  1380
  1381 					.print 'CODE: ',CODEORIGIN,'..',MAIN.@RESOURCE-1
  1381 				CODE: $2000..$2455
  1382
  1383 				; ------------------------------------------------------------
  1384
  1385 245A				.align $04
  1386
  1387 245C			DATAORIGIN
  1388 245C-2461> 28 00 18 00 + .by  $28 $00 $18 $00 $2D $0C
  1389
  1390 = 0006			VARINITSIZE	= *-DATAORIGIN
  1391 = 0014			VARDATASIZE	= 20
  1392
  1393 = 2470			PROGRAMSTACK	= DATAORIGIN+VARDATASIZE
  1394
  1395 					.print 'DATA: ',DATAORIGIN,'..',PROGRAMSTACK
  1395 				DATA: $245C..$2470
  1396
  1397 02E0-02E1> 5C 20			run START
  1398
  1399 				; ------------------------------------------------------------
  1400
  1401 				.macro	STATICDATA
  1402 				.endm
  1403
  1404 					end
