mads 2.1.1
  1133 					opt l+
    98 = 0000				?EXTDETECT = 0
    99 = 0000				?VBXDETECT = 0
   100
   101 2075				RCASM 'res/gr_dl.asm' GLOBALS.DL_2 0 0 0 0 0 0 0 0
Macro: RESOURCE.RCASM [Source: resource.asm]
     2 2075				org RESORIGIN
     4 = 001A			len = .sizeof(_GLOBALS.DL_2)
     6 				mcpy	ift main.GLOBALS.DL_2+len >= $bc20
    11 2075 20 41 20			jsr sys.off
    13 2078 A9 96 85 88 A9 20 +  MWA #DATA EDX
    13 2080 A9 00 85 8C A9 11 +  MWA #MAIN.GLOBALS.DL_2 ECX
    13 2088 A9 1A 85 84 A9 00 +  MWA #LEN EAX
    13 2090 20 00 20		 JSR RESOURCE.MEMCPY
    15 2093 4C 65 20			jmp sys.on
    16 2096			data
Source: const.inc
     1 = 1000			PM_ADR              = $1000;                      // players & missiles memory (2K) start address
     2 = 1300			M0_ADR              = PM_ADR + $300;              // missile 0 start memory address
     3 = 1400			P0_ADR              = PM_ADR + $400;              // player 0 start memory address
     4 = 1500			P1_ADR              = PM_ADR + $500;              // player 1 start memory address
     5 = 1000			GFX_SHIP_ADR        = $1000;                      // ship gfx memory start address, ship size = 20 bytes, 16 bytes for gfx and 4 bytes fo top/bottom empty rows
     6 = 0008			GFX_SHIP_SEG        = 8;                          // ship gfx 10 byte segment, 10B for P0 & 10B for P1
     8 = 1800			GFX_FONTS_ADR       = $1800;
    10 = 1100			DL_2                = $1100;                      // display list memory start address for ANTIC mode 2
    11 = EC3F			GAME_LMS            = $efff - $3c0;               // Load Memory Scan address
    12 = E000			GAME_LMS_END        = $e000;
    13 = 0011			GAME_SCREEN_ROWS    = 17;
    15 = 0E0E			SHIP_COL            = $0e0e;
    16 = 0030			SHIP_LEFT_LIMIT     = 48;
    17 = 00B0			SHIP_RIGHT_LIMIT    = SHIP_LEFT_LIMIT + (16 * 8);
    18 = 0020			SHIP_TOP_LIMIT      = 32;
    19 = 00A8			SHIP_BOTTOM_LIMIT   = SHIP_TOP_LIMIT + GFX_SHIP_SEG * GAME_SCREEN_ROWS;
    20 = 0202			SHIP_X_STEP         = $0202;
    21 = 0004			SHIP_Y_STEP         = 4;
    23 = 0008			JOY_LEFT            = %1000;
    24 = 0004			JOY_RIGHT           = %0100;
    25 = 0002			JOY_UP              = %0010;
    26 = 0001			JOY_DOWN            = %0001;
     3 1100			dl2
     4 1100 F0 70 F0		    .byte $f0,$70,$f0
     5 1103 42 3F EC		    .byte $42,a(GAME_LMS)
     6 1106 02 02 02 02 02 02 + :17 .byte 2
     7 1117 41 00 11		    .byte $41,a(dl2)
    23 					.print '$R RCASM   ',main.GLOBALS.DL_2,'..',main.GLOBALS.DL_2+len-1," 'res/gr_dl.asm'"
    23 				$R RCASM   $1100..$1119 'res/gr_dl.asm'
    25 02E2-02E3> 75 20			ini mcpy
Source: main.a65
   102 20B0				RCDATA 'res/gfx_ship.bin' GLOBALS.GFX_SHIP_ADR 0 0 0 0 0 0 0 0
Macro: RESOURCE.RCDATA [Source: resource.asm]
     2 = 0010			len = .filesize('res/gfx_ship.bin')
    28 20B0				org main.GLOBALS.GFX_SHIP_ADR
    30 1000-100F> 70 7B 1E 3F + 	ins 'res/gfx_ship.bin'
    32 					.print '$R RCDATA  ',main.GLOBALS.GFX_SHIP_ADR,'..',*-1," 'res/gfx_ship.bin'"
    32 				$R RCDATA  $1000..$100F 'res/gfx_ship.bin'
Source: main.a65
   103 1010				RCDATA 'res/charset.fnt' GLOBALS.GFX_FONTS_ADR 0 0 0 0 0 0 0 0
Macro: RESOURCE.RCDATA [Source: resource.asm]
     2 = 0400			len = .filesize('res/charset.fnt')
    28 1010				org main.GLOBALS.GFX_FONTS_ADR
    30 1800-1BFF> 00 00 00 00 + 	ins 'res/charset.fnt'
    32 					.print '$R RCDATA  ',main.GLOBALS.GFX_FONTS_ADR,'..',*-1," 'res/charset.fnt'"
    32 				$R RCDATA  $1800..$1BFF 'res/charset.fnt'
Source: main.a65
   104 				.endl
   105
   106 				; ------------------------------------------------------------
   107
   108 1C00				org CODEORIGIN
   109
   110 2000				STATICDATA
Macro: STATICDATA [Source: main.a65]
Source: main.a65
   111
   112 				; ------------------------------------------------------------
   113
   114 2000			RTLIB
   115 2000				icl 'rtl6502_a8.asm'
Source: rtl6502_a8.asm
   148 					opt l+
   116
   117 				.print 'ZPAGE: ',fxptr,'..',zpend-1
   117 				ZPAGE: $0080..$00D7
   118
   119 				.print 'RTLIB: ',RTLIB,'..',*-1
   119 				RTLIB: $2000..$205B
   120
   121 				; ------------------------------------------------------------
   122
   123 205C			START
   124 205C BA				tsx
   125 205D 8E 31 24			stx MAIN.@halt+1
   126
   127 					.ifdef fmulinit
   128 					fmulinit
   129 					eif
   130
   131 = 000E			VLEN	= VARDATASIZE-VARINITSIZE
   132 = 2452			VADR	= DATAORIGIN+VARINITSIZE
   133
   134 					ift VADR > $BFFF
   135 					ert 'Invalid memory address range ',VADR
   136 					eli (VLEN>0) && (VLEN<=256)
   137 2060 A2 F2			ldx #256-VLEN
   138 2062 A9 00			lda #$00
   139 2064 9D 60 23 E8 D0 FA		sta:rne VADR+VLEN-256,x+
   140 					eli VLEN>0
   141 					@fill #VADR #VLEN #$00
   142 					eif
   143
   144 206A A9 60 85 82 A9 24 + 	mwa #PROGRAMSTACK psptr
   145
   146 					.ifdef MAIN.@DEFINES.ROMOFF
   147 					icl 'atari\romoff.asm'
   148 					.endif
   149
   150 2072 A2 0F			ldx #$0F					; DOS II+/D ParamStr
   151 2074 BD 40 03 9D 36 24 + 	mva:rpl $340,x MAIN.IOCB@COPY,x-
   152
   153 207D E8				inx						; X = 0
   154 207E 86 90			stx bp						; BP = 0
   155
   156 2080 8E 08 D2			stx audctl					; reset POKEY
   157 2083 A9 03			lda #3
   158 2085 8D 0F D2			sta skctl
   159
   160 2088 CA				dex						; X = 255
   161
   162 2089				UNITINITIALIZATION
Macro: UNITINITIALIZATION [Source: main.a65]
    11 2089 20 2C 21			jsr MAIN.SYS.@UnitInit
    15 208C 20 38 21			jsr MAIN.GR.@UnitInit
    19 208F 20 E8 21			jsr MAIN.SPRITES.@UnitInit
    23 2092 20 8D 22			jsr MAIN.JOY.@UnitInit
   163
   164 2095			.local	MAIN						; PROCEDURE
   165
   166 2095 4C 2A 24			jmp l_0007
   167
   168 				; ------------------------------------------------------------
   169
   170 2098			.local	SYSTEM						; UNIT
   171
   172 2098			.local	POKE						; PROCEDURE | ASSEMBLER | REGISTER
   173
   174 				; ------------------------------------------------------------
   175
   176 				; Generate Assignment for BYTE / CHAR / SHORTINT / BOOLEAN
   177 				; as Pointer
   178 2098 B5 98			lda :STACKORIGIN,x
   179 209A 85 8C			sta VALUE
   180 209C CA				dex
   181
   182 				; ------------------------------------------------------------
   183
   184 				; Generate Assignment for WORD / SMALLINT / SHORTREAL / POINTER
   185 				; as Pointer
   186 209D B5 98			lda :STACKORIGIN,x
   187 209F 85 88			sta A
   188 20A1 B5 A8			lda :STACKORIGIN+STACKWIDTH,x
   189 20A3 85 89			sta A+1
   190 20A5 CA				dex
   191
   192 				; ---------------------  ASM Block 021  ---------------------
   193
   194 20A6 A0 00			ldy #0
   195 20A8 A5 8C 91 88			mva value (edx),y
   196
   197
   198 				; ------------------------------------------------------------
   199
   200 = 0088			A	= edx
   201 = 008C			VALUE	= ecx
   202 20AC			@exit
   203 					.ifdef @new
   204 					lda <@VarData
   205 					sta :ztmp
   206 					lda >@VarData
   207 					ldy #@VarDataSize-1
   208 					jmp @FreeMem
   209 					els
   210 20AC 60				rts						; ret
   211 					eif
   212 				.endl
   213
   214 20AD			.local	FILLBYTE_0049					; PROCEDURE | ASSEMBLER | OVERLOAD | REGISTER
   215
   216 				; ------------------------------------------------------------
   217
   218 				; Generate Assignment for BYTE / CHAR / SHORTINT / BOOLEAN
   219 				; as Pointer
   220 20AD B5 98			lda :STACKORIGIN,x
   221 20AF 85 84			sta VALUE
   222 20B1 CA				dex
   223
   224 				; ------------------------------------------------------------
   225
   226 				; Generate Assignment for WORD / SMALLINT / SHORTREAL / POINTER
   227 				; as Pointer
   228 20B2 B5 98			lda :STACKORIGIN,x
   229 20B4 85 8C			sta COUNT
   230 20B6 B5 A8			lda :STACKORIGIN+STACKWIDTH,x
   231 20B8 85 8D			sta COUNT+1
   232 20BA CA				dex
   233
   234 				; ------------------------------------------------------------
   235
   236 				; Generate Assignment for WORD / SMALLINT / SHORTREAL / POINTER
   237 				; as Pointer
   238 20BB B5 98			lda :STACKORIGIN,x
   239 20BD 85 88			sta A
   240 20BF B5 A8			lda :STACKORIGIN+STACKWIDTH,x
   241 20C1 85 89			sta A+1
   242 20C3 CA				dex
   243
   244 				; ---------------------  ASM Block 029  ---------------------
   245
   246 20C4 20 00 20			jsr @fill
   247
   248
   249 				; ------------------------------------------------------------
   250
   251 = 0088			A	= edx
   252 = 008C			COUNT	= ecx
   253 = 0084			VALUE	= eax
   254 20C7			@exit
   255 					.ifdef @new
   256 					lda <@VarData
   257 					sta :ztmp
   258 					lda >@VarData
   259 					ldy #@VarDataSize-1
   260 					jmp @FreeMem
   261 					els
   262 20C7 60				rts						; ret
   263 					eif
   264 				.endl
   265
   266 20C8			.local	PAUSE_0067					; PROCEDURE | ASSEMBLER | OVERLOAD
   267
   268 				; ---------------------  ASM Block 039  ---------------------
   269
   270 20C8 A5 14 C5 14 F0 FC		lda:cmp:req :rtclok+2
   271
   272 20CE			@exit
   273 					.ifdef @new
   274 					lda <@VarData
   275 					sta :ztmp
   276 					lda >@VarData
   277 					ldy #@VarDataSize-1
   278 					jmp @FreeMem
   279 					els
   280 20CE 60				rts						; ret
   281 					eif
   282 				.endl
   283
   284 				; ------------------------------------------------------------
   285
   286 = 0101			__PORTB_BANKS	= $0101
   287 = 0648			M_PI_2	= $0648
   288 = 0192			D_PI_2	= $0192
   289 = 0004			D_PI_180	= $04
   290 = 0000			MGTIA	= $00
   291 = 0080			MVBXE	= $80
   292 = 0000			VBXE_XDLADR	= $00
   293 = 0100			VBXE_BCBADR	= $0100
   294 = 1000			VBXE_MAPADR	= $1000
   295 = 5000			VBXE_OVRADR	= $5000
   296 = B000			VBXE_WINDOW	= $B000
   297 = 0000			IDLI	= $00
   298 = 0001			IVBL	= $01
   299 = 00FE			CH_DELCHR	= $FE
   300 = 009B			CH_ENTER	= $9B
   301 = 001B			CH_ESC	= $1B
   302 = 001C			CH_CURS_UP	= $1C
   303 = 001D			CH_CURS_DOWN	= $1D
   304 = 001E			CH_CURS_LEFT	= $1E
   305 = 001F			CH_CURS_RIGHT	= $1F
   306 = 007F			CH_TAB	= $7F
   307 = 009B			CH_EOL	= $9B
   308 = 007D			CH_CLR	= $7D
   309 = 00FD			CH_BELL	= $FD
   310 = 007E			CH_DEL	= $7E
   311 = 009C			CH_DELLINE	= $9C
   312 = 009D			CH_INSLINE	= $9D
   313 = 0000			COLOR_BLACK	= $00
   314 = 000E			COLOR_WHITE	= $0E
   315 = 0032			COLOR_RED	= $32
   316 = 0096			COLOR_CYAN	= $96
   317 = 0068			COLOR_VIOLET	= $68
   318 = 00C4			COLOR_GREEN	= $C4
   319 = 0074			COLOR_BLUE	= $74
   320 = 00EE			COLOR_YELLOW	= $EE
   321 = 0028			COLOR_ORANGE	= $28
   322 = 00E4			COLOR_BROWN	= $E4
   323 = 003C			COLOR_LIGHTRED	= $3C
   324 = 0004			COLOR_GRAY1	= $04
   325 = 0006			COLOR_GRAY2	= $06
   326 = 000A			COLOR_GRAY3	= $0A
   327 = 00CC			COLOR_LIGHTGREEN	= $CC
   328 = 007C			COLOR_LIGHTBLUE	= $7C
   329 = 0004			FMOPENREAD	= $04
   330 = 0008			FMOPENWRITE	= $08
   331 = 0009			FMOPENAPPEND	= $09
   332 = 000C			FMOPENREADWRITE	= $0C
   333 = 244C			SCREENWIDTH	= DATAORIGIN+$0000
   334 = 244E			SCREENHEIGHT	= DATAORIGIN+$0002
   335 = 2450			DATESEPARATOR	= DATAORIGIN+$0004
   336 = D014			TVSYSTEM	= $D014
   337 = D20A			RND	= $D20A
   338 = 02C0			adr.PALETTE	= $02C0
   339 20CF			.var PALETTE	= adr.PALETTE .word
   340 = D012			adr.HPALETTE	= $D012
   341 20CF			.var HPALETTE	= adr.HPALETTE .word
   342 = 2451			FILEMODE	= DATAORIGIN+$0005
   343 = 2452			GRAPHMODE	= DATAORIGIN+$0006
   344 = 2453			IORESULT	= DATAORIGIN+$0007
   345 = 2454			EOLN	= DATAORIGIN+$0008
   346 = 2455			RNDSEED	= DATAORIGIN+$0009
   347
   348 = 20CF C0 02		PALETTE
   348 = 20D1 12 D0		HPALETTE
   348 				.endl							; UNIT SYSTEM
   349
   350 				; ------------------------------------------------------------
   351
   352 20D3			.local	GLOBALS						; UNIT
   353
   354 				; ------------------------------------------------------------
   355
   356 = 1000			PM_ADR	= $1000
   357 = 1300			M0_ADR	= $1300
   358 = 1400			P0_ADR	= $1400
   359 = 1500			P1_ADR	= $1500
   360 = 1000			GFX_SHIP_ADR	= $1000
   361 = 0008			GFX_SHIP_SEG	= $08
   362 = 1800			GFX_FONTS_ADR	= $1800
   363 = 1100			DL_2	= $1100
   364 = EC3F			GAME_LMS	= $EC3F
   365 = E000			GAME_LMS_END	= $E000
   366 = 0011			GAME_SCREEN_ROWS	= $11
   367 = 0E0E			SHIP_COL	= $0E0E
   368 = 0030			SHIP_LEFT_LIMIT	= $30
   369 = 00B0			SHIP_RIGHT_LIMIT	= $B0
   370 = 0020			SHIP_TOP_LIMIT	= $20
   371 = 00A8			SHIP_BOTTOM_LIMIT	= $A8
   372 = 0202			SHIP_X_STEP	= $0202
   373 = 0004			SHIP_Y_STEP	= $04
   374 = 0008			JOY_LEFT	= $08
   375 = 0004			JOY_RIGHT	= $04
   376 = 0002			JOY_UP	= $02
   377 = 0001			JOY_DOWN	= $01
   378 = 0014			RTCLOK	= $14
   379 = D000			HPOSP0	= $D000
   380 = D001			HPOSP1	= $D001
   381 = D004			HPOSM0	= $D004
   382 = D005			HPOSM1	= $D005
   383 = D006			HPOSM2	= $D006
   384 = D007			HPOSM3	= $D007
   385 = D008			SIZEP0	= $D008
   386 = D009			SIZEP1	= $D009
   387 = D00A			SIZEP2	= $D00A
   388 = D00B			SIZEP3	= $D00B
   389 = D00C			SIZEM	= $D00C
   390 = D010			GRAFP3	= $D010
   391 = D010			TRIG0	= $D010
   392 = D011			GRAFM	= $D011
   393 = D012			COLPM0	= $D012
   394 = D013			COLPM1	= $D013
   395 = D014			COLPM2	= $D014
   396 = D015			COLPM3	= $D015
   397 = D016			COLPF0	= $D016
   398 = D017			COLPF1	= $D017
   399 = D018			COLPF2	= $D018
   400 = D019			COLPF3	= $D019
   401 = D01A			COLBK	= $D01A
   402 = D01B			PRIOR	= $D01B
   403 = D01D			GRACTL	= $D01D
   404 = D20A			RND	= $D20A
   405 = D300			PORTA	= $D300
   406 = D301			PORTB	= $D301
   407 = D302			PACTL	= $D302
   408 = D400			DMACTL	= $D400
   409 = D402			DLIST	= $D402
   410 = D407			PMBASE	= $D407
   411 = D409			CHBAS	= $D409
   412 = D40A			WSYNC	= $D40A
   413 = D40B			VCOUNT	= $D40B
   414 = D40E			NMIEN	= $D40E
   415 = FFFA			NMIVEC	= $FFFA
   416 = D000			HPOSP01	= $D000
   417 = D008			SIZEP01	= $D008
   418 = D012			COLPM01	= $D012
   419 = 1104			WDL2LMS	= $1104
   420 = 00FF			BTMP1	= $FF
   421 = 00FE			BTMP2	= $FE
   422 = 00FD			B1I	= $FD
   423 = 00FC			B2I	= $FC
   424 = 00FA			WTMP1	= $FA
   425 = 00F8			WTMP2	= $F8
   426 = 00F6			WTMP3	= $F6
   427 = 00F4			WTMP4	= $F4
   428 = 00F3			ODDCOUNTER	= $F3
   429 = 00F2			ISFIRETIME	= $F2
   430
   431 				.endl							; UNIT GLOBALS
   432
   433 				; ------------------------------------------------------------
   434
   435 20D3			.local	SYS						; UNIT
   436
   437 20D3			.local	NMI						; PROCEDURE | ASSEMBLER | INTERRUPT
   438
   439 				; ---------------------  ASM Block 049  ---------------------
   440
   441
   442 				      bit NMIST \ bpl vbi     ; check kind of interrupt
   442 20D3 2C 0F D4		      BIT NMIST 
   442 20D6 10 03		 BPL VBI     
   443 = 20D8			.def  :__dlijmp
   444 20D8 4C E0 20		      jmp __off               ; VDSLST
   445 20DB E6 14		vbi:  inc RTCLOK+2
   446 = 20DD			.def  :__vbijmp
   447 20DD 4C E0 20		      jmp __off               ; VBIVEC
   448 = 20E0			.def  :__off
   449
   450 20E0 40				rti						; ret
   451 				.endl
   452
   453 20E1			.local	SETVBI						; PROCEDURE | ASSEMBLER
   454
   455 				; ------------------------------------------------------------
   456
   457 				; Generate Assignment for WORD / SMALLINT / SHORTREAL / POINTER
   458 				; as Pointer
   459 20E1 B5 98			lda :STACKORIGIN,x
   460 20E3 8D 57 24			sta A
   461 20E6 B5 A8			lda :STACKORIGIN+STACKWIDTH,x
   462 20E8 8D 58 24			sta A+1
   463 20EB CA				dex
   464
   465 				; ---------------------  ASM Block 050  ---------------------
   466
   467
   468 20EC AD 57 24 8D DE 20 +   mwa a __vbijmp+1
   469
   470
   471 				; ------------------------------------------------------------
   472
   473 = 2457			A	= DATAORIGIN+$000B
   474
   475 = 2457			@VarData	= A
   476 = 0002			@VarDataSize	= 2
   477
   478 20F8			@exit
   479 					.ifdef @new
   480 					lda <@VarData
   481 					sta :ztmp
   482 					lda >@VarData
   483 					ldy #@VarDataSize-1
   484 					jmp @FreeMem
   485 					els
   486 20F8 60				rts						; ret
   487 					eif
   488 				.endl
   489
   490 20F9			.local	SETDLI						; PROCEDURE | ASSEMBLER
   491
   492 				; ------------------------------------------------------------
   493
   494 				; Generate Assignment for WORD / SMALLINT / SHORTREAL / POINTER
   495 				; as Pointer
   496 20F9 B5 98			lda :STACKORIGIN,x
   497 20FB 8D 59 24			sta A
   498 20FE B5 A8			lda :STACKORIGIN+STACKWIDTH,x
   499 2100 8D 5A 24			sta A+1
   500 2103 CA				dex
   501
   502 				; ---------------------  ASM Block 051  ---------------------
   503
   504
   505 2104 AD 59 24 8D D9 20 +   mwa a __dlijmp+1
   506
   507
   508 				; ------------------------------------------------------------
   509
   510 = 2459			A	= DATAORIGIN+$000D
   511
   512 = 2459			@VarData	= A
   513 = 0002			@VarDataSize	= 2
   514
   515 2110			@exit
   516 					.ifdef @new
   517 					lda <@VarData
   518 					sta :ztmp
   519 					lda >@VarData
   520 					ldy #@VarDataSize-1
   521 					jmp @FreeMem
   522 					els
   523 2110 60				rts						; ret
   524 					eif
   525 				.endl
   526
   527 2111			.local	SYSTEMOFF					; PROCEDURE
   528
   529 				; ---------------------  ASM Block 054  ---------------------
   530
   531 2111 78			 sei 
   532
   533 				; optimize OK (SYS), line = 63
   534
   535 2112 A9 00			lda #$00
   536 2114 8D 0E D4			sta GLOBALS.NMIEN
   537 2117 A9 FE			lda #$FE
   538 2119 8D 01 D3			sta GLOBALS.PORTB
   539 211C A9 D3			lda <NMI
   540 211E 8D FA FF			sta GLOBALS.NMIVEC
   541 2121 A9 20			lda >NMI
   542 2123 8D FB FF			sta GLOBALS.NMIVEC+1
   543 2126 A9 C0			lda #$C0
   544 2128 8D 0E D4			sta GLOBALS.NMIEN
   545 212B			@exit
   546 					.ifdef @new
   547 					lda <@VarData
   548 					sta :ztmp
   549 					lda >@VarData
   550 					ldy #@VarDataSize-1
   551 					jmp @FreeMem
   552 					els
   553 212B 60				rts						; ret
   554 					eif
   555 				.endl
   556
   557 				; ------------------------------------------------------------
   558 				; ------------------------------------------------------------
   559 212C			@UnitInit
   560
   561 212C 60				rts
   562
   563 				; ------------------------------------------------------------
   564
   565 				.endl							; UNIT SYS
   566
   567 				; ------------------------------------------------------------
   568
   569 212D			.local	GR						; UNIT
   570
   571 212D			.local	MODE2						; PROCEDURE
   572
   573 				; optimize OK (GR), line = 17
   574
   575 212D A9 00			lda #$00
   576 212F 8D 02 D4			sta GLOBALS.DLIST
   577 2132 A9 11			lda #$11
   578 2134 8D 03 D4			sta GLOBALS.DLIST+1
   579 2137			@exit
   580 					.ifdef @new
   581 					lda <@VarData
   582 					sta :ztmp
   583 					lda >@VarData
   584 					ldy #@VarDataSize-1
   585 					jmp @FreeMem
   586 					els
   587 2137 60				rts						; ret
   588 					eif
   589 				.endl
   590
   591 				; ------------------------------------------------------------
   592 				; ------------------------------------------------------------
   593 2138			@UnitInit
   594
   595 2138 60				rts
   596
   597 				; ------------------------------------------------------------
   598
   599 				.endl							; UNIT GR
   600
   601 				; ------------------------------------------------------------
   602
   603 2139			.local	SPRITES						; UNIT
   604
   605 2139			.local	COPYSHIP					; PROCEDURE | ASSEMBLER
   606
   607 				; ---------------------  ASM Block 055  ---------------------
   608
   609
   610 				        txa \ pha
   610 2139 8A			        TXA 
   610 213A 48			 PHA
   611
   612 213B A2 14		        ldx #>P0_ADR
   613 213D 86 FB		        stx GLOBALS.WTMP1+1
   614 213F E8			        inx
   615 2140 86 F9		        stx GLOBALS.WTMP2+1
   616
   617 2142 A6 02		        ldx BSHIPY
   618 2144 86 FA		        stx GLOBALS.WTMP1
   619 2146 86 F8		        stx GLOBALS.WTMP2
   620
   621 				        ;move
   622 2148 A0 07		        ldy #GFX_SHIP_SEG-1
   623 214A B9 00 10 91 FA	@:      mva GFX_SHIP_ADR,y (GLOBALS.WTMP1),y
   624 214F B9 08 10 91 F8	        mva GFX_SHIP_ADR+GFX_SHIP_SEG,y (GLOBALS.WTMP2),y
   625 2154 88			        dey
   626 2155 10 F3		        bpl @-
   627
   628 				        ;clear
   629 2157 A5 06		        lda JOY.JOYDIRECTION
   630 2159 29 03		        and #%0011
   631 215B C9 01		        cmp #JOY_DOWN
   632 215D F0 06		        beq @+
   633 215F 8A			        txa
   634 2160 18 69 08		        add #SHIP_Y_STEP*2
   635 2163 D0 04		        bne @+1
   636 2165 8A			@:      txa
   637 2166 38 E9 04		        sub #SHIP_Y_STEP
   638 2169 85 FA		@:      sta GLOBALS.WTMP1
   639 216B 85 F8		        sta GLOBALS.WTMP2
   640
   641 216D A9 00		        lda #0
   642 216F A0 03		        ldy #GFX_SHIP_SEG-SHIP_Y_STEP-1
   643 2171 91 FA		@:      sta (GLOBALS.WTMP1),y
   644 2173 91 F8		        sta (GLOBALS.WTMP2),y
   645 2175 88			        dey
   646 2176 10 F9		        bpl @-
   647
   648 				        pla \ tax
   648 2178 68			        PLA 
   648 2179 AA			 TAX
   649
   650 217A			@exit
   651 					.ifdef @new
   652 					lda <@VarData
   653 					sta :ztmp
   654 					lda >@VarData
   655 					ldy #@VarDataSize-1
   656 					jmp @FreeMem
   657 					els
   658 217A 60				rts						; ret
   659 					eif
   660 				.endl
   661
   662 217B			.local	INIT						; PROCEDURE
   663
   664 				; optimize OK (SPRITES), line = 72
   665
   666 217B				.LOCAL
   667 217B A0 00			ldy #$00
   668 217D 98				tya
   669 217E 99 00 13 99 80 13 + fill	:10 sta $1300+#*$80,y
   670 219C C8				iny
   671 219D 10 DF			bpl fill
   672 					.ENDL
   673
   674 				; optimize OK (SPRITES), line = 73
   675
   676 219F A0 70			ldy #256-$90
   677 21A1 A9 FF			lda #$FF
   678 21A3 99 B0 12 C8 D0 FA		sta:rne $1320+$90-256,y+
   679
   680 				; optimize OK (SPRITES), line = 75
   681
   682 21A9 A9 10			lda #$10
   683 21AB 8D 07 D4			sta GLOBALS.PMBASE
   684
   685 				; optimize OK (SPRITES), line = 76
   686
   687 21AE A9 0A			lda #$0A
   688 21B0 8D 15 D0			sta GLOBALS.COLPM3
   689 21B3 A9 0E			lda #$0E
   690 21B5 8D 12 D0			sta GLOBALS.COLPM01
   691 21B8 8D 13 D0			sta GLOBALS.COLPM01+1
   692
   693 				; optimize OK (SPRITES), line = 77
   694
   695 21BB A9 30			lda #$30
   696 21BD 85 00			sta BHPOSP0
   697 21BF A9 38			lda #$38
   698 21C1 85 01			sta BHPOSP1
   699 21C3 A5 00			lda WSHIPX
   700 21C5 8D 00 D0			sta GLOBALS.HPOSP01
   701 21C8 A5 01			lda WSHIPX+1
   702 21CA 8D 01 D0			sta GLOBALS.HPOSP01+1
   703
   704 				; optimize OK (SPRITES), line = 78
   705
   706 21CD A9 50			lda #$50
   707 21CF 85 02			sta BSHIPY
   708 21D1 A9 00			lda #$00
   709 21D3 8D 08 D0			sta GLOBALS.SIZEP01
   710 21D6 8D 09 D0			sta GLOBALS.SIZEP01+1
   711 21D9 8D 0C D0			sta GLOBALS.SIZEM
   712 21DC 8D 1B D0			sta GLOBALS.PRIOR
   713 21DF A9 03			lda #$03
   714 21E1 8D 1D D0			sta GLOBALS.GRACTL
   715
   716 				; optimize FAIL ('COPYSHIP', SPRITES), line = 80
   717
   718 21E4 20 39 21			jsr COPYSHIP
   719 21E7			@exit
   720 					.ifdef @new
   721 					lda <@VarData
   722 					sta :ztmp
   723 					lda >@VarData
   724 					ldy #@VarDataSize-1
   725 					jmp @FreeMem
   726 					els
   727 21E7 60				rts						; ret
   728 					eif
   729 				.endl
   730
   731 				; ------------------------------------------------------------
   732 				; ------------------------------------------------------------
   733 21E8			@UnitInit
   734
   735 21E8 60				rts
   736
   737 				; ------------------------------------------------------------
   738
   739 = 0000			BHPOSP0	= $00
   740 = 0001			BHPOSP1	= $01
   741 = 0002			BSHIPY	= $02
   742 = 0003			BCANNONX	= $03
   743 = 0000			WSHIPX	= $00
   744 = 0004			WCANNONY	= $04
   745
   746 				.endl							; UNIT SPRITES
   747
   748 				; ------------------------------------------------------------
   749
   750 21E9			.local	JOY						; UNIT
   751
   752 21E9			.local	MOVESHIP					; PROCEDURE
   753
   754 				; optimize OK (JOY), line = 20
   755
   756 21E9 A9 0C			lda #$0C
   757 21EB 85 FF			sta GLOBALS.BTMP1
   758
   759 				; optimize OK (JOY), line = 21
   760
   761 21ED A9 01			lda #$01
   762 21EF 85 FD			sta GLOBALS.B1I
   763
   764 21F1			l_00D7
   765 				; --- ForToDoCondition
   766
   767 				; optimize OK (JOY), line = 22
   768
   769 21F1 A5 06			lda JOYDIRECTION
   770 21F3 25 FF			and GLOBALS.BTMP1
   771 21F5 8D 5B 24			sta @CASETMP_0003
   772 21F8 C9 04			cmp #$04
   773 21FA D0 22			jne l_00F6
   774 21FC			@
   775
   776 				; optimize OK (JOY), line = 24
   777
   778 21FC A5 01			lda SPRITES.BHPOSP1
   779 21FE C9 B0			cmp #$B0
   780 2200 B0 19			jcs l_0108
   781
   782 				; optimize OK (JOY), line = 25
   783
   784 2202 A5 00			lda SPRITES.WSHIPX
   785 2204 18 69 02			add #$02
   786 2207 85 00			sta SPRITES.WSHIPX
   787 2209 A5 01			lda SPRITES.WSHIPX+1
   788 220B 69 02			adc #$02
   789 220D 85 01			sta SPRITES.WSHIPX+1
   790 220F E6 03			inc SPRITES.BCANNONX
   791
   792 				; optimize OK (JOY), line = 26
   793
   794 2211 A5 00			lda SPRITES.WSHIPX
   795 2213 8D 00 D0			sta GLOBALS.HPOSP01
   796 2216 A5 01			lda SPRITES.WSHIPX+1
   797 2218 8D 01 D0			sta GLOBALS.HPOSP01+1
   798 221B			l_0108
   799
   800 221B 4C 81 22			jmp a_0003
   801 221E			l_00F6
   802 221E C9 08			cmp #$08
   803 2220 D0 22			jne l_011E
   804 2222			@
   805
   806 				; optimize OK (JOY), line = 30
   807
   808 2222 A5 00			lda SPRITES.BHPOSP0
   809 2224 C9 31			cmp #$31
   810 2226 90 19			jcc l_0130
   811
   812 				; optimize OK (JOY), line = 31
   813
   814 2228 A5 00			lda SPRITES.WSHIPX
   815 222A 38 E9 02			sub #$02
   816 222D 85 00			sta SPRITES.WSHIPX
   817 222F A5 01			lda SPRITES.WSHIPX+1
   818 2231 E9 02			sbc #$02
   819 2233 85 01			sta SPRITES.WSHIPX+1
   820 2235 C6 03			dec SPRITES.BCANNONX
   821
   822 				; optimize OK (JOY), line = 32
   823
   824 2237 A5 00			lda SPRITES.WSHIPX
   825 2239 8D 00 D0			sta GLOBALS.HPOSP01
   826 223C A5 01			lda SPRITES.WSHIPX+1
   827 223E 8D 01 D0			sta GLOBALS.HPOSP01+1
   828 2241			l_0130
   829
   830 2241 4C 81 22			jmp a_0003
   831 2244			l_011E
   832 2244 C9 02			cmp #$02
   833 2246 D0 1C			jne l_0146
   834 2248			@
   835
   836 				; optimize OK (JOY), line = 36
   837
   838 2248 A5 02			lda SPRITES.BSHIPY
   839 224A C9 21			cmp #$21
   840 224C 90 13			jcc l_0158
   841
   842 				; optimize OK (JOY), line = 37
   843
   844 224E 38 E9 04			sub #$04
   845 2251 85 02			sta SPRITES.BSHIPY
   846 2253 A5 04			lda SPRITES.WCANNONY
   847 2255 38 E9 14			sub #$14
   848 2258 85 04			sta SPRITES.WCANNONY
   849 225A B0 02			scs
   850 225C C6 05			dec SPRITES.WCANNONY+1
   851
   852 				; optimize FAIL ('SPRITES.COPYSHIP', JOY), line = 38
   853
   854 225E 20 39 21			jsr SPRITES.COPYSHIP
   855 2261			l_0158
   856
   857 2261 4C 81 22			jmp a_0003
   858 2264			l_0146
   859 2264 C9 01			cmp #$01
   860 2266 D0 19			jne l_0167
   861 2268			@
   862
   863 				; optimize OK (JOY), line = 42
   864
   865 2268 A5 02			lda SPRITES.BSHIPY
   866 226A C9 A8			cmp #$A8
   867 226C B0 13			jcs l_0179
   868
   869 				; optimize OK (JOY), line = 43
   870
   871 226E 18 69 04			add #$04
   872 2271 85 02			sta SPRITES.BSHIPY
   873 2273 A5 04			lda SPRITES.WCANNONY
   874 2275 18 69 14			add #$14
   875 2278 85 04			sta SPRITES.WCANNONY
   876 227A 90 02			scc
   877 227C E6 05			inc SPRITES.WCANNONY+1
   878
   879 				; optimize FAIL ('SPRITES.COPYSHIP', JOY), line = 44
   880
   881 227E 20 39 21			jsr SPRITES.COPYSHIP
   882 2281			l_0179
   883
   884 2281			l_0167
   885 2281			a_0003
   886
   887 				; optimize OK (JOY), line = 48
   888
   889 2281 A9 03			lda #$03
   890 2283 85 FF			sta GLOBALS.BTMP1
   891
   892 				; --- ForToDoEpilog
   893 2285 C6 FD			dec GLOBALS.B1I
   894 2287 30 03 4C F1 21		jpl l_00D7
   895 228C			l_00E5
   896
   897 				; ------------------------------------------------------------
   898
   899 = 0000			@FORTMP_00D4	= $00
   900 = 245B			@CASETMP_0003	= DATAORIGIN+$000F
   901
   902 = 245B			@VarData	= @CASETMP_0003
   903 = 0001			@VarDataSize	= 1
   904
   905 228C			@exit
   906 					.ifdef @new
   907 					lda <@VarData
   908 					sta :ztmp
   909 					lda >@VarData
   910 					ldy #@VarDataSize-1
   911 					jmp @FreeMem
   912 					els
   913 228C 60				rts						; ret
   914 					eif
   915 				.endl
   916
   917 				; ------------------------------------------------------------
   918 				; ------------------------------------------------------------
   919 228D			@UnitInit
   920
   921 228D 60				rts
   922
   923 				; ------------------------------------------------------------
   924
   925 = 0006			JOYDIRECTION	= $06
   926
   927 				.endl							; UNIT JOY
   928
   929 228E			.local	VBI						; PROCEDURE | INTERRUPT
   930
   931 				; ---------------------  ASM Block 056  ---------------------
   932
   933 228E 48 8A 48 98 48	 phr 
   934
   935 				; optimize OK (main.pas), line = 22
   936
   937 2293 A5 14			lda GLOBALS.RTCLOK
   938 2295 29 01			and #$01
   939 2297 85 F3			sta GLOBALS.ODDCOUNTER
   940
   941 				; optimize OK (main.pas), line = 23
   942
   943 2299 A5 14			lda GLOBALS.RTCLOK
   944 229B A0 01			ldy #1
   945 229D 29 03			and #$03
   946 229F F0 01			beq @+
   947 22A1 88				dey
   948 22A2			@
   949 22A2 98				tya
   950 22A3 85 F2			sta GLOBALS.ISFIRETIME
   951
   952 				; optimize OK (main.pas), line = 27
   953
   954 22A5 F0 25			jeq l_01B7
   955
   956 				; optimize OK (main.pas), line = 28
   957
   958 22A7 AD 10 D0			lda GLOBALS.TRIG0
   959 22AA D0 20			jne l_01CA
   960 22AC A5 03			lda SPRITES.BCANNONX
   961 22AE 4A				lsr @
   962 22AF 18 6D 04 11			add GLOBALS.WDL2LMS
   963 22B3 85 A1			sta :STACKORIGIN+9
   964 22B5 AD 05 11			lda GLOBALS.WDL2LMS+1
   965 22B8 69 00			adc #$00
   966 22BA 85 B1			sta :STACKORIGIN+STACKWIDTH+9
   967 22BC A5 A1			lda :STACKORIGIN+9
   968 22BE 18 65 04			add SPRITES.WCANNONY
   969 22C1 A8				tay
   970 22C2 A5 B1			lda :STACKORIGIN+STACKWIDTH+9
   971 22C4 65 05			adc SPRITES.WCANNONY+1
   972 22C6 85 91			sta :bp+1
   973 22C8 A9 02			lda #$02
   974 22CA 91 90			sta (:bp),y
   975 22CC			l_01CA
   976 22CC			l_01B7
   977
   978 				; optimize OK (main.pas), line = 31
   979
   980 22CC AD 05 11			lda GLOBALS.WDL2LMS+1
   981 22CF C9 E0			cmp #$E0
   982 22D1 90 17			jcc l_01F3
   983 22D3 D0 07			bne @+
   984 22D5 AD 04 11			lda GLOBALS.WDL2LMS
   985 22D8 C9 01			cmp #$01
   986 22DA 90 0E			jcc l_01F3
   987 22DC			@
   988 22DC AD 04 11 D0 03 CE + 	dew GLOBALS.WDL2LMS
   989 22E7 4C F4 22			jmp l_0201
   990 22EA			l_01F3
   991 22EA A9 3F			lda #$3F
   992 22EC 8D 04 11			sta GLOBALS.WDL2LMS
   993 22EF A9 EC			lda #$EC
   994 22F1 8D 05 11			sta GLOBALS.WDL2LMS+1
   995 22F4			l_0201
   996
   997 				; optimize OK (main.pas), line = 33
   998
   999 22F4 AD 04 11			lda GLOBALS.WDL2LMS
  1000 22F7 85 FA			sta GLOBALS.WTMP1
  1001 22F9 AD 05 11			lda GLOBALS.WDL2LMS+1
  1002 22FC 85 FB			sta GLOBALS.WTMP1+1
  1003
  1004 				; ---------------------  ASM Block 057  ---------------------
  1005
  1006
  1007 22FE A2 11		        ldx #GAME_SCREEN_ROWS
  1008 2300 A0 00		        ldy #0
  1009 2302 98			  @:    tya
  1010 2303 91 FA		        sta (GLOBALS.WTMP1),y
  1011 2305 A5 FA		        lda GLOBALS.WTMP1
  1012 2307 18 69 28		        add #40
  1013 230A 85 FA		        sta GLOBALS.WTMP1
  1014 230C 90 02		        bcc @+
  1015 230E E6 FB		        inc GLOBALS.WTMP1+1
  1016 2310 CA			  @:    dex
  1017 2311 10 EF		        bpl @-1
  1018 				  
  1019
  1020 				; ---------------------  ASM Block 058  ---------------------
  1021
  1022 2313 68 A8 68 AA 68	 plr 
  1023 2318 40				rti						; ret
  1024 				.endl
  1025
  1026 2319			.local	JOYHANDLER					; PROCEDURE | INTERRUPT
  1027
  1028 				; ---------------------  ASM Block 059  ---------------------
  1029
  1030 2319 48 8A 48 98 48	 phr 
  1031
  1032 				; optimize OK (main.pas), line = 57
  1033
  1034 231E A5 F3			lda GLOBALS.ODDCOUNTER
  1035 2320 D0 05			jne l_021D
  1036 2322 AD 00 D3			lda GLOBALS.PORTA
  1037 2325 85 06			sta JOY.JOYDIRECTION
  1038 2327			l_021D
  1039 2327 20 E9 21			jsr JOY.MOVESHIP
  1040
  1041 				; optimize FAIL ('SYS.SETDLI', main.pas), line = 59
  1042
  1043 232A E8				inx
  1044 232B AD 5E 24 95 98		mva PSTARS :STACKORIGIN,x
  1045 2330 AD 5F 24 95 A8		mva PSTARS+1 :STACKORIGIN+STACKWIDTH,x
  1046 2335 20 F9 20			jsr SYS.SETDLI
  1047
  1048 				; ---------------------  ASM Block 060  ---------------------
  1049
  1050 2338 68 A8 68 AA 68	 plr 
  1051 233D 40				rti						; ret
  1052 				.endl
  1053
  1054 233E			.local	STARS						; PROCEDURE | INTERRUPT
  1055
  1056 				; ---------------------  ASM Block 061  ---------------------
  1057
  1058 233E 48 8A 48 98 48	 phr 
  1059
  1060 				; optimize OK (main.pas), line = 68
  1061
  1062 2343 A9 7C			lda #$7C
  1063 2345 85 FD			sta GLOBALS.B1I
  1064
  1065 2347			l_0237
  1066 				; --- ForToDoCondition
  1067
  1068 				; ---------------------  ASM Block 062  ---------------------
  1069
  1070 2347 8D 0A D4		 sta WSYNC 
  1071
  1072 				; optimize OK (main.pas), line = 70
  1073
  1074 234A A4 FD			ldy GLOBALS.B1I
  1075 234C B9 00 12			lda adr.ASTARS,y
  1076 234F 8D 07 D0			sta GLOBALS.HPOSM3
  1077
  1078 				; optimize OK (main.pas), line = 71
  1079
  1080 2352 B9 00 12			lda adr.ASTARS,y
  1081 2355 38 F9 7D 12			sub adr.ASPEED,y
  1082 2359 99 00 12			sta adr.ASTARS,y
  1083
  1084 				; optimize OK (main.pas), line = 72
  1085
  1086 235C AD 0A D2			lda SYSTEM.RND
  1087 235F 8D 15 D0			sta GLOBALS.COLPM3
  1088
  1089 				; --- ForToDoEpilog
  1090 2362 C6 FD			dec GLOBALS.B1I
  1091 2364 10 E1			jpl l_0237
  1092 2366			l_0245
  1093
  1094 				; optimize FAIL ('SYS.SETDLI', main.pas), line = 75
  1095
  1096 2366 E8				inx
  1097 2367 AD 5C 24 95 98		mva PJOY :STACKORIGIN,x
  1098 236C AD 5D 24 95 A8		mva PJOY+1 :STACKORIGIN+STACKWIDTH,x
  1099 2371 20 F9 20			jsr SYS.SETDLI
  1100
  1101 				; ---------------------  ASM Block 063  ---------------------
  1102
  1103 2374 68 A8 68 AA 68	 plr 
  1104
  1105 				; ------------------------------------------------------------
  1106
  1107 = 0000			@FORTMP_0234	= $00
  1108 2379 40				rti						; ret
  1109 				.endl
  1110
  1111 237A			.local	INIT						; PROCEDURE
  1112
  1113 				; optimize FAIL ('SYSTEM.PAUSE_0067', main.pas), line = 82
  1114
  1115 237A 20 C8 20			jsr SYSTEM.PAUSE_0067
  1116 237D A9 00			lda #$00
  1117 237F 8D 00 D4			sta GLOBALS.DMACTL
  1118 2382 20 11 21			jsr SYS.SYSTEMOFF
  1119
  1120 				; optimize OK (main.pas), line = 84
  1121
  1122 2385 A9 18			lda #$18
  1123 2387 8D 09 D4			sta GLOBALS.CHBAS
  1124
  1125 				; optimize OK (main.pas), line = 86
  1126
  1127 238A A9 3F			lda #$3F
  1128 238C 85 88			sta :edx
  1129 238E A9 EC			lda #$EC
  1130 2390 85 89			sta :edx+1
  1131 2392 A9 C0			lda #$C0
  1132 2394 85 8C			sta :ecx
  1133 2396 A9 03			lda #$03
  1134 2398 85 8D			sta :ecx+1
  1135 239A A9 00			lda #$00
  1136 239C 85 84			sta :eax
  1137 239E 20 00 20			jsr @fill
  1138
  1139 				; optimize OK (main.pas), line = 88
  1140
  1141 23A1 A9 7C			lda #$7C
  1142 23A3 85 FD			sta GLOBALS.B1I
  1143
  1144 23A5			l_0280
  1145 				; --- ForToDoCondition
  1146
  1147 				; optimize OK (main.pas), line = 89
  1148
  1149 23A5 A4 FD			ldy GLOBALS.B1I
  1150 23A7 AD 0A D2			lda SYSTEM.RND
  1151 23AA 99 00 12			sta adr.ASTARS,y
  1152
  1153 				; optimize OK (main.pas), line = 90
  1154
  1155 23AD 29 03			and #$03
  1156 23AF 18 69 01			add #$01
  1157 23B2 99 7D 12			sta adr.ASPEED,y
  1158
  1159 				; --- ForToDoEpilog
  1160 23B5 C6 FD			dec GLOBALS.B1I
  1161 23B7 10 EC			jpl l_0280
  1162 23B9			l_028E
  1163
  1164 				; optimize OK (main.pas), line = 93
  1165
  1166 23B9 AD 02 D3			lda GLOBALS.PACTL
  1167 23BC 09 04			ora #$04
  1168 23BE 8D 02 D3			sta GLOBALS.PACTL
  1169 23C1 20 7B 21			jsr SPRITES.INIT
  1170 23C4 20 2D 21			jsr GR.MODE2
  1171
  1172 				; optimize OK (main.pas), line = 94
  1173
  1174 23C7 A9 00			lda #$00
  1175 23C9 8D 1A D0			sta GLOBALS.COLBK
  1176 23CC 8D 16 D0			sta GLOBALS.COLPF0
  1177 23CF A9 0F			lda #$0F
  1178 23D1 8D 17 D0			sta GLOBALS.COLPF1
  1179 23D4 A9 02			lda #$02
  1180 23D6 8D 18 D0			sta GLOBALS.COLPF2
  1181 23D9 A9 00			lda #$00
  1182 23DB 8D 19 D0			sta GLOBALS.COLPF3
  1183
  1184 				; optimize OK (main.pas), line = 95
  1185
  1186 23DE A9 19			lda <JOYHANDLER
  1187 23E0 8D 5C 24			sta PJOY
  1188 23E3 A9 23			lda >JOYHANDLER
  1189 23E5 8D 5D 24			sta PJOY+1
  1190 23E8 A9 3E			lda <STARS
  1191 23EA 8D 5E 24			sta PSTARS
  1192 23ED A9 23			lda >STARS
  1193 23EF 8D 5F 24			sta PSTARS+1
  1194
  1195 				; optimize OK (main.pas), line = 97
  1196
  1197 23F2 A9 06			lda #$06
  1198 23F4 85 03			sta SPRITES.BCANNONX
  1199 23F6 A9 03			lda #$03
  1200 23F8 85 8C			sta :ecx
  1201 23FA A5 02			lda SPRITES.BSHIPY
  1202 23FC 85 84			sta :eax
  1203 					.ifdef fmulinit
  1204 					fmulu_8
  1205 					els
  1206 23FE 20 48 20			imulCL
  1207 					eif
  1208 2401 A5 84			lda :eax
  1209 2403 85 04			sta SPRITES.WCANNONY
  1210 2405 A5 85			lda :eax+1
  1211 2407 85 05			sta SPRITES.WCANNONY+1
  1212
  1213 				; optimize FAIL ('SYS.SETVBI', main.pas), line = 99
  1214
  1215 2409 E8				inx
  1216 240A A9 8E 95 98			mva <VBI :STACKORIGIN,x
  1217 240E A9 22 95 A8			mva >VBI :STACKORIGIN+STACKWIDTH,x
  1218 2412 20 E1 20			jsr SYS.SETVBI
  1219
  1220 				; optimize FAIL ('SYS.SETDLI', main.pas), line = 100
  1221
  1222 2415 E8				inx
  1223 2416 A9 19 95 98			mva <JOYHANDLER :STACKORIGIN,x
  1224 241A A9 23 95 A8			mva >JOYHANDLER :STACKORIGIN+STACKWIDTH,x
  1225 241E 20 F9 20			jsr SYS.SETDLI
  1226
  1227 				; optimize FAIL ('SYSTEM.PAUSE_0067', main.pas), line = 102
  1228
  1229 2421 20 C8 20			jsr SYSTEM.PAUSE_0067
  1230 2424 A9 3E			lda #$3E
  1231 2426 8D 00 D4			sta GLOBALS.DMACTL
  1232
  1233 				; ------------------------------------------------------------
  1234
  1235 = 0000			@FORTMP_027D	= $00
  1236 2429			@exit
  1237 					.ifdef @new
  1238 					lda <@VarData
  1239 					sta :ztmp
  1240 					lda >@VarData
  1241 					ldy #@VarDataSize-1
  1242 					jmp @FreeMem
  1243 					els
  1244 2429 60				rts						; ret
  1245 					eif
  1246 				.endl
  1247 242A			l_0007
  1248
  1249 				; optimize FAIL ('INIT', main.pas), line = 106
  1250
  1251 242A 20 7A 23			jsr INIT
  1252
  1253 				; --- RepeatUntilProlog
  1254 242D			l_02EB
  1255
  1256 				; optimize OK (main.pas), line = 107
  1257
  1258 242D 4C 2D 24			jmp l_02EB
  1259
  1260 				; ------------------------------------------------------------
  1261
  1262 = 1000			PM_ADR	= $1000
  1263 = 1300			M0_ADR	= $1300
  1264 = 1400			P0_ADR	= $1400
  1265 = 1500			P1_ADR	= $1500
  1266 = 1000			GFX_SHIP_ADR	= $1000
  1267 = 0008			GFX_SHIP_SEG	= $08
  1268 = 1800			GFX_FONTS_ADR	= $1800
  1269 = 1100			DL_2	= $1100
  1270 = EC3F			GAME_LMS	= $EC3F
  1271 = E000			GAME_LMS_END	= $E000
  1272 = 0011			GAME_SCREEN_ROWS	= $11
  1273 = 0E0E			SHIP_COL	= $0E0E
  1274 = 0030			SHIP_LEFT_LIMIT	= $30
  1275 = 00B0			SHIP_RIGHT_LIMIT	= $B0
  1276 = 0020			SHIP_TOP_LIMIT	= $20
  1277 = 00A8			SHIP_BOTTOM_LIMIT	= $A8
  1278 = 0202			SHIP_X_STEP	= $0202
  1279 = 0004			SHIP_Y_STEP	= $04
  1280 = 0008			JOY_LEFT	= $08
  1281 = 0004			JOY_RIGHT	= $04
  1282 = 0002			JOY_UP	= $02
  1283 = 0001			JOY_DOWN	= $01
  1284 = 1200			adr.ASTARS	= $1200
  1285 2430			.var ASTARS	= adr.ASTARS .word
  1286 = 127D			adr.ASPEED	= $127D
  1287 2430			.var ASPEED	= adr.ASPEED .word
  1288 = 245C			PJOY	= DATAORIGIN+$0010
  1289 = 245E			PSTARS	= DATAORIGIN+$0012
  1290 2430			@exit
  1291
  1292 2430 A2 00		@halt	ldx #$00
  1293 2432 9A				txs
  1294 					.ifdef MAIN.@DEFINES.ROMOFF
  1295 					inc portb
  1296 					.endif
  1297
  1298 2433 A0 01			ldy #$01
  1299
  1300 2435 60				rts
  1301
  1302 				; ------------------------------------------------------------
  1303
  1304 2436 00 00 00 00 00 00 + IOCB@COPY	:16 brk
  1305
  1306 				; ------------------------------------------------------------
  1307
  1308 2446			.local	@DEFINES
  1309 2446			ATARI
  1310 				.endl
  1311
  1312 2446			.local	@RESOURCE
  1313 				.endl
  1314
  1315 = 2446 00 12		ASTARS
  1315 = 2448 7D 12		ASPEED
  1315 				.endl							; MAIN
  1316
  1317 				; ------------------------------------------------------------
  1318 				; ------------------------------------------------------------
  1319
  1320 				.macro	UNITINITIALIZATION
  1321 				
  1322 					.ifdef MAIN.SYSTEM.@UnitInit
  1323 					jsr MAIN.SYSTEM.@UnitInit
  1324 					eif
  1325 				
  1326 					.ifdef MAIN.GLOBALS.@UnitInit
  1327 					jsr MAIN.GLOBALS.@UnitInit
  1328 					eif
  1329 				
  1330 					.ifdef MAIN.SYS.@UnitInit
  1331 					jsr MAIN.SYS.@UnitInit
  1332 					eif
  1333 				
  1334 					.ifdef MAIN.GR.@UnitInit
  1335 					jsr MAIN.GR.@UnitInit
  1336 					eif
  1337 				
  1338 					.ifdef MAIN.SPRITES.@UnitInit
  1339 					jsr MAIN.SPRITES.@UnitInit
  1340 					eif
  1341 				
  1342 					.ifdef MAIN.JOY.@UnitInit
  1343 					jsr MAIN.JOY.@UnitInit
  1344 					eif
  1345 				.endm
  1346
  1347 				; ------------------------------------------------------------
  1348
  1349 					ift .SIZEOF(MAIN.SYSTEM) > 0
  1350 					.print 'SYSTEM: ',MAIN.SYSTEM,'..',MAIN.SYSTEM+.SIZEOF(MAIN.SYSTEM)-1
  1350 				SYSTEM: $2098..$20D2
  1351 					eif
  1352
  1353 					ift .SIZEOF(MAIN.GLOBALS) > 0
  1354 					.print 'GLOBALS: ',MAIN.GLOBALS,'..',MAIN.GLOBALS+.SIZEOF(MAIN.GLOBALS)-1
  1355 					eif
  1356
  1357 					ift .SIZEOF(MAIN.SYS) > 0
  1358 					.print 'SYS: ',MAIN.SYS,'..',MAIN.SYS+.SIZEOF(MAIN.SYS)-1
  1358 				SYS: $20D3..$212C
  1359 					eif
  1360
  1361 					ift .SIZEOF(MAIN.GR) > 0
  1362 					.print 'GR: ',MAIN.GR,'..',MAIN.GR+.SIZEOF(MAIN.GR)-1
  1362 				GR: $212D..$2138
  1363 					eif
  1364
  1365 					ift .SIZEOF(MAIN.SPRITES) > 0
  1366 					.print 'SPRITES: ',MAIN.SPRITES,'..',MAIN.SPRITES+.SIZEOF(MAIN.SPRITES)-1
  1366 				SPRITES: $2139..$21E8
  1367 					eif
  1368
  1369 					ift .SIZEOF(MAIN.JOY) > 0
  1370 					.print 'JOY: ',MAIN.JOY,'..',MAIN.JOY+.SIZEOF(MAIN.JOY)-1
  1370 				JOY: $21E9..$228D
  1371 					eif
  1372
  1373 					.print 'CODE: ',CODEORIGIN,'..',MAIN.@RESOURCE-1
  1373 				CODE: $2000..$2445
  1374
  1375 				; ------------------------------------------------------------
  1376
  1377 244A				.align $04
  1378
  1379 244C			DATAORIGIN
  1380 244C-2451> 28 00 18 00 + .by  $28 $00 $18 $00 $2D $0C
  1381
  1382 = 0006			VARINITSIZE	= *-DATAORIGIN
  1383 = 0014			VARDATASIZE	= 20
  1384
  1385 = 2460			PROGRAMSTACK	= DATAORIGIN+VARDATASIZE
  1386
  1387 					.print 'DATA: ',DATAORIGIN,'..',PROGRAMSTACK
  1387 				DATA: $244C..$2460
  1388
  1389 02E0-02E1> 5C 20			run START
  1390
  1391 				; ------------------------------------------------------------
  1392
  1393 				.macro	STATICDATA
  1394 				.endm
  1395
  1396 					end
